  cache scrub  64 MiB between runs (LLC is 16 MiB shared)
matmul  N=4096  iters=1  runs=1500  seed=20260818
  weights      64.0 MiB  (writable -- pass --protect-weights to prove RO)
  result       16.0 KiB
RANGES pid=5353
RANGE weights 0xf5bb7be00000 0xf5bb7fe00000 67108864
RANGE result  0xf5bb800cb000 0xf5bb800cf000 16384
TSTART 1787258286.086
  run  1/1500     0.107 s
POINT 1 0.107448 0.164
  run  2/1500     0.107 s
POINT 2 0.107433 0.328
  run  3/1500     0.107 s
POINT 3 0.107457 0.492
  run  4/1500     0.107 s
POINT 4 0.107463 0.656
  run  5/1500     0.107 s
POINT 5 0.107378 0.820
  run  6/1500     0.107 s
POINT 6 0.107443 0.984
  run  7/1500     0.107 s
POINT 7 0.107422 1.148
  run  8/1500     0.107 s
POINT 8 0.107482 1.312
  run  9/1500     0.107 s
POINT 9 0.107467 1.476
  run 10/1500     0.108 s
POINT 10 0.107534 1.640
  run 11/1500     0.107 s
POINT 11 0.107382 1.804
  run 12/1500     0.107 s
POINT 12 0.107427 1.968
  run 13/1500     0.107 s
POINT 13 0.107412 2.131
  run 14/1500     0.107 s
POINT 14 0.107390 2.295
  run 15/1500     0.107 s
POINT 15 0.107496 2.459
  run 16/1500     0.107 s
POINT 16 0.107448 2.623
  run 17/1500     0.107 s
POINT 17 0.107468 2.787
  run 18/1500     0.107 s
POINT 18 0.107405 2.951
  run 19/1500     0.107 s
POINT 19 0.107426 3.115
  run 20/1500     0.107 s
POINT 20 0.107402 3.279
  run 21/1500     0.108 s
POINT 21 0.107506 3.443
  run 22/1500     0.107 s
POINT 22 0.107353 3.607
  run 23/1500     0.107 s
POINT 23 0.107418 3.771
  run 24/1500     0.107 s
POINT 24 0.107461 3.935
  run 25/1500     0.107 s
POINT 25 0.107408 4.099
  run 26/1500     0.107 s
POINT 26 0.107372 4.263
  run 27/1500     0.108 s
POINT 27 0.107535 4.427
  run 28/1500     0.107 s
POINT 28 0.107414 4.591
  run 29/1500     0.107 s
POINT 29 0.107485 4.755
  run 30/1500     0.107 s
POINT 30 0.107469 4.919
  run 31/1500     0.107 s
POINT 31 0.107420 5.083
  run 32/1500     0.108 s
POINT 32 0.107512 5.247
  run 33/1500     0.107 s
POINT 33 0.107469 5.411
  run 34/1500     0.107 s
POINT 34 0.107392 5.575
  run 35/1500     0.108 s
POINT 35 0.107542 5.739
  run 36/1500     0.107 s
POINT 36 0.107397 5.903
  run 37/1500     0.107 s
POINT 37 0.107481 6.067
  run 38/1500     0.107 s
POINT 38 0.107378 6.231
  run 39/1500     0.108 s
POINT 39 0.107514 6.395
  run 40/1500     0.107 s
POINT 40 0.107417 6.559
  run 41/1500     0.107 s
POINT 41 0.107408 6.723
  run 42/1500     0.107 s
POINT 42 0.107373 6.887
  run 43/1500     0.107 s
POINT 43 0.107395 7.051
  run 44/1500     0.108 s
POINT 44 0.107521 7.215
  run 45/1500     0.107 s
POINT 45 0.107448 7.379
  run 46/1500     0.107 s
POINT 46 0.107405 7.543
  run 47/1500     0.107 s
POINT 47 0.107461 7.707
  run 48/1500     0.107 s
POINT 48 0.107458 7.871
  run 49/1500     0.107 s
POINT 49 0.107391 8.035
  run 50/1500     0.107 s
POINT 50 0.107367 8.199
  run 51/1500     0.107 s
POINT 51 0.107337 8.362
  run 52/1500     0.107 s
POINT 52 0.107457 8.526
  run 53/1500     0.107 s
POINT 53 0.107422 8.690
  run 54/1500     0.107 s
POINT 54 0.107384 8.854
  run 55/1500     0.107 s
POINT 55 0.107437 9.018
  run 56/1500     0.107 s
POINT 56 0.107406 9.182
  run 57/1500     0.107 s
POINT 57 0.107444 9.346
  run 58/1500     0.107 s
POINT 58 0.107399 9.510
  run 59/1500     0.107 s
POINT 59 0.107457 9.674
  run 60/1500     0.107 s
POINT 60 0.107412 9.838
  run 61/1500     0.108 s
POINT 61 0.107580 10.002
  run 62/1500     0.107 s
POINT 62 0.107395 10.166
  run 63/1500     0.107 s
POINT 63 0.107409 10.330
  run 64/1500     0.108 s
POINT 64 0.107571 10.494
  run 65/1500     0.107 s
POINT 65 0.107431 10.659
  run 66/1500     0.107 s
POINT 66 0.107441 10.823
  run 67/1500     0.107 s
POINT 67 0.107448 10.987
  run 68/1500     0.108 s
POINT 68 0.107531 11.151
  run 69/1500     0.107 s
POINT 69 0.107408 11.315
  run 70/1500     0.107 s
POINT 70 0.107466 11.479
  run 71/1500     0.107 s
POINT 71 0.107402 11.643
  run 72/1500     0.108 s
POINT 72 0.107508 11.807
  run 73/1500     0.107 s
POINT 73 0.107433 11.971
  run 74/1500     0.107 s
POINT 74 0.107479 12.134
  run 75/1500     0.107 s
POINT 75 0.107340 12.298
  run 76/1500     0.108 s
POINT 76 0.107512 12.462
  run 77/1500     0.107 s
POINT 77 0.107479 12.626
  run 78/1500     0.108 s
POINT 78 0.107510 12.790
  run 79/1500     0.107 s
POINT 79 0.107389 12.954
  run 80/1500     0.108 s
POINT 80 0.107535 13.118
  run 81/1500     0.107 s
POINT 81 0.107397 13.282
  run 82/1500     0.107 s
POINT 82 0.107455 13.447
  run 83/1500     0.107 s
POINT 83 0.107455 13.610
  run 84/1500     0.107 s
POINT 84 0.107449 13.774
  run 85/1500     0.108 s
POINT 85 0.107558 13.939
  run 86/1500     0.107 s
POINT 86 0.107369 14.103
  run 87/1500     0.107 s
POINT 87 0.107471 14.267
  run 88/1500     0.107 s
POINT 88 0.107480 14.431
  run 89/1500     0.108 s
POINT 89 0.107591 14.595
  run 90/1500     0.107 s
POINT 90 0.107455 14.759
  run 91/1500     0.107 s
POINT 91 0.107418 14.923
  run 92/1500     0.107 s
POINT 92 0.107425 15.087
  run 93/1500     0.107 s
POINT 93 0.107462 15.251
  run 94/1500     0.107 s
POINT 94 0.107405 15.414
  run 95/1500     0.107 s
POINT 95 0.107413 15.578
  run 96/1500     0.107 s
POINT 96 0.107484 15.743
  run 97/1500     0.107 s
POINT 97 0.107445 15.906
  run 98/1500     0.107 s
POINT 98 0.107432 16.070
  run 99/1500     0.107 s
POINT 99 0.107449 16.234
  run 100/1500     0.108 s
POINT 100 0.107511 16.398
  run 101/1500     0.107 s
POINT 101 0.107348 16.562
  run 102/1500     0.107 s
POINT 102 0.107402 16.726
  run 103/1500     0.107 s
POINT 103 0.107430 16.890
  run 104/1500     0.108 s
POINT 104 0.107500 17.055
  run 105/1500     0.107 s
POINT 105 0.107462 17.218
  run 106/1500     0.107 s
POINT 106 0.107387 17.382
  run 107/1500     0.107 s
POINT 107 0.107385 17.546
  run 108/1500     0.107 s
POINT 108 0.107418 17.710
  run 109/1500     0.107 s
POINT 109 0.107451 17.874
  run 110/1500     0.108 s
POINT 110 0.107513 18.039
  run 111/1500     0.107 s
POINT 111 0.107368 18.202
  run 112/1500     0.107 s
POINT 112 0.107404 18.366
  run 113/1500     0.107 s
POINT 113 0.107464 18.530
  run 114/1500     0.108 s
POINT 114 0.107510 18.694
  run 115/1500     0.107 s
POINT 115 0.107415 18.858
  run 116/1500     0.107 s
POINT 116 0.107416 19.022
  run 117/1500     0.107 s
POINT 117 0.107386 19.186
  run 118/1500     0.107 s
POINT 118 0.107453 19.350
  run 119/1500     0.108 s
POINT 119 0.107512 19.514
  run 120/1500     0.107 s
POINT 120 0.107430 19.678
  run 121/1500     0.107 s
POINT 121 0.107372 19.842
  run 122/1500     0.107 s
POINT 122 0.107409 20.006
  run 123/1500     0.107 s
POINT 123 0.107478 20.170
  run 124/1500     0.107 s
POINT 124 0.107465 20.334
  run 125/1500     0.108 s
POINT 125 0.107522 20.498
  run 126/1500     0.107 s
POINT 126 0.107430 20.662
  run 127/1500     0.107 s
POINT 127 0.107378 20.826
  run 128/1500     0.107 s
POINT 128 0.107430 20.990
  run 129/1500     0.107 s
POINT 129 0.107394 21.154
  run 130/1500     0.107 s
POINT 130 0.107433 21.318
  run 131/1500     0.107 s
POINT 131 0.107483 21.482
  run 132/1500     0.107 s
POINT 132 0.107387 21.646
  run 133/1500     0.107 s
POINT 133 0.107475 21.810
  run 134/1500     0.107 s
POINT 134 0.107423 21.974
  run 135/1500     0.107 s
POINT 135 0.107437 22.138
  run 136/1500     0.107 s
POINT 136 0.107416 22.302
  run 137/1500     0.108 s
POINT 137 0.107615 22.466
  run 138/1500     0.107 s
POINT 138 0.107432 22.630
  run 139/1500     0.108 s
POINT 139 0.107521 22.794
  run 140/1500     0.107 s
POINT 140 0.107429 22.958
  run 141/1500     0.107 s
POINT 141 0.107363 23.122
  run 142/1500     0.107 s
POINT 142 0.107390 23.286
  run 143/1500     0.107 s
POINT 143 0.107439 23.450
  run 144/1500     0.107 s
POINT 144 0.107368 23.614
  run 145/1500     0.107 s
POINT 145 0.107458 23.778
  run 146/1500     0.107 s
POINT 146 0.107392 23.942
  run 147/1500     0.108 s
POINT 147 0.107522 24.106
  run 148/1500     0.107 s
POINT 148 0.107483 24.270
  run 149/1500     0.108 s
POINT 149 0.107549 24.434
  run 150/1500     0.107 s
POINT 150 0.107437 24.598
  run 151/1500     0.108 s
POINT 151 0.107530 24.762
  run 152/1500     0.107 s
POINT 152 0.107458 24.926
  run 153/1500     0.107 s
POINT 153 0.107425 25.090
  run 154/1500     0.107 s
POINT 154 0.107378 25.254
  run 155/1500     0.107 s
POINT 155 0.107461 25.418
  run 156/1500     0.107 s
POINT 156 0.107420 25.582
  run 157/1500     0.107 s
POINT 157 0.107394 25.746
  run 158/1500     0.108 s
POINT 158 0.107543 25.910
  run 159/1500     0.107 s
POINT 159 0.107497 26.074
  run 160/1500     0.107 s
POINT 160 0.107468 26.238
  run 161/1500     0.107 s
POINT 161 0.107415 26.402
  run 162/1500     0.107 s
POINT 162 0.107445 26.566
  run 163/1500     0.107 s
POINT 163 0.107388 26.730
  run 164/1500     0.108 s
POINT 164 0.107561 26.894
  run 165/1500     0.107 s
POINT 165 0.107483 27.058
  run 166/1500     0.107 s
POINT 166 0.107455 27.222
  run 167/1500     0.108 s
POINT 167 0.107535 27.386
  run 168/1500     0.107 s
POINT 168 0.107371 27.550
  run 169/1500     0.107 s
POINT 169 0.107350 27.714
  run 170/1500     0.107 s
POINT 170 0.107426 27.878
  run 171/1500     0.107 s
POINT 171 0.107403 28.042
  run 172/1500     0.107 s
POINT 172 0.107493 28.206
  run 173/1500     0.107 s
POINT 173 0.107332 28.370
  run 174/1500     0.108 s
POINT 174 0.107540 28.534
  run 175/1500     0.108 s
POINT 175 0.107571 28.698
  run 176/1500     0.107 s
POINT 176 0.107405 28.862
  run 177/1500     0.107 s
POINT 177 0.107451 29.026
  run 178/1500     0.107 s
POINT 178 0.107468 29.190
  run 179/1500     0.107 s
POINT 179 0.107430 29.354
  run 180/1500     0.107 s
POINT 180 0.107492 29.518
  run 181/1500     0.107 s
POINT 181 0.107392 29.682
  run 182/1500     0.107 s
POINT 182 0.107389 29.846
  run 183/1500     0.107 s
POINT 183 0.107474 30.010
  run 184/1500     0.107 s
POINT 184 0.107351 30.173
  run 185/1500     0.107 s
POINT 185 0.107453 30.337
  run 186/1500     0.108 s
POINT 186 0.107650 30.502
  run 187/1500     0.107 s
POINT 187 0.107452 30.666
  run 188/1500     0.107 s
POINT 188 0.107454 30.830
  run 189/1500     0.108 s
POINT 189 0.107564 30.994
  run 190/1500     0.107 s
POINT 190 0.107496 31.158
  run 191/1500     0.107 s
POINT 191 0.107414 31.322
  run 192/1500     0.107 s
POINT 192 0.107499 31.486
  run 193/1500     0.107 s
POINT 193 0.107485 31.650
  run 194/1500     0.107 s
POINT 194 0.107458 31.814
  run 195/1500     0.108 s
POINT 195 0.107523 31.978
  run 196/1500     0.107 s
POINT 196 0.107417 32.142
  run 197/1500     0.107 s
POINT 197 0.107447 32.306
  run 198/1500     0.108 s
POINT 198 0.107554 32.470
  run 199/1500     0.108 s
POINT 199 0.107500 32.634
  run 200/1500     0.108 s
POINT 200 0.107552 32.798
  run 201/1500     0.107 s
POINT 201 0.107432 32.962
  run 202/1500     0.107 s
POINT 202 0.107417 33.126
  run 203/1500     0.108 s
POINT 203 0.107525 33.290
  run 204/1500     0.107 s
POINT 204 0.107402 33.454
  run 205/1500     0.107 s
POINT 205 0.107434 33.618
  run 206/1500     0.107 s
POINT 206 0.107407 33.782
  run 207/1500     0.108 s
POINT 207 0.107529 33.946
  run 208/1500     0.108 s
POINT 208 0.107509 34.110
  run 209/1500     0.107 s
POINT 209 0.107377 34.274
  run 210/1500     0.107 s
POINT 210 0.107490 34.438
  run 211/1500     0.107 s
POINT 211 0.107412 34.601
  run 212/1500     0.107 s
POINT 212 0.107362 34.765
  run 213/1500     0.107 s
POINT 213 0.107407 34.929
  run 214/1500     0.108 s
POINT 214 0.107542 35.093
  run 215/1500     0.107 s
POINT 215 0.107448 35.257
  run 216/1500     0.107 s
POINT 216 0.107447 35.421
  run 217/1500     0.107 s
POINT 217 0.107468 35.585
  run 218/1500     0.107 s
POINT 218 0.107414 35.749
  run 219/1500     0.107 s
POINT 219 0.107396 35.913
  run 220/1500     0.107 s
POINT 220 0.107343 36.077
  run 221/1500     0.107 s
POINT 221 0.107415 36.241
  run 222/1500     0.107 s
POINT 222 0.107462 36.405
  run 223/1500     0.107 s
POINT 223 0.107417 36.569
  run 224/1500     0.108 s
POINT 224 0.107581 36.733
  run 225/1500     0.107 s
POINT 225 0.107450 36.897
  run 226/1500     0.107 s
POINT 226 0.107445 37.061
  run 227/1500     0.107 s
POINT 227 0.107427 37.225
  run 228/1500     0.107 s
POINT 228 0.107357 37.389
  run 229/1500     0.107 s
POINT 229 0.107364 37.553
  run 230/1500     0.107 s
POINT 230 0.107350 37.717
  run 231/1500     0.107 s
POINT 231 0.107489 37.881
  run 232/1500     0.108 s
POINT 232 0.107522 38.045
  run 233/1500     0.107 s
POINT 233 0.107370 38.209
  run 234/1500     0.107 s
POINT 234 0.107449 38.373
  run 235/1500     0.108 s
POINT 235 0.107602 38.537
  run 236/1500     0.107 s
POINT 236 0.107414 38.701
  run 237/1500     0.107 s
POINT 237 0.107383 38.865
  run 238/1500     0.107 s
POINT 238 0.107368 39.029
  run 239/1500     0.108 s
POINT 239 0.107553 39.193
  run 240/1500     0.107 s
POINT 240 0.107412 39.357
  run 241/1500     0.107 s
POINT 241 0.107465 39.521
  run 242/1500     0.107 s
POINT 242 0.107402 39.685
  run 243/1500     0.107 s
POINT 243 0.107403 39.849
  run 244/1500     0.107 s
POINT 244 0.107427 40.013
  run 245/1500     0.107 s
POINT 245 0.107401 40.177
  run 246/1500     0.107 s
POINT 246 0.107465 40.341
  run 247/1500     0.107 s
POINT 247 0.107479 40.505
  run 248/1500     0.107 s
POINT 248 0.107403 40.669
  run 249/1500     0.108 s
POINT 249 0.107532 40.833
  run 250/1500     0.107 s
POINT 250 0.107465 40.997
  run 251/1500     0.107 s
POINT 251 0.107409 41.161
  run 252/1500     0.107 s
POINT 252 0.107438 41.325
  run 253/1500     0.107 s
POINT 253 0.107431 41.489
  run 254/1500     0.107 s
POINT 254 0.107426 41.653
  run 255/1500     0.107 s
POINT 255 0.107460 41.817
  run 256/1500     0.107 s
POINT 256 0.107445 41.981
  run 257/1500     0.107 s
POINT 257 0.107442 42.145
  run 258/1500     0.107 s
POINT 258 0.107421 42.309
  run 259/1500     0.107 s
POINT 259 0.107444 42.473
  run 260/1500     0.107 s
POINT 260 0.107438 42.637
  run 261/1500     0.107 s
POINT 261 0.107434 42.801
  run 262/1500     0.107 s
POINT 262 0.107450 42.965
  run 263/1500     0.107 s
POINT 263 0.107410 43.128
  run 264/1500     0.107 s
POINT 264 0.107440 43.292
  run 265/1500     0.107 s
POINT 265 0.107443 43.456
  run 266/1500     0.107 s
POINT 266 0.107413 43.620
  run 267/1500     0.107 s
POINT 267 0.107450 43.784
  run 268/1500     0.107 s
POINT 268 0.107375 43.948
  run 269/1500     0.107 s
POINT 269 0.107459 44.112
  run 270/1500     0.107 s
POINT 270 0.107426 44.276
  run 271/1500     0.107 s
POINT 271 0.107448 44.440
  run 272/1500     0.108 s
POINT 272 0.107540 44.604
  run 273/1500     0.108 s
POINT 273 0.107516 44.768
  run 274/1500     0.107 s
POINT 274 0.107442 44.932
  run 275/1500     0.107 s
POINT 275 0.107397 45.096
  run 276/1500     0.107 s
POINT 276 0.107433 45.260
  run 277/1500     0.107 s
POINT 277 0.107394 45.424
  run 278/1500     0.107 s
POINT 278 0.107468 45.588
  run 279/1500     0.107 s
POINT 279 0.107442 45.752
  run 280/1500     0.108 s
POINT 280 0.107533 45.916
  run 281/1500     0.108 s
POINT 281 0.107537 46.080
  run 282/1500     0.107 s
POINT 282 0.107407 46.244
  run 283/1500     0.107 s
POINT 283 0.107434 46.408
  run 284/1500     0.107 s
POINT 284 0.107388 46.572
  run 285/1500     0.107 s
POINT 285 0.107460 46.736
  run 286/1500     0.107 s
POINT 286 0.107460 46.900
  run 287/1500     0.107 s
POINT 287 0.107411 47.064
  run 288/1500     0.107 s
POINT 288 0.107434 47.228
  run 289/1500     0.107 s
POINT 289 0.107462 47.392
  run 290/1500     0.107 s
POINT 290 0.107424 47.556
  run 291/1500     0.107 s
POINT 291 0.107437 47.720
  run 292/1500     0.107 s
POINT 292 0.107371 47.884
  run 293/1500     0.107 s
POINT 293 0.107409 48.048
  run 294/1500     0.107 s
POINT 294 0.107368 48.212
  run 295/1500     0.107 s
POINT 295 0.107421 48.376
  run 296/1500     0.107 s
POINT 296 0.107473 48.540
  run 297/1500     0.107 s
POINT 297 0.107458 48.704
  run 298/1500     0.107 s
POINT 298 0.107426 48.868
  run 299/1500     0.107 s
POINT 299 0.107394 49.032
  run 300/1500     0.107 s
POINT 300 0.107410 49.196
  run 301/1500     0.107 s
POINT 301 0.107402 49.360
  run 302/1500     0.107 s
POINT 302 0.107393 49.524
  run 303/1500     0.108 s
POINT 303 0.107547 49.688
  run 304/1500     0.107 s
POINT 304 0.107461 49.852
  run 305/1500     0.107 s
POINT 305 0.107443 50.016
  run 306/1500     0.108 s
POINT 306 0.107502 50.180
  run 307/1500     0.107 s
POINT 307 0.107365 50.344
  run 308/1500     0.107 s
POINT 308 0.107498 50.508
  run 309/1500     0.107 s
POINT 309 0.107404 50.672
  run 310/1500     0.107 s
POINT 310 0.107469 50.836
  run 311/1500     0.107 s
POINT 311 0.107493 51.000
  run 312/1500     0.107 s
POINT 312 0.107429 51.164
  run 313/1500     0.107 s
POINT 313 0.107385 51.328
  run 314/1500     0.108 s
POINT 314 0.107573 51.492
  run 315/1500     0.107 s
POINT 315 0.107439 51.656
  run 316/1500     0.107 s
POINT 316 0.107353 51.820
  run 317/1500     0.107 s
POINT 317 0.107417 51.984
  run 318/1500     0.107 s
POINT 318 0.107444 52.148
  run 319/1500     0.107 s
POINT 319 0.107464 52.312
  run 320/1500     0.108 s
POINT 320 0.107619 52.476
  run 321/1500     0.107 s
POINT 321 0.107419 52.640
  run 322/1500     0.107 s
POINT 322 0.107467 52.804
  run 323/1500     0.107 s
POINT 323 0.107358 52.968
  run 324/1500     0.107 s
POINT 324 0.107404 53.132
  run 325/1500     0.107 s
POINT 325 0.107440 53.296
  run 326/1500     0.107 s
POINT 326 0.107472 53.460
  run 327/1500     0.107 s
POINT 327 0.107411 53.624
  run 328/1500     0.107 s
POINT 328 0.107396 53.788
  run 329/1500     0.108 s
POINT 329 0.107546 53.952
  run 330/1500     0.107 s
POINT 330 0.107457 54.116
  run 331/1500     0.107 s
POINT 331 0.107400 54.280
  run 332/1500     0.107 s
POINT 332 0.107443 54.444
  run 333/1500     0.108 s
POINT 333 0.107525 54.608
  run 334/1500     0.107 s
POINT 334 0.107456 54.772
  run 335/1500     0.108 s
POINT 335 0.107501 54.936
  run 336/1500     0.107 s
POINT 336 0.107434 55.100
  run 337/1500     0.108 s
POINT 337 0.107514 55.264
  run 338/1500     0.107 s
POINT 338 0.107423 55.428
  run 339/1500     0.107 s
POINT 339 0.107472 55.592
  run 340/1500     0.107 s
POINT 340 0.107484 55.756
  run 341/1500     0.107 s
POINT 341 0.107446 55.920
  run 342/1500     0.107 s
POINT 342 0.107432 56.084
  run 343/1500     0.107 s
POINT 343 0.107431 56.248
  run 344/1500     0.107 s
POINT 344 0.107436 56.412
  run 345/1500     0.107 s
POINT 345 0.107430 56.576
  run 346/1500     0.108 s
POINT 346 0.107536 56.740
  run 347/1500     0.107 s
POINT 347 0.107469 56.904
  run 348/1500     0.107 s
POINT 348 0.107427 57.068
  run 349/1500     0.107 s
POINT 349 0.107416 57.232
  run 350/1500     0.107 s
POINT 350 0.107499 57.396
  run 351/1500     0.107 s
POINT 351 0.107408 57.560
  run 352/1500     0.108 s
POINT 352 0.107542 57.724
  run 353/1500     0.107 s
POINT 353 0.107422 57.888
  run 354/1500     0.107 s
POINT 354 0.107468 58.052
  run 355/1500     0.107 s
POINT 355 0.107417 58.216
  run 356/1500     0.107 s
POINT 356 0.107389 58.380
  run 357/1500     0.107 s
POINT 357 0.107461 58.544
  run 358/1500     0.107 s
POINT 358 0.107422 58.708
  run 359/1500     0.107 s
POINT 359 0.107399 58.872
  run 360/1500     0.107 s
POINT 360 0.107438 59.036
  run 361/1500     0.107 s
POINT 361 0.107437 59.200
  run 362/1500     0.107 s
POINT 362 0.107430 59.364
  run 363/1500     0.107 s
POINT 363 0.107430 59.528
  run 364/1500     0.108 s
POINT 364 0.107557 59.692
  run 365/1500     0.107 s
POINT 365 0.107482 59.856
  run 366/1500     0.107 s
POINT 366 0.107456 60.020
  run 367/1500     0.107 s
POINT 367 0.107400 60.184
  run 368/1500     0.107 s
POINT 368 0.107437 60.348
  run 369/1500     0.108 s
POINT 369 0.107506 60.512
  run 370/1500     0.107 s
POINT 370 0.107442 60.676
  run 371/1500     0.107 s
POINT 371 0.107446 60.840
  run 372/1500     0.107 s
POINT 372 0.107457 61.004
  run 373/1500     0.107 s
POINT 373 0.107441 61.168
  run 374/1500     0.107 s
POINT 374 0.107431 61.332
  run 375/1500     0.107 s
POINT 375 0.107358 61.496
  run 376/1500     0.107 s
POINT 376 0.107376 61.660
  run 377/1500     0.107 s
POINT 377 0.107432 61.824
  run 378/1500     0.107 s
POINT 378 0.107476 61.988
  run 379/1500     0.107 s
POINT 379 0.107494 62.152
  run 380/1500     0.107 s
POINT 380 0.107430 62.316
  run 381/1500     0.108 s
POINT 381 0.107530 62.480
  run 382/1500     0.107 s
POINT 382 0.107458 62.644
  run 383/1500     0.107 s
POINT 383 0.107415 62.808
  run 384/1500     0.107 s
POINT 384 0.107425 62.972
  run 385/1500     0.107 s
POINT 385 0.107434 63.135
  run 386/1500     0.107 s
POINT 386 0.107444 63.299
  run 387/1500     0.107 s
POINT 387 0.107422 63.463
  run 388/1500     0.107 s
POINT 388 0.107412 63.627
  run 389/1500     0.107 s
POINT 389 0.107407 63.791
  run 390/1500     0.107 s
POINT 390 0.107419 63.955
  run 391/1500     0.107 s
POINT 391 0.107354 64.119
  run 392/1500     0.107 s
POINT 392 0.107409 64.283
  run 393/1500     0.108 s
POINT 393 0.107528 64.447
  run 394/1500     0.107 s
POINT 394 0.107445 64.611
  run 395/1500     0.108 s
POINT 395 0.107533 64.775
  run 396/1500     0.108 s
POINT 396 0.107616 64.940
  run 397/1500     0.107 s
POINT 397 0.107429 65.104
  run 398/1500     0.108 s
POINT 398 0.107559 65.268
  run 399/1500     0.107 s
POINT 399 0.107453 65.432
  run 400/1500     0.107 s
POINT 400 0.107447 65.596
  run 401/1500     0.107 s
POINT 401 0.107377 65.760
  run 402/1500     0.107 s
POINT 402 0.107476 65.924
  run 403/1500     0.108 s
POINT 403 0.107538 66.088
  run 404/1500     0.107 s
POINT 404 0.107432 66.252
  run 405/1500     0.107 s
POINT 405 0.107422 66.416
  run 406/1500     0.108 s
POINT 406 0.107582 66.580
  run 407/1500     0.108 s
POINT 407 0.107501 66.744
  run 408/1500     0.107 s
POINT 408 0.107455 66.908
  run 409/1500     0.107 s
POINT 409 0.107487 67.072
  run 410/1500     0.107 s
POINT 410 0.107422 67.236
  run 411/1500     0.107 s
POINT 411 0.107401 67.400
  run 412/1500     0.107 s
POINT 412 0.107467 67.564
  run 413/1500     0.107 s
POINT 413 0.107443 67.728
  run 414/1500     0.107 s
POINT 414 0.107404 67.892
  run 415/1500     0.107 s
POINT 415 0.107423 68.056
  run 416/1500     0.107 s
POINT 416 0.107401 68.219
  run 417/1500     0.107 s
POINT 417 0.107394 68.383
  run 418/1500     0.107 s
POINT 418 0.107480 68.547
  run 419/1500     0.107 s
POINT 419 0.107383 68.711
  run 420/1500     0.107 s
POINT 420 0.107400 68.875
  run 421/1500     0.107 s
POINT 421 0.107458 69.039
  run 422/1500     0.107 s
POINT 422 0.107358 69.203
  run 423/1500     0.107 s
POINT 423 0.107453 69.367
  run 424/1500     0.107 s
POINT 424 0.107404 69.531
  run 425/1500     0.107 s
POINT 425 0.107425 69.695
  run 426/1500     0.107 s
POINT 426 0.107446 69.859
  run 427/1500     0.107 s
POINT 427 0.107452 70.023
  run 428/1500     0.107 s
POINT 428 0.107479 70.187
  run 429/1500     0.107 s
POINT 429 0.107429 70.351
  run 430/1500     0.108 s
POINT 430 0.107676 70.515
  run 431/1500     0.107 s
POINT 431 0.107417 70.679
  run 432/1500     0.107 s
POINT 432 0.107423 70.843
  run 433/1500     0.107 s
POINT 433 0.107481 71.007
  run 434/1500     0.107 s
POINT 434 0.107422 71.171
  run 435/1500     0.107 s
POINT 435 0.107462 71.335
  run 436/1500     0.107 s
POINT 436 0.107356 71.499
  run 437/1500     0.107 s
POINT 437 0.107457 71.663
  run 438/1500     0.107 s
POINT 438 0.107408 71.827
  run 439/1500     0.107 s
POINT 439 0.107400 71.991
  run 440/1500     0.107 s
POINT 440 0.107459 72.155
  run 441/1500     0.107 s
POINT 441 0.107433 72.319
  run 442/1500     0.107 s
POINT 442 0.107481 72.483
  run 443/1500     0.107 s
POINT 443 0.107382 72.647
  run 444/1500     0.107 s
POINT 444 0.107455 72.811
  run 445/1500     0.107 s
POINT 445 0.107435 72.975
  run 446/1500     0.107 s
POINT 446 0.107473 73.139
  run 447/1500     0.107 s
POINT 447 0.107454 73.303
  run 448/1500     0.107 s
POINT 448 0.107430 73.467
  run 449/1500     0.107 s
POINT 449 0.107446 73.631
  run 450/1500     0.107 s
POINT 450 0.107448 73.795
  run 451/1500     0.107 s
POINT 451 0.107464 73.959
  run 452/1500     0.108 s
POINT 452 0.107515 74.123
  run 453/1500     0.107 s
POINT 453 0.107388 74.287
  run 454/1500     0.107 s
POINT 454 0.107490 74.451
  run 455/1500     0.108 s
POINT 455 0.107545 74.615
  run 456/1500     0.107 s
POINT 456 0.107480 74.779
  run 457/1500     0.107 s
POINT 457 0.107385 74.943
  run 458/1500     0.107 s
POINT 458 0.107443 75.107
  run 459/1500     0.107 s
POINT 459 0.107458 75.271
  run 460/1500     0.107 s
POINT 460 0.107470 75.435
  run 461/1500     0.107 s
POINT 461 0.107459 75.599
  run 462/1500     0.107 s
POINT 462 0.107323 75.763
  run 463/1500     0.107 s
POINT 463 0.107445 75.927
  run 464/1500     0.107 s
POINT 464 0.107410 76.091
  run 465/1500     0.107 s
POINT 465 0.107448 76.255
  run 466/1500     0.107 s
POINT 466 0.107475 76.419
  run 467/1500     0.107 s
POINT 467 0.107415 76.583
  run 468/1500     0.108 s
POINT 468 0.107507 76.747
  run 469/1500     0.107 s
POINT 469 0.107467 76.911
  run 470/1500     0.107 s
POINT 470 0.107433 77.075
  run 471/1500     0.108 s
POINT 471 0.107508 77.239
  run 472/1500     0.107 s
POINT 472 0.107391 77.403
  run 473/1500     0.107 s
POINT 473 0.107352 77.567
  run 474/1500     0.107 s
POINT 474 0.107394 77.731
  run 475/1500     0.108 s
POINT 475 0.107509 77.895
  run 476/1500     0.108 s
POINT 476 0.107545 78.059
  run 477/1500     0.107 s
POINT 477 0.107398 78.223
  run 478/1500     0.108 s
POINT 478 0.107515 78.387
  run 479/1500     0.108 s
POINT 479 0.107501 78.551
  run 480/1500     0.108 s
POINT 480 0.107562 78.715
  run 481/1500     0.107 s
POINT 481 0.107423 78.879
  run 482/1500     0.107 s
POINT 482 0.107356 79.043
  run 483/1500     0.107 s
POINT 483 0.107407 79.207
  run 484/1500     0.107 s
POINT 484 0.107454 79.371
  run 485/1500     0.107 s
POINT 485 0.107464 79.535
  run 486/1500     0.107 s
POINT 486 0.107374 79.699
  run 487/1500     0.107 s
POINT 487 0.107481 79.863
  run 488/1500     0.107 s
POINT 488 0.107384 80.027
  run 489/1500     0.107 s
POINT 489 0.107401 80.191
  run 490/1500     0.107 s
POINT 490 0.107416 80.355
  run 491/1500     0.108 s
POINT 491 0.107623 80.519
  run 492/1500     0.107 s
POINT 492 0.107354 80.683
  run 493/1500     0.108 s
POINT 493 0.107550 80.847
  run 494/1500     0.107 s
POINT 494 0.107438 81.011
  run 495/1500     0.107 s
POINT 495 0.107360 81.175
  run 496/1500     0.107 s
POINT 496 0.107483 81.339
  run 497/1500     0.107 s
POINT 497 0.107443 81.503
  run 498/1500     0.107 s
POINT 498 0.107396 81.667
  run 499/1500     0.107 s
POINT 499 0.107380 81.830
  run 500/1500     0.108 s
POINT 500 0.107557 81.995
  run 501/1500     0.107 s
POINT 501 0.107453 82.159
  run 502/1500     0.107 s
POINT 502 0.107382 82.329
  run 503/1500     0.108 s
POINT 503 0.107531 82.493
  run 504/1500     0.107 s
POINT 504 0.107418 82.657
  run 505/1500     0.107 s
POINT 505 0.107365 82.821
  run 506/1500     0.107 s
POINT 506 0.107404 82.985
  run 507/1500     0.107 s
POINT 507 0.107434 83.149
  run 508/1500     0.107 s
POINT 508 0.107402 83.313
  run 509/1500     0.107 s
POINT 509 0.107474 83.477
  run 510/1500     0.108 s
POINT 510 0.107532 83.641
  run 511/1500     0.107 s
POINT 511 0.107462 83.805
  run 512/1500     0.108 s
POINT 512 0.107512 83.969
  run 513/1500     0.107 s
POINT 513 0.107396 84.133
  run 514/1500     0.107 s
POINT 514 0.107434 84.297
  run 515/1500     0.108 s
POINT 515 0.107551 84.461
  run 516/1500     0.107 s
POINT 516 0.107418 84.625
  run 517/1500     0.108 s
POINT 517 0.107523 84.789
  run 518/1500     0.107 s
POINT 518 0.107445 84.953
  run 519/1500     0.107 s
POINT 519 0.107375 85.117
  run 520/1500     0.107 s
POINT 520 0.107396 85.281
  run 521/1500     0.107 s
POINT 521 0.107348 85.445
  run 522/1500     0.107 s
POINT 522 0.107381 85.608
  run 523/1500     0.109 s
POINT 523 0.108995 85.774
  run 524/1500     0.108 s
POINT 524 0.107562 85.938
  run 525/1500     0.107 s
POINT 525 0.107469 86.102
  run 526/1500     0.107 s
POINT 526 0.107359 86.266
  run 527/1500     0.107 s
POINT 527 0.107403 86.430
  run 528/1500     0.108 s
POINT 528 0.107538 86.594
  run 529/1500     0.107 s
POINT 529 0.107408 86.758
  run 530/1500     0.107 s
POINT 530 0.107367 86.922
  run 531/1500     0.107 s
POINT 531 0.107480 87.086
  run 532/1500     0.107 s
POINT 532 0.107409 87.250
  run 533/1500     0.108 s
POINT 533 0.107553 87.414
  run 534/1500     0.107 s
POINT 534 0.107436 87.578
  run 535/1500     0.107 s
POINT 535 0.107387 87.742
  run 536/1500     0.107 s
POINT 536 0.107444 87.906
  run 537/1500     0.107 s
POINT 537 0.107368 88.070
  run 538/1500     0.107 s
POINT 538 0.107484 88.234
  run 539/1500     0.107 s
POINT 539 0.107390 88.398
  run 540/1500     0.108 s
POINT 540 0.107566 88.562
  run 541/1500     0.107 s
POINT 541 0.107443 88.726
  run 542/1500     0.107 s
POINT 542 0.107382 88.890
  run 543/1500     0.107 s
POINT 543 0.107482 89.054
  run 544/1500     0.107 s
POINT 544 0.107434 89.218
  run 545/1500     0.107 s
POINT 545 0.107460 89.382
  run 546/1500     0.107 s
POINT 546 0.107459 89.546
  run 547/1500     0.107 s
POINT 547 0.107410 89.710
  run 548/1500     0.107 s
POINT 548 0.107419 89.874
  run 549/1500     0.108 s
POINT 549 0.107523 90.038
  run 550/1500     0.107 s
POINT 550 0.107441 90.202
  run 551/1500     0.107 s
POINT 551 0.107439 90.366
  run 552/1500     0.108 s
POINT 552 0.107515 90.530
  run 553/1500     0.107 s
POINT 553 0.107386 90.694
  run 554/1500     0.107 s
POINT 554 0.107393 90.858
  run 555/1500     0.107 s
POINT 555 0.107446 91.022
  run 556/1500     0.107 s
POINT 556 0.107439 91.186
  run 557/1500     0.107 s
POINT 557 0.107373 91.350
  run 558/1500     0.107 s
POINT 558 0.107403 91.513
  run 559/1500     0.108 s
POINT 559 0.107517 91.678
  run 560/1500     0.107 s
POINT 560 0.107457 91.842
  run 561/1500     0.107 s
POINT 561 0.107406 92.005
  run 562/1500     0.107 s
POINT 562 0.107406 92.169
  run 563/1500     0.107 s
POINT 563 0.107416 92.333
  run 564/1500     0.108 s
POINT 564 0.107516 92.497
  run 565/1500     0.108 s
POINT 565 0.107519 92.662
  run 566/1500     0.107 s
POINT 566 0.107347 92.825
  run 567/1500     0.107 s
POINT 567 0.107466 92.989
  run 568/1500     0.107 s
POINT 568 0.107456 93.153
  run 569/1500     0.107 s
POINT 569 0.107487 93.317
  run 570/1500     0.107 s
POINT 570 0.107402 93.481
  run 571/1500     0.107 s
POINT 571 0.107427 93.645
  run 572/1500     0.107 s
POINT 572 0.107497 93.809
  run 573/1500     0.107 s
POINT 573 0.107424 93.973
  run 574/1500     0.107 s
POINT 574 0.107465 94.137
  run 575/1500     0.107 s
POINT 575 0.107342 94.301
  run 576/1500     0.107 s
POINT 576 0.107467 94.465
  run 577/1500     0.108 s
POINT 577 0.107531 94.629
  run 578/1500     0.107 s
POINT 578 0.107498 94.793
  run 579/1500     0.107 s
POINT 579 0.107414 94.957
  run 580/1500     0.107 s
POINT 580 0.107409 95.121
  run 581/1500     0.107 s
POINT 581 0.107368 95.285
  run 582/1500     0.107 s
POINT 582 0.107394 95.449
  run 583/1500     0.107 s
POINT 583 0.107452 95.613
  run 584/1500     0.107 s
POINT 584 0.107347 95.777
  run 585/1500     0.107 s
POINT 585 0.107452 95.941
  run 586/1500     0.107 s
POINT 586 0.107414 96.105
  run 587/1500     0.107 s
POINT 587 0.107472 96.269
  run 588/1500     0.107 s
POINT 588 0.107472 96.433
  run 589/1500     0.108 s
POINT 589 0.107573 96.597
  run 590/1500     0.108 s
POINT 590 0.107512 96.761
  run 591/1500     0.107 s
POINT 591 0.107402 96.925
  run 592/1500     0.107 s
POINT 592 0.107342 97.089
  run 593/1500     0.107 s
POINT 593 0.107460 97.253
  run 594/1500     0.107 s
POINT 594 0.107412 97.417
  run 595/1500     0.108 s
POINT 595 0.107515 97.581
  run 596/1500     0.107 s
POINT 596 0.107500 97.745
  run 597/1500     0.107 s
POINT 597 0.107499 97.909
  run 598/1500     0.108 s
POINT 598 0.107517 98.073
  run 599/1500     0.107 s
POINT 599 0.107437 98.237
  run 600/1500     0.107 s
POINT 600 0.107484 98.401
  run 601/1500     0.107 s
POINT 601 0.107492 98.565
  run 602/1500     0.108 s
POINT 602 0.107538 98.729
  run 603/1500     0.107 s
POINT 603 0.107369 98.893
  run 604/1500     0.107 s
POINT 604 0.107476 99.057
  run 605/1500     0.107 s
POINT 605 0.107377 99.221
  run 606/1500     0.108 s
POINT 606 0.108336 99.386
  run 607/1500     0.109 s
POINT 607 0.109091 99.551
  run 608/1500     0.107 s
POINT 608 0.107399 99.715
  run 609/1500     0.107 s
POINT 609 0.107424 99.879
  run 610/1500     0.107 s
POINT 610 0.107443 100.043
  run 611/1500     0.107 s
POINT 611 0.107430 100.207
  run 612/1500     0.108 s
POINT 612 0.107511 100.371
  run 613/1500     0.108 s
POINT 613 0.107517 100.535
  run 614/1500     0.107 s
POINT 614 0.107438 100.699
  run 615/1500     0.107 s
POINT 615 0.107468 100.863
  run 616/1500     0.107 s
POINT 616 0.107403 101.027
  run 617/1500     0.107 s
POINT 617 0.107411 101.191
  run 618/1500     0.107 s
POINT 618 0.107499 101.355
  run 619/1500     0.108 s
POINT 619 0.107565 101.519
  run 620/1500     0.107 s
POINT 620 0.107400 101.683
  run 621/1500     0.107 s
POINT 621 0.107372 101.847
  run 622/1500     0.107 s
POINT 622 0.107441 102.011
  run 623/1500     0.107 s
POINT 623 0.107349 102.175
  run 624/1500     0.108 s
POINT 624 0.107628 102.339
  run 625/1500     0.108 s
POINT 625 0.107506 102.503
  run 626/1500     0.107 s
POINT 626 0.107437 102.667
  run 627/1500     0.108 s
POINT 627 0.107508 102.832
  run 628/1500     0.107 s
POINT 628 0.107390 102.995
  run 629/1500     0.107 s
POINT 629 0.107394 103.159
  run 630/1500     0.108 s
POINT 630 0.107513 103.324
  run 631/1500     0.107 s
POINT 631 0.107420 103.488
  run 632/1500     0.107 s
POINT 632 0.107343 103.651
  run 633/1500     0.107 s
POINT 633 0.107415 103.815
  run 634/1500     0.107 s
POINT 634 0.107481 103.979
  run 635/1500     0.107 s
POINT 635 0.107424 104.143
  run 636/1500     0.107 s
POINT 636 0.107436 104.307
  run 637/1500     0.107 s
POINT 637 0.107450 104.471
  run 638/1500     0.108 s
POINT 638 0.107514 104.635
  run 639/1500     0.108 s
POINT 639 0.107528 104.799
  run 640/1500     0.108 s
POINT 640 0.107531 104.964
  run 641/1500     0.107 s
POINT 641 0.107455 105.128
  run 642/1500     0.107 s
POINT 642 0.107394 105.291
  run 643/1500     0.108 s
POINT 643 0.107513 105.456
  run 644/1500     0.107 s
POINT 644 0.107364 105.619
  run 645/1500     0.107 s
POINT 645 0.107423 105.783
  run 646/1500     0.107 s
POINT 646 0.107432 105.947
  run 647/1500     0.107 s
POINT 647 0.107474 106.111
  run 648/1500     0.107 s
POINT 648 0.107352 106.275
  run 649/1500     0.107 s
POINT 649 0.107495 106.439
  run 650/1500     0.107 s
POINT 650 0.107357 106.603
  run 651/1500     0.107 s
POINT 651 0.107353 106.767
  run 652/1500     0.107 s
POINT 652 0.107499 106.931
  run 653/1500     0.107 s
POINT 653 0.107380 107.095
  run 654/1500     0.107 s
POINT 654 0.107382 107.259
  run 655/1500     0.107 s
POINT 655 0.107379 107.423
  run 656/1500     0.107 s
POINT 656 0.107417 107.587
  run 657/1500     0.107 s
POINT 657 0.107443 107.751
  run 658/1500     0.107 s
POINT 658 0.107418 107.915
  run 659/1500     0.107 s
POINT 659 0.107431 108.079
  run 660/1500     0.107 s
POINT 660 0.107423 108.243
  run 661/1500     0.107 s
POINT 661 0.107413 108.407
  run 662/1500     0.108 s
POINT 662 0.107556 108.571
  run 663/1500     0.108 s
POINT 663 0.107560 108.735
  run 664/1500     0.107 s
POINT 664 0.107405 108.899
  run 665/1500     0.107 s
POINT 665 0.107411 109.063
  run 666/1500     0.107 s
POINT 666 0.107429 109.227
  run 667/1500     0.107 s
POINT 667 0.107391 109.391
  run 668/1500     0.107 s
POINT 668 0.107395 109.555
  run 669/1500     0.107 s
POINT 669 0.107417 109.719
  run 670/1500     0.107 s
POINT 670 0.107371 109.882
  run 671/1500     0.107 s
POINT 671 0.107489 110.047
  run 672/1500     0.107 s
POINT 672 0.107444 110.211
  run 673/1500     0.107 s
POINT 673 0.107384 110.374
  run 674/1500     0.108 s
POINT 674 0.107516 110.539
  run 675/1500     0.107 s
POINT 675 0.107418 110.702
  run 676/1500     0.107 s
POINT 676 0.107386 110.866
  run 677/1500     0.107 s
POINT 677 0.107381 111.030
  run 678/1500     0.107 s
POINT 678 0.107481 111.194
  run 679/1500     0.107 s
POINT 679 0.107463 111.358
  run 680/1500     0.107 s
POINT 680 0.107465 111.522
  run 681/1500     0.107 s
POINT 681 0.107490 111.686
  run 682/1500     0.107 s
POINT 682 0.107443 111.850
  run 683/1500     0.107 s
POINT 683 0.107377 112.014
  run 684/1500     0.107 s
POINT 684 0.107413 112.178
  run 685/1500     0.107 s
POINT 685 0.107426 112.342
  run 686/1500     0.107 s
POINT 686 0.107470 112.506
  run 687/1500     0.107 s
POINT 687 0.107396 112.670
  run 688/1500     0.108 s
POINT 688 0.107556 112.834
  run 689/1500     0.107 s
POINT 689 0.107442 112.998
  run 690/1500     0.107 s
POINT 690 0.107440 113.162
  run 691/1500     0.107 s
POINT 691 0.107392 113.326
  run 692/1500     0.107 s
POINT 692 0.107395 113.490
  run 693/1500     0.107 s
POINT 693 0.107491 113.654
  run 694/1500     0.107 s
POINT 694 0.107342 113.818
  run 695/1500     0.107 s
POINT 695 0.107487 113.982
  run 696/1500     0.107 s
POINT 696 0.107492 114.146
  run 697/1500     0.107 s
POINT 697 0.107347 114.310
  run 698/1500     0.108 s
POINT 698 0.107545 114.474
  run 699/1500     0.108 s
POINT 699 0.107609 114.638
  run 700/1500     0.107 s
POINT 700 0.107389 114.802
  run 701/1500     0.107 s
POINT 701 0.107446 114.966
  run 702/1500     0.107 s
POINT 702 0.107422 115.130
  run 703/1500     0.107 s
POINT 703 0.107450 115.294
  run 704/1500     0.108 s
POINT 704 0.107593 115.458
  run 705/1500     0.107 s
POINT 705 0.107414 115.622
  run 706/1500     0.107 s
POINT 706 0.107455 115.786
  run 707/1500     0.107 s
POINT 707 0.107473 115.950
  run 708/1500     0.107 s
POINT 708 0.107413 116.114
  run 709/1500     0.107 s
POINT 709 0.107366 116.278
  run 710/1500     0.107 s
POINT 710 0.107423 116.442
  run 711/1500     0.107 s
POINT 711 0.107456 116.606
  run 712/1500     0.108 s
POINT 712 0.107538 116.770
  run 713/1500     0.107 s
POINT 713 0.107419 116.934
  run 714/1500     0.107 s
POINT 714 0.107390 117.098
  run 715/1500     0.107 s
POINT 715 0.107440 117.262
  run 716/1500     0.108 s
POINT 716 0.107623 117.426
  run 717/1500     0.107 s
POINT 717 0.107411 117.590
  run 718/1500     0.107 s
POINT 718 0.107400 117.754
  run 719/1500     0.107 s
POINT 719 0.107439 117.918
  run 720/1500     0.108 s
POINT 720 0.107504 118.082
  run 721/1500     0.107 s
POINT 721 0.107462 118.246
  run 722/1500     0.107 s
POINT 722 0.107454 118.410
  run 723/1500     0.108 s
POINT 723 0.107508 118.574
  run 724/1500     0.108 s
POINT 724 0.107558 118.738
  run 725/1500     0.108 s
POINT 725 0.107529 118.902
  run 726/1500     0.107 s
POINT 726 0.107416 119.066
  run 727/1500     0.107 s
POINT 727 0.107431 119.230
  run 728/1500     0.107 s
POINT 728 0.107424 119.394
  run 729/1500     0.107 s
POINT 729 0.107412 119.558
  run 730/1500     0.107 s
POINT 730 0.107475 119.722
  run 731/1500     0.107 s
POINT 731 0.107339 119.886
  run 732/1500     0.107 s
POINT 732 0.107416 120.050
  run 733/1500     0.107 s
POINT 733 0.107374 120.214
  run 734/1500     0.107 s
POINT 734 0.107356 120.378
  run 735/1500     0.108 s
POINT 735 0.107562 120.542
  run 736/1500     0.107 s
POINT 736 0.107413 120.706
  run 737/1500     0.107 s
POINT 737 0.107482 120.870
  run 738/1500     0.107 s
POINT 738 0.107414 121.034
  run 739/1500     0.107 s
POINT 739 0.107424 121.198
  run 740/1500     0.107 s
POINT 740 0.107416 121.362
  run 741/1500     0.107 s
POINT 741 0.107468 121.526
  run 742/1500     0.108 s
POINT 742 0.108334 121.691
  run 743/1500     0.107 s
POINT 743 0.107468 121.855
  run 744/1500     0.108 s
POINT 744 0.107511 122.019
  run 745/1500     0.108 s
POINT 745 0.107567 122.183
  run 746/1500     0.108 s
POINT 746 0.107545 122.347
  run 747/1500     0.108 s
POINT 747 0.107594 122.511
  run 748/1500     0.107 s
POINT 748 0.107416 122.675
  run 749/1500     0.108 s
POINT 749 0.107531 122.839
  run 750/1500     0.107 s
POINT 750 0.107435 123.003
  run 751/1500     0.107 s
POINT 751 0.107468 123.167
  run 752/1500     0.107 s
POINT 752 0.107408 123.331
  run 753/1500     0.107 s
POINT 753 0.107493 123.495
  run 754/1500     0.107 s
POINT 754 0.107411 123.659
  run 755/1500     0.107 s
POINT 755 0.107424 123.823
  run 756/1500     0.107 s
POINT 756 0.107448 123.987
  run 757/1500     0.107 s
POINT 757 0.107477 124.151
  run 758/1500     0.107 s
POINT 758 0.107468 124.315
  run 759/1500     0.108 s
POINT 759 0.107534 124.479
  run 760/1500     0.107 s
POINT 760 0.107472 124.643
  run 761/1500     0.107 s
POINT 761 0.107475 124.807
  run 762/1500     0.107 s
POINT 762 0.107429 124.971
  run 763/1500     0.107 s
POINT 763 0.107462 125.135
  run 764/1500     0.107 s
POINT 764 0.107404 125.299
  run 765/1500     0.107 s
POINT 765 0.107495 125.463
  run 766/1500     0.107 s
POINT 766 0.107465 125.627
  run 767/1500     0.107 s
POINT 767 0.107390 125.791
  run 768/1500     0.107 s
POINT 768 0.107472 125.955
  run 769/1500     0.108 s
POINT 769 0.107564 126.119
  run 770/1500     0.107 s
POINT 770 0.107407 126.283
  run 771/1500     0.107 s
POINT 771 0.107468 126.447
  run 772/1500     0.108 s
POINT 772 0.107505 126.611
  run 773/1500     0.108 s
POINT 773 0.107537 126.775
  run 774/1500     0.108 s
POINT 774 0.107536 126.939
  run 775/1500     0.107 s
POINT 775 0.107400 127.103
  run 776/1500     0.107 s
POINT 776 0.107472 127.267
  run 777/1500     0.108 s
POINT 777 0.107534 127.431
  run 778/1500     0.107 s
POINT 778 0.107405 127.595
  run 779/1500     0.107 s
POINT 779 0.107346 127.758
  run 780/1500     0.107 s
POINT 780 0.107429 127.922
  run 781/1500     0.107 s
POINT 781 0.107438 128.086
  run 782/1500     0.107 s
POINT 782 0.107394 128.250
  run 783/1500     0.107 s
POINT 783 0.107351 128.414
  run 784/1500     0.108 s
POINT 784 0.107537 128.578
  run 785/1500     0.107 s
POINT 785 0.107419 128.742
  run 786/1500     0.107 s
POINT 786 0.107386 128.906
  run 787/1500     0.107 s
POINT 787 0.107380 129.070
  run 788/1500     0.107 s
POINT 788 0.107424 129.234
  run 789/1500     0.107 s
POINT 789 0.107448 129.398
  run 790/1500     0.107 s
POINT 790 0.107392 129.562
  run 791/1500     0.107 s
POINT 791 0.107380 129.726
  run 792/1500     0.107 s
POINT 792 0.107432 129.890
  run 793/1500     0.108 s
POINT 793 0.107515 130.054
  run 794/1500     0.107 s
POINT 794 0.107401 130.218
  run 795/1500     0.108 s
POINT 795 0.107504 130.382
  run 796/1500     0.108 s
POINT 796 0.107550 130.546
  run 797/1500     0.107 s
POINT 797 0.107413 130.710
  run 798/1500     0.107 s
POINT 798 0.107407 130.874
  run 799/1500     0.108 s
POINT 799 0.107504 131.038
  run 800/1500     0.107 s
POINT 800 0.107486 131.202
  run 801/1500     0.107 s
POINT 801 0.107410 131.366
  run 802/1500     0.107 s
POINT 802 0.107491 131.530
  run 803/1500     0.107 s
POINT 803 0.107420 131.694
  run 804/1500     0.107 s
POINT 804 0.107424 131.858
  run 805/1500     0.107 s
POINT 805 0.107383 132.022
  run 806/1500     0.107 s
POINT 806 0.107437 132.186
  run 807/1500     0.107 s
POINT 807 0.107381 132.350
  run 808/1500     0.108 s
POINT 808 0.107543 132.514
  run 809/1500     0.107 s
POINT 809 0.107424 132.678
  run 810/1500     0.107 s
POINT 810 0.107448 132.842
  run 811/1500     0.107 s
POINT 811 0.107381 133.006
  run 812/1500     0.107 s
POINT 812 0.107464 133.170
  run 813/1500     0.108 s
POINT 813 0.107807 133.334
  run 814/1500     0.107 s
POINT 814 0.107457 133.498
  run 815/1500     0.107 s
POINT 815 0.107455 133.662
  run 816/1500     0.107 s
POINT 816 0.107447 133.826
  run 817/1500     0.107 s
POINT 817 0.107484 133.990
  run 818/1500     0.107 s
POINT 818 0.107492 134.154
  run 819/1500     0.107 s
POINT 819 0.107361 134.318
  run 820/1500     0.107 s
POINT 820 0.107416 134.482
  run 821/1500     0.108 s
POINT 821 0.107572 134.646
  run 822/1500     0.107 s
POINT 822 0.107367 134.810
  run 823/1500     0.107 s
POINT 823 0.107409 134.974
  run 824/1500     0.108 s
POINT 824 0.107583 135.138
  run 825/1500     0.107 s
POINT 825 0.107390 135.302
  run 826/1500     0.107 s
POINT 826 0.107476 135.466
  run 827/1500     0.107 s
POINT 827 0.107425 135.630
  run 828/1500     0.108 s
POINT 828 0.107513 135.794
  run 829/1500     0.107 s
POINT 829 0.107380 135.958
  run 830/1500     0.107 s
POINT 830 0.107425 136.122
  run 831/1500     0.107 s
POINT 831 0.107332 136.286
  run 832/1500     0.107 s
POINT 832 0.107442 136.450
  run 833/1500     0.107 s
POINT 833 0.107433 136.614
  run 834/1500     0.107 s
POINT 834 0.107464 136.778
  run 835/1500     0.107 s
POINT 835 0.107450 136.942
  run 836/1500     0.107 s
POINT 836 0.107375 137.106
  run 837/1500     0.107 s
POINT 837 0.107484 137.270
  run 838/1500     0.108 s
POINT 838 0.107515 137.434
  run 839/1500     0.107 s
POINT 839 0.107413 137.598
  run 840/1500     0.108 s
POINT 840 0.107557 137.762
  run 841/1500     0.107 s
POINT 841 0.107420 137.926
  run 842/1500     0.107 s
POINT 842 0.107421 138.090
  run 843/1500     0.107 s
POINT 843 0.107386 138.254
  run 844/1500     0.107 s
POINT 844 0.107429 138.418
  run 845/1500     0.107 s
POINT 845 0.107454 138.582
  run 846/1500     0.107 s
POINT 846 0.107440 138.746
  run 847/1500     0.107 s
POINT 847 0.107391 138.910
  run 848/1500     0.107 s
POINT 848 0.107376 139.074
  run 849/1500     0.108 s
POINT 849 0.107560 139.238
  run 850/1500     0.107 s
POINT 850 0.107410 139.402
  run 851/1500     0.107 s
POINT 851 0.107408 139.566
  run 852/1500     0.107 s
POINT 852 0.107496 139.730
  run 853/1500     0.107 s
POINT 853 0.107395 139.894
  run 854/1500     0.107 s
POINT 854 0.107352 140.057
  run 855/1500     0.107 s
POINT 855 0.107348 140.221
  run 856/1500     0.107 s
POINT 856 0.107425 140.385
  run 857/1500     0.107 s
POINT 857 0.107497 140.549
  run 858/1500     0.107 s
POINT 858 0.107422 140.713
  run 859/1500     0.107 s
POINT 859 0.107348 140.877
  run 860/1500     0.107 s
POINT 860 0.107420 141.041
  run 861/1500     0.107 s
POINT 861 0.107385 141.205
  run 862/1500     0.107 s
POINT 862 0.107397 141.369
  run 863/1500     0.107 s
POINT 863 0.107405 141.533
  run 864/1500     0.107 s
POINT 864 0.107357 141.697
  run 865/1500     0.107 s
POINT 865 0.107403 141.861
  run 866/1500     0.108 s
POINT 866 0.107519 142.025
  run 867/1500     0.107 s
POINT 867 0.107386 142.189
  run 868/1500     0.107 s
POINT 868 0.107470 142.353
  run 869/1500     0.108 s
POINT 869 0.107505 142.517
  run 870/1500     0.107 s
POINT 870 0.107478 142.681
  run 871/1500     0.107 s
POINT 871 0.107385 142.845
  run 872/1500     0.107 s
POINT 872 0.107376 143.009
  run 873/1500     0.107 s
POINT 873 0.107384 143.173
  run 874/1500     0.107 s
POINT 874 0.107477 143.337
  run 875/1500     0.107 s
POINT 875 0.107373 143.501
  run 876/1500     0.107 s
POINT 876 0.107473 143.665
  run 877/1500     0.108 s
POINT 877 0.107575 143.829
  run 878/1500     0.107 s
POINT 878 0.107415 143.993
  run 879/1500     0.107 s
POINT 879 0.107470 144.157
  run 880/1500     0.107 s
POINT 880 0.107429 144.321
  run 881/1500     0.107 s
POINT 881 0.107434 144.485
  run 882/1500     0.107 s
POINT 882 0.107485 144.649
  run 883/1500     0.107 s
POINT 883 0.107494 144.813
  run 884/1500     0.107 s
POINT 884 0.107474 144.977
  run 885/1500     0.107 s
POINT 885 0.107470 145.141
  run 886/1500     0.107 s
POINT 886 0.107449 145.305
  run 887/1500     0.107 s
POINT 887 0.107438 145.469
  run 888/1500     0.107 s
POINT 888 0.107399 145.632
  run 889/1500     0.108 s
POINT 889 0.107504 145.797
  run 890/1500     0.107 s
POINT 890 0.107420 145.961
  run 891/1500     0.107 s
POINT 891 0.107487 146.125
  run 892/1500     0.107 s
POINT 892 0.107409 146.289
  run 893/1500     0.108 s
POINT 893 0.107536 146.453
  run 894/1500     0.107 s
POINT 894 0.107345 146.617
  run 895/1500     0.107 s
POINT 895 0.107373 146.781
  run 896/1500     0.108 s
POINT 896 0.107508 146.945
  run 897/1500     0.107 s
POINT 897 0.107392 147.108
  run 898/1500     0.107 s
POINT 898 0.107406 147.272
  run 899/1500     0.107 s
POINT 899 0.107447 147.436
  run 900/1500     0.107 s
POINT 900 0.107323 147.600
  run 901/1500     0.107 s
POINT 901 0.107439 147.764
  run 902/1500     0.107 s
POINT 902 0.107403 147.928
  run 903/1500     0.107 s
POINT 903 0.107352 148.092
  run 904/1500     0.107 s
POINT 904 0.107420 148.256
  run 905/1500     0.107 s
POINT 905 0.107466 148.420
  run 906/1500     0.107 s
POINT 906 0.107461 148.584
  run 907/1500     0.107 s
POINT 907 0.107483 148.748
  run 908/1500     0.107 s
POINT 908 0.107401 148.912
  run 909/1500     0.107 s
POINT 909 0.107425 149.076
  run 910/1500     0.107 s
POINT 910 0.107455 149.240
  run 911/1500     0.107 s
POINT 911 0.107489 149.404
  run 912/1500     0.107 s
POINT 912 0.107446 149.568
  run 913/1500     0.107 s
POINT 913 0.107426 149.732
  run 914/1500     0.107 s
POINT 914 0.107371 149.896
  run 915/1500     0.107 s
POINT 915 0.107480 150.060
  run 916/1500     0.107 s
POINT 916 0.107378 150.224
  run 917/1500     0.108 s
POINT 917 0.107509 150.388
  run 918/1500     0.108 s
POINT 918 0.107567 150.552
  run 919/1500     0.107 s
POINT 919 0.107398 150.716
  run 920/1500     0.107 s
POINT 920 0.107354 150.880
  run 921/1500     0.107 s
POINT 921 0.107316 151.043
  run 922/1500     0.107 s
POINT 922 0.107396 151.207
  run 923/1500     0.107 s
POINT 923 0.107412 151.371
  run 924/1500     0.108 s
POINT 924 0.107564 151.535
  run 925/1500     0.107 s
POINT 925 0.107410 151.699
  run 926/1500     0.107 s
POINT 926 0.107420 151.863
  run 927/1500     0.107 s
POINT 927 0.107429 152.027
  run 928/1500     0.107 s
POINT 928 0.107444 152.191
  run 929/1500     0.107 s
POINT 929 0.107406 152.355
  run 930/1500     0.108 s
POINT 930 0.107541 152.519
  run 931/1500     0.107 s
POINT 931 0.107412 152.683
  run 932/1500     0.108 s
POINT 932 0.107620 152.847
  run 933/1500     0.107 s
POINT 933 0.107470 153.011
  run 934/1500     0.107 s
POINT 934 0.107422 153.175
  run 935/1500     0.107 s
POINT 935 0.107361 153.339
  run 936/1500     0.107 s
POINT 936 0.107370 153.503
  run 937/1500     0.107 s
POINT 937 0.107434 153.667
  run 938/1500     0.107 s
POINT 938 0.107401 153.831
  run 939/1500     0.108 s
POINT 939 0.107510 153.995
  run 940/1500     0.108 s
POINT 940 0.107541 154.159
  run 941/1500     0.107 s
POINT 941 0.107470 154.323
  run 942/1500     0.107 s
POINT 942 0.107487 154.487
  run 943/1500     0.107 s
POINT 943 0.107423 154.651
  run 944/1500     0.107 s
POINT 944 0.107342 154.815
  run 945/1500     0.107 s
POINT 945 0.107435 154.979
  run 946/1500     0.107 s
POINT 946 0.107413 155.143
  run 947/1500     0.107 s
POINT 947 0.107424 155.307
  run 948/1500     0.107 s
POINT 948 0.107410 155.471
  run 949/1500     0.107 s
POINT 949 0.107457 155.635
  run 950/1500     0.107 s
POINT 950 0.107387 155.799
  run 951/1500     0.108 s
POINT 951 0.107505 155.963
  run 952/1500     0.108 s
POINT 952 0.107527 156.127
  run 953/1500     0.107 s
POINT 953 0.107414 156.291
  run 954/1500     0.107 s
POINT 954 0.107476 156.455
  run 955/1500     0.108 s
POINT 955 0.107527 156.619
  run 956/1500     0.108 s
POINT 956 0.107513 156.783
  run 957/1500     0.108 s
POINT 957 0.107602 156.947
  run 958/1500     0.107 s
POINT 958 0.107381 157.111
  run 959/1500     0.107 s
POINT 959 0.107427 157.275
  run 960/1500     0.107 s
POINT 960 0.107452 157.439
  run 961/1500     0.107 s
POINT 961 0.107387 157.603
  run 962/1500     0.107 s
POINT 962 0.107461 157.767
  run 963/1500     0.108 s
POINT 963 0.107527 157.931
  run 964/1500     0.108 s
POINT 964 0.107548 158.095
  run 965/1500     0.107 s
POINT 965 0.107428 158.259
  run 966/1500     0.107 s
POINT 966 0.107413 158.423
  run 967/1500     0.108 s
POINT 967 0.107535 158.587
  run 968/1500     0.107 s
POINT 968 0.107416 158.751
  run 969/1500     0.107 s
POINT 969 0.107384 158.915
  run 970/1500     0.108 s
POINT 970 0.107515 159.079
  run 971/1500     0.107 s
POINT 971 0.107468 159.243
  run 972/1500     0.107 s
POINT 972 0.107475 159.407
  run 973/1500     0.107 s
POINT 973 0.107423 159.571
  run 974/1500     0.108 s
POINT 974 0.107522 159.735
  run 975/1500     0.107 s
POINT 975 0.107425 159.899
  run 976/1500     0.107 s
POINT 976 0.107378 160.063
  run 977/1500     0.107 s
POINT 977 0.107389 160.227
  run 978/1500     0.107 s
POINT 978 0.107483 160.391
  run 979/1500     0.108 s
POINT 979 0.107529 160.555
  run 980/1500     0.108 s
POINT 980 0.107504 160.719
  run 981/1500     0.107 s
POINT 981 0.107441 160.883
  run 982/1500     0.108 s
POINT 982 0.107559 161.047
  run 983/1500     0.108 s
POINT 983 0.107529 161.211
  run 984/1500     0.107 s
POINT 984 0.107400 161.375
  run 985/1500     0.107 s
POINT 985 0.107470 161.539
  run 986/1500     0.107 s
POINT 986 0.107406 161.703
  run 987/1500     0.107 s
POINT 987 0.107484 161.867
  run 988/1500     0.107 s
POINT 988 0.107495 162.031
  run 989/1500     0.108 s
POINT 989 0.107512 162.195
  run 990/1500     0.107 s
POINT 990 0.107418 162.359
  run 991/1500     0.107 s
POINT 991 0.107486 162.523
  run 992/1500     0.107 s
POINT 992 0.107387 162.687
  run 993/1500     0.107 s
POINT 993 0.107429 162.851
  run 994/1500     0.107 s
POINT 994 0.107434 163.015
  run 995/1500     0.107 s
POINT 995 0.107471 163.179
  run 996/1500     0.108 s
POINT 996 0.108109 163.344
  run 997/1500     0.107 s
POINT 997 0.107351 163.507
  run 998/1500     0.107 s
POINT 998 0.107444 163.671
  run 999/1500     0.107 s
POINT 999 0.107474 163.835
  run 1000/1500     0.107 s
POINT 1000 0.107494 163.999
  run 1001/1500     0.107 s
POINT 1001 0.107471 164.163
  run 1002/1500     0.107 s
POINT 1002 0.107493 164.328
  run 1003/1500     0.107 s
POINT 1003 0.107402 164.491
  run 1004/1500     0.107 s
POINT 1004 0.107447 164.656
  run 1005/1500     0.108 s
POINT 1005 0.107538 164.820
  run 1006/1500     0.107 s
POINT 1006 0.107389 164.983
  run 1007/1500     0.108 s
POINT 1007 0.107525 165.148
  run 1008/1500     0.108 s
POINT 1008 0.107544 165.312
  run 1009/1500     0.107 s
POINT 1009 0.107477 165.476
  run 1010/1500     0.107 s
POINT 1010 0.107416 165.640
  run 1011/1500     0.107 s
POINT 1011 0.107419 165.803
  run 1012/1500     0.107 s
POINT 1012 0.107429 165.967
  run 1013/1500     0.107 s
POINT 1013 0.107482 166.131
  run 1014/1500     0.107 s
POINT 1014 0.107434 166.295
  run 1015/1500     0.107 s
POINT 1015 0.107485 166.459
  run 1016/1500     0.107 s
POINT 1016 0.107429 166.623
  run 1017/1500     0.107 s
POINT 1017 0.107400 166.787
  run 1018/1500     0.107 s
POINT 1018 0.107416 166.951
  run 1019/1500     0.107 s
POINT 1019 0.107425 167.115
  run 1020/1500     0.107 s
POINT 1020 0.107403 167.279
  run 1021/1500     0.107 s
POINT 1021 0.107385 167.443
  run 1022/1500     0.107 s
POINT 1022 0.107387 167.607
  run 1023/1500     0.107 s
POINT 1023 0.107399 167.771
  run 1024/1500     0.107 s
POINT 1024 0.107406 167.935
  run 1025/1500     0.107 s
POINT 1025 0.107412 168.099
  run 1026/1500     0.107 s
POINT 1026 0.107436 168.263
  run 1027/1500     0.108 s
POINT 1027 0.107518 168.427
  run 1028/1500     0.108 s
POINT 1028 0.107556 168.591
  run 1029/1500     0.107 s
POINT 1029 0.107487 168.755
  run 1030/1500     0.107 s
POINT 1030 0.107470 168.919
  run 1031/1500     0.107 s
POINT 1031 0.107407 169.083
  run 1032/1500     0.107 s
POINT 1032 0.107457 169.247
  run 1033/1500     0.107 s
POINT 1033 0.107371 169.411
  run 1034/1500     0.107 s
POINT 1034 0.107404 169.575
  run 1035/1500     0.107 s
POINT 1035 0.107497 169.739
  run 1036/1500     0.107 s
POINT 1036 0.107438 169.903
  run 1037/1500     0.108 s
POINT 1037 0.107528 170.067
  run 1038/1500     0.107 s
POINT 1038 0.107373 170.231
  run 1039/1500     0.107 s
POINT 1039 0.107384 170.395
  run 1040/1500     0.108 s
POINT 1040 0.107563 170.559
  run 1041/1500     0.107 s
POINT 1041 0.107330 170.723
  run 1042/1500     0.107 s
POINT 1042 0.107474 170.887
  run 1043/1500     0.107 s
POINT 1043 0.107382 171.051
  run 1044/1500     0.107 s
POINT 1044 0.107394 171.214
  run 1045/1500     0.107 s
POINT 1045 0.107480 171.379
  run 1046/1500     0.107 s
POINT 1046 0.107370 171.542
  run 1047/1500     0.107 s
POINT 1047 0.107451 171.706
  run 1048/1500     0.107 s
POINT 1048 0.107402 171.870
  run 1049/1500     0.107 s
POINT 1049 0.107394 172.034
  run 1050/1500     0.107 s
POINT 1050 0.107381 172.198
  run 1051/1500     0.107 s
POINT 1051 0.107422 172.362
  run 1052/1500     0.108 s
POINT 1052 0.107537 172.526
  run 1053/1500     0.108 s
POINT 1053 0.107519 172.690
  run 1054/1500     0.107 s
POINT 1054 0.107348 172.854
  run 1055/1500     0.107 s
POINT 1055 0.107471 173.018
  run 1056/1500     0.107 s
POINT 1056 0.107419 173.182
  run 1057/1500     0.107 s
POINT 1057 0.107414 173.346
  run 1058/1500     0.107 s
POINT 1058 0.107387 173.510
  run 1059/1500     0.107 s
POINT 1059 0.107416 173.674
  run 1060/1500     0.107 s
POINT 1060 0.107471 173.838
  run 1061/1500     0.108 s
POINT 1061 0.107507 174.002
  run 1062/1500     0.107 s
POINT 1062 0.107447 174.166
  run 1063/1500     0.107 s
POINT 1063 0.107434 174.330
  run 1064/1500     0.107 s
POINT 1064 0.107399 174.494
  run 1065/1500     0.108 s
POINT 1065 0.107593 174.658
  run 1066/1500     0.107 s
POINT 1066 0.107420 174.822
  run 1067/1500     0.107 s
POINT 1067 0.107409 174.986
  run 1068/1500     0.107 s
POINT 1068 0.107371 175.150
  run 1069/1500     0.107 s
POINT 1069 0.107436 175.314
  run 1070/1500     0.107 s
POINT 1070 0.107380 175.478
  run 1071/1500     0.107 s
POINT 1071 0.107469 175.642
  run 1072/1500     0.107 s
POINT 1072 0.107430 175.806
  run 1073/1500     0.107 s
POINT 1073 0.107379 175.970
  run 1074/1500     0.108 s
POINT 1074 0.107581 176.134
  run 1075/1500     0.107 s
POINT 1075 0.107399 176.298
  run 1076/1500     0.107 s
POINT 1076 0.107420 176.462
  run 1077/1500     0.107 s
POINT 1077 0.107464 176.626
  run 1078/1500     0.108 s
POINT 1078 0.107543 176.790
  run 1079/1500     0.107 s
POINT 1079 0.107478 176.954
  run 1080/1500     0.107 s
POINT 1080 0.107440 177.118
  run 1081/1500     0.107 s
POINT 1081 0.107380 177.282
  run 1082/1500     0.108 s
POINT 1082 0.107520 177.446
  run 1083/1500     0.108 s
POINT 1083 0.107528 177.610
  run 1084/1500     0.107 s
POINT 1084 0.107448 177.774
  run 1085/1500     0.107 s
POINT 1085 0.107392 177.938
  run 1086/1500     0.107 s
POINT 1086 0.107481 178.102
  run 1087/1500     0.107 s
POINT 1087 0.107424 178.266
  run 1088/1500     0.107 s
POINT 1088 0.107392 178.430
  run 1089/1500     0.107 s
POINT 1089 0.107493 178.594
  run 1090/1500     0.108 s
POINT 1090 0.107558 178.758
  run 1091/1500     0.107 s
POINT 1091 0.107450 178.922
  run 1092/1500     0.107 s
POINT 1092 0.107477 179.086
  run 1093/1500     0.107 s
POINT 1093 0.107440 179.250
  run 1094/1500     0.107 s
POINT 1094 0.107439 179.414
  run 1095/1500     0.107 s
POINT 1095 0.107494 179.578
  run 1096/1500     0.108 s
POINT 1096 0.107512 179.742
  run 1097/1500     0.107 s
POINT 1097 0.107423 179.906
  run 1098/1500     0.107 s
POINT 1098 0.107359 180.070
  run 1099/1500     0.107 s
POINT 1099 0.107385 180.233
  run 1100/1500     0.107 s
POINT 1100 0.107384 180.397
  run 1101/1500     0.108 s
POINT 1101 0.107508 180.561
  run 1102/1500     0.108 s
POINT 1102 0.107634 180.726
  run 1103/1500     0.107 s
POINT 1103 0.107349 180.889
  run 1104/1500     0.107 s
POINT 1104 0.107394 181.053
  run 1105/1500     0.107 s
POINT 1105 0.107355 181.217
  run 1106/1500     0.107 s
POINT 1106 0.107382 181.381
  run 1107/1500     0.107 s
POINT 1107 0.107429 181.545
  run 1108/1500     0.107 s
POINT 1108 0.107383 181.709
  run 1109/1500     0.107 s
POINT 1109 0.107434 181.873
  run 1110/1500     0.108 s
POINT 1110 0.107570 182.037
  run 1111/1500     0.108 s
POINT 1111 0.107534 182.201
  run 1112/1500     0.107 s
POINT 1112 0.107451 182.365
  run 1113/1500     0.107 s
POINT 1113 0.107490 182.529
  run 1114/1500     0.107 s
POINT 1114 0.107420 182.693
  run 1115/1500     0.108 s
POINT 1115 0.107540 182.857
  run 1116/1500     0.107 s
POINT 1116 0.107418 183.021
  run 1117/1500     0.107 s
POINT 1117 0.107458 183.185
  run 1118/1500     0.107 s
POINT 1118 0.107382 183.349
  run 1119/1500     0.107 s
POINT 1119 0.107439 183.513
  run 1120/1500     0.107 s
POINT 1120 0.107408 183.677
  run 1121/1500     0.107 s
POINT 1121 0.107386 183.841
  run 1122/1500     0.107 s
POINT 1122 0.107402 184.005
  run 1123/1500     0.107 s
POINT 1123 0.107394 184.169
  run 1124/1500     0.107 s
POINT 1124 0.107456 184.333
  run 1125/1500     0.107 s
POINT 1125 0.107493 184.497
  run 1126/1500     0.107 s
POINT 1126 0.107469 184.661
  run 1127/1500     0.108 s
POINT 1127 0.107621 184.825
  run 1128/1500     0.107 s
POINT 1128 0.107417 184.989
  run 1129/1500     0.107 s
POINT 1129 0.107426 185.153
  run 1130/1500     0.107 s
POINT 1130 0.107497 185.317
  run 1131/1500     0.107 s
POINT 1131 0.107371 185.481
  run 1132/1500     0.107 s
POINT 1132 0.107398 185.645
  run 1133/1500     0.107 s
POINT 1133 0.107432 185.809
  run 1134/1500     0.107 s
POINT 1134 0.107486 185.973
  run 1135/1500     0.108 s
POINT 1135 0.107567 186.137
  run 1136/1500     0.107 s
POINT 1136 0.107414 186.301
  run 1137/1500     0.107 s
POINT 1137 0.107395 186.465
  run 1138/1500     0.108 s
POINT 1138 0.107543 186.629
  run 1139/1500     0.108 s
POINT 1139 0.107501 186.793
  run 1140/1500     0.108 s
POINT 1140 0.107581 186.957
  run 1141/1500     0.107 s
POINT 1141 0.107433 187.121
  run 1142/1500     0.107 s
POINT 1142 0.107400 187.285
  run 1143/1500     0.107 s
POINT 1143 0.107458 187.449
  run 1144/1500     0.107 s
POINT 1144 0.107394 187.613
  run 1145/1500     0.107 s
POINT 1145 0.107399 187.777
  run 1146/1500     0.107 s
POINT 1146 0.107406 187.941
  run 1147/1500     0.107 s
POINT 1147 0.107461 188.105
  run 1148/1500     0.107 s
POINT 1148 0.107402 188.269
  run 1149/1500     0.107 s
POINT 1149 0.107403 188.433
  run 1150/1500     0.108 s
POINT 1150 0.107539 188.597
  run 1151/1500     0.108 s
POINT 1151 0.107564 188.761
  run 1152/1500     0.108 s
POINT 1152 0.107542 188.925
  run 1153/1500     0.107 s
POINT 1153 0.107430 189.089
  run 1154/1500     0.107 s
POINT 1154 0.107432 189.253
  run 1155/1500     0.107 s
POINT 1155 0.107438 189.417
  run 1156/1500     0.107 s
POINT 1156 0.107458 189.581
  run 1157/1500     0.107 s
POINT 1157 0.107400 189.745
  run 1158/1500     0.107 s
POINT 1158 0.107499 189.909
  run 1159/1500     0.107 s
POINT 1159 0.107469 190.073
  run 1160/1500     0.107 s
POINT 1160 0.107490 190.237
  run 1161/1500     0.107 s
POINT 1161 0.107419 190.401
  run 1162/1500     0.108 s
POINT 1162 0.107532 190.565
  run 1163/1500     0.107 s
POINT 1163 0.107432 190.729
  run 1164/1500     0.107 s
POINT 1164 0.107461 190.893
  run 1165/1500     0.108 s
POINT 1165 0.107595 191.057
  run 1166/1500     0.107 s
POINT 1166 0.107424 191.221
  run 1167/1500     0.108 s
POINT 1167 0.107522 191.385
  run 1168/1500     0.107 s
POINT 1168 0.107435 191.549
  run 1169/1500     0.108 s
POINT 1169 0.107510 191.713
  run 1170/1500     0.107 s
POINT 1170 0.107467 191.877
  run 1171/1500     0.107 s
POINT 1171 0.107488 192.041
  run 1172/1500     0.107 s
POINT 1172 0.107438 192.205
  run 1173/1500     0.107 s
POINT 1173 0.107440 192.369
  run 1174/1500     0.108 s
POINT 1174 0.107529 192.533
  run 1175/1500     0.107 s
POINT 1175 0.107408 192.697
  run 1176/1500     0.107 s
POINT 1176 0.107380 192.861
  run 1177/1500     0.108 s
POINT 1177 0.107572 193.025
  run 1178/1500     0.107 s
POINT 1178 0.107390 193.189
  run 1179/1500     0.108 s
POINT 1179 0.108165 193.354
  run 1180/1500     0.107 s
POINT 1180 0.107446 193.518
  run 1181/1500     0.107 s
POINT 1181 0.107451 193.682
  run 1182/1500     0.107 s
POINT 1182 0.107377 193.846
  run 1183/1500     0.107 s
POINT 1183 0.107472 194.010
  run 1184/1500     0.107 s
POINT 1184 0.107454 194.174
  run 1185/1500     0.107 s
POINT 1185 0.107453 194.338
  run 1186/1500     0.107 s
POINT 1186 0.107464 194.502
  run 1187/1500     0.108 s
POINT 1187 0.107503 194.666
  run 1188/1500     0.107 s
POINT 1188 0.107419 194.830
  run 1189/1500     0.107 s
POINT 1189 0.107418 194.994
  run 1190/1500     0.108 s
POINT 1190 0.107571 195.158
  run 1191/1500     0.107 s
POINT 1191 0.107460 195.322
  run 1192/1500     0.107 s
POINT 1192 0.107429 195.486
  run 1193/1500     0.108 s
POINT 1193 0.107528 195.650
  run 1194/1500     0.107 s
POINT 1194 0.107457 195.814
  run 1195/1500     0.107 s
POINT 1195 0.107360 195.978
  run 1196/1500     0.107 s
POINT 1196 0.107424 196.142
  run 1197/1500     0.107 s
POINT 1197 0.107488 196.306
  run 1198/1500     0.108 s
POINT 1198 0.107600 196.470
  run 1199/1500     0.107 s
POINT 1199 0.107427 196.634
  run 1200/1500     0.108 s
POINT 1200 0.107600 196.798
  run 1201/1500     0.107 s
POINT 1201 0.107487 196.962
  run 1202/1500     0.107 s
POINT 1202 0.107461 197.126
  run 1203/1500     0.107 s
POINT 1203 0.107471 197.290
  run 1204/1500     0.108 s
POINT 1204 0.107542 197.454
  run 1205/1500     0.107 s
POINT 1205 0.107469 197.618
  run 1206/1500     0.107 s
POINT 1206 0.107447 197.782
  run 1207/1500     0.107 s
POINT 1207 0.107463 197.946
  run 1208/1500     0.107 s
POINT 1208 0.107392 198.110
  run 1209/1500     0.107 s
POINT 1209 0.107471 198.274
  run 1210/1500     0.108 s
POINT 1210 0.107527 198.438
  run 1211/1500     0.107 s
POINT 1211 0.107480 198.602
  run 1212/1500     0.107 s
POINT 1212 0.107398 198.766
  run 1213/1500     0.107 s
POINT 1213 0.107422 198.930
  run 1214/1500     0.107 s
POINT 1214 0.107499 199.094
  run 1215/1500     0.107 s
POINT 1215 0.107471 199.258
  run 1216/1500     0.107 s
POINT 1216 0.107401 199.422
  run 1217/1500     0.107 s
POINT 1217 0.107433 199.586
  run 1218/1500     0.108 s
POINT 1218 0.107531 199.750
  run 1219/1500     0.107 s
POINT 1219 0.107409 199.914
  run 1220/1500     0.107 s
POINT 1220 0.107373 200.079
  run 1221/1500     0.107 s
POINT 1221 0.107411 200.242
  run 1222/1500     0.107 s
POINT 1222 0.107451 200.406
  run 1223/1500     0.108 s
POINT 1223 0.107576 200.571
  run 1224/1500     0.107 s
POINT 1224 0.107443 200.735
  run 1225/1500     0.107 s
POINT 1225 0.107472 200.899
  run 1226/1500     0.107 s
POINT 1226 0.107455 201.063
  run 1227/1500     0.107 s
POINT 1227 0.107434 201.227
  run 1228/1500     0.108 s
POINT 1228 0.107526 201.391
  run 1229/1500     0.107 s
POINT 1229 0.107449 201.555
  run 1230/1500     0.107 s
POINT 1230 0.107404 201.718
  run 1231/1500     0.107 s
POINT 1231 0.107378 201.882
  run 1232/1500     0.107 s
POINT 1232 0.107462 202.046
  run 1233/1500     0.107 s
POINT 1233 0.107403 202.210
  run 1234/1500     0.107 s
POINT 1234 0.107419 202.374
  run 1235/1500     0.108 s
POINT 1235 0.107575 202.539
  run 1236/1500     0.108 s
POINT 1236 0.107515 202.703
  run 1237/1500     0.107 s
POINT 1237 0.107478 202.867
  run 1238/1500     0.107 s
POINT 1238 0.107368 203.030
  run 1239/1500     0.107 s
POINT 1239 0.107395 203.194
  run 1240/1500     0.107 s
POINT 1240 0.107366 203.358
  run 1241/1500     0.107 s
POINT 1241 0.107450 203.522
  run 1242/1500     0.107 s
POINT 1242 0.107489 203.686
  run 1243/1500     0.107 s
POINT 1243 0.107389 203.850
  run 1244/1500     0.107 s
POINT 1244 0.107416 204.014
  run 1245/1500     0.107 s
POINT 1245 0.107407 204.178
  run 1246/1500     0.107 s
POINT 1246 0.107368 204.342
  run 1247/1500     0.107 s
POINT 1247 0.107391 204.506
  run 1248/1500     0.108 s
POINT 1248 0.107563 204.670
  run 1249/1500     0.107 s
POINT 1249 0.107425 204.834
  run 1250/1500     0.107 s
POINT 1250 0.107340 204.998
  run 1251/1500     0.107 s
POINT 1251 0.107429 205.162
  run 1252/1500     0.107 s
POINT 1252 0.107333 205.326
  run 1253/1500     0.107 s
POINT 1253 0.107431 205.490
  run 1254/1500     0.107 s
POINT 1254 0.107395 205.654
  run 1255/1500     0.107 s
POINT 1255 0.107454 205.818
  run 1256/1500     0.107 s
POINT 1256 0.107405 205.982
  run 1257/1500     0.107 s
POINT 1257 0.107465 206.146
  run 1258/1500     0.107 s
POINT 1258 0.107410 206.310
  run 1259/1500     0.107 s
POINT 1259 0.107463 206.474
  run 1260/1500     0.108 s
POINT 1260 0.107531 206.638
  run 1261/1500     0.108 s
POINT 1261 0.107586 206.802
  run 1262/1500     0.107 s
POINT 1262 0.107430 206.966
  run 1263/1500     0.107 s
POINT 1263 0.107382 207.130
  run 1264/1500     0.107 s
POINT 1264 0.107374 207.294
  run 1265/1500     0.107 s
POINT 1265 0.107377 207.458
  run 1266/1500     0.107 s
POINT 1266 0.107363 207.622
  run 1267/1500     0.107 s
POINT 1267 0.107389 207.786
  run 1268/1500     0.107 s
POINT 1268 0.107410 207.950
  run 1269/1500     0.107 s
POINT 1269 0.107421 208.113
  run 1270/1500     0.107 s
POINT 1270 0.107456 208.277
  run 1271/1500     0.107 s
POINT 1271 0.107463 208.441
  run 1272/1500     0.107 s
POINT 1272 0.107468 208.605
  run 1273/1500     0.108 s
POINT 1273 0.107691 208.770
  run 1274/1500     0.107 s
POINT 1274 0.107333 208.934
  run 1275/1500     0.107 s
POINT 1275 0.107426 209.097
  run 1276/1500     0.107 s
POINT 1276 0.107363 209.261
  run 1277/1500     0.107 s
POINT 1277 0.107340 209.425
  run 1278/1500     0.107 s
POINT 1278 0.107440 209.589
  run 1279/1500     0.107 s
POINT 1279 0.107428 209.753
  run 1280/1500     0.107 s
POINT 1280 0.107397 209.917
  run 1281/1500     0.107 s
POINT 1281 0.107450 210.081
  run 1282/1500     0.107 s
POINT 1282 0.107413 210.245
  run 1283/1500     0.107 s
POINT 1283 0.107436 210.409
  run 1284/1500     0.108 s
POINT 1284 0.107504 210.573
  run 1285/1500     0.107 s
POINT 1285 0.107454 210.737
  run 1286/1500     0.107 s
POINT 1286 0.107436 210.901
  run 1287/1500     0.107 s
POINT 1287 0.107388 211.065
  run 1288/1500     0.107 s
POINT 1288 0.107414 211.229
  run 1289/1500     0.107 s
POINT 1289 0.107466 211.393
  run 1290/1500     0.107 s
POINT 1290 0.107466 211.557
  run 1291/1500     0.107 s
POINT 1291 0.107417 211.721
  run 1292/1500     0.107 s
POINT 1292 0.107382 211.885
  run 1293/1500     0.107 s
POINT 1293 0.107474 212.049
  run 1294/1500     0.107 s
POINT 1294 0.107382 212.213
  run 1295/1500     0.107 s
POINT 1295 0.107366 212.377
  run 1296/1500     0.108 s
POINT 1296 0.107526 212.541
  run 1297/1500     0.107 s
POINT 1297 0.107451 212.705
  run 1298/1500     0.108 s
POINT 1298 0.107571 212.869
  run 1299/1500     0.107 s
POINT 1299 0.107424 213.033
  run 1300/1500     0.107 s
POINT 1300 0.107333 213.197
  run 1301/1500     0.107 s
POINT 1301 0.107432 213.361
  run 1302/1500     0.107 s
POINT 1302 0.107353 213.525
  run 1303/1500     0.107 s
POINT 1303 0.107421 213.689
  run 1304/1500     0.107 s
POINT 1304 0.107412 213.853
  run 1305/1500     0.107 s
POINT 1305 0.107488 214.017
  run 1306/1500     0.107 s
POINT 1306 0.107486 214.181
  run 1307/1500     0.107 s
POINT 1307 0.107362 214.345
  run 1308/1500     0.108 s
POINT 1308 0.107565 214.509
  run 1309/1500     0.107 s
POINT 1309 0.107437 214.673
  run 1310/1500     0.108 s
POINT 1310 0.107536 214.837
  run 1311/1500     0.107 s
POINT 1311 0.107433 215.001
  run 1312/1500     0.107 s
POINT 1312 0.107395 215.165
  run 1313/1500     0.107 s
POINT 1313 0.107484 215.329
  run 1314/1500     0.107 s
POINT 1314 0.107396 215.493
  run 1315/1500     0.107 s
POINT 1315 0.107397 215.657
  run 1316/1500     0.107 s
POINT 1316 0.107447 215.821
  run 1317/1500     0.107 s
POINT 1317 0.107423 215.985
  run 1318/1500     0.107 s
POINT 1318 0.107387 216.149
  run 1319/1500     0.107 s
POINT 1319 0.107456 216.313
  run 1320/1500     0.107 s
POINT 1320 0.107483 216.477
  run 1321/1500     0.108 s
POINT 1321 0.107592 216.641
  run 1322/1500     0.108 s
POINT 1322 0.107568 216.805
  run 1323/1500     0.108 s
POINT 1323 0.107605 216.969
  run 1324/1500     0.107 s
POINT 1324 0.107466 217.133
  run 1325/1500     0.107 s
POINT 1325 0.107396 217.297
  run 1326/1500     0.107 s
POINT 1326 0.107380 217.461
  run 1327/1500     0.107 s
POINT 1327 0.107382 217.625
  run 1328/1500     0.107 s
POINT 1328 0.107440 217.789
  run 1329/1500     0.107 s
POINT 1329 0.107436 217.953
  run 1330/1500     0.107 s
POINT 1330 0.107440 218.117
  run 1331/1500     0.107 s
POINT 1331 0.107400 218.281
  run 1332/1500     0.108 s
POINT 1332 0.107502 218.445
  run 1333/1500     0.107 s
POINT 1333 0.107434 218.609
  run 1334/1500     0.107 s
POINT 1334 0.107438 218.773
  run 1335/1500     0.108 s
POINT 1335 0.107519 218.937
  run 1336/1500     0.108 s
POINT 1336 0.107508 219.101
  run 1337/1500     0.107 s
POINT 1337 0.107403 219.265
  run 1338/1500     0.107 s
POINT 1338 0.107424 219.429
  run 1339/1500     0.107 s
POINT 1339 0.107409 219.593
  run 1340/1500     0.107 s
POINT 1340 0.107404 219.757
  run 1341/1500     0.107 s
POINT 1341 0.107374 219.920
  run 1342/1500     0.107 s
POINT 1342 0.107350 220.084
  run 1343/1500     0.107 s
POINT 1343 0.107347 220.248
  run 1344/1500     0.107 s
POINT 1344 0.107455 220.412
  run 1345/1500     0.108 s
POINT 1345 0.107519 220.576
  run 1346/1500     0.107 s
POINT 1346 0.107492 220.740
  run 1347/1500     0.107 s
POINT 1347 0.107465 220.904
  run 1348/1500     0.108 s
POINT 1348 0.107525 221.068
  run 1349/1500     0.107 s
POINT 1349 0.107438 221.232
  run 1350/1500     0.107 s
POINT 1350 0.107394 221.396
  run 1351/1500     0.107 s
POINT 1351 0.107408 221.560
  run 1352/1500     0.107 s
POINT 1352 0.107423 221.724
  run 1353/1500     0.107 s
POINT 1353 0.107400 221.888
  run 1354/1500     0.108 s
POINT 1354 0.107519 222.052
  run 1355/1500     0.108 s
POINT 1355 0.107500 222.216
  run 1356/1500     0.107 s
POINT 1356 0.107412 222.380
  run 1357/1500     0.107 s
POINT 1357 0.107472 222.544
  run 1358/1500     0.107 s
POINT 1358 0.107386 222.708
  run 1359/1500     0.107 s
POINT 1359 0.107393 222.872
  run 1360/1500     0.107 s
POINT 1360 0.107474 223.036
  run 1361/1500     0.107 s
POINT 1361 0.107371 223.200
  run 1362/1500     0.108 s
POINT 1362 0.108083 223.365
  run 1363/1500     0.107 s
POINT 1363 0.107446 223.529
  run 1364/1500     0.108 s
POINT 1364 0.107510 223.693
  run 1365/1500     0.107 s
POINT 1365 0.107428 223.857
  run 1366/1500     0.108 s
POINT 1366 0.107531 224.021
  run 1367/1500     0.108 s
POINT 1367 0.107542 224.185
  run 1368/1500     0.107 s
POINT 1368 0.107395 224.349
  run 1369/1500     0.108 s
POINT 1369 0.107541 224.513
  run 1370/1500     0.107 s
POINT 1370 0.107497 224.677
  run 1371/1500     0.108 s
POINT 1371 0.107525 224.841
  run 1372/1500     0.107 s
POINT 1372 0.107406 225.005
  run 1373/1500     0.108 s
POINT 1373 0.107824 225.169
  run 1374/1500     0.107 s
POINT 1374 0.107391 225.333
  run 1375/1500     0.107 s
POINT 1375 0.107391 225.497
  run 1376/1500     0.107 s
POINT 1376 0.107429 225.661
  run 1377/1500     0.107 s
POINT 1377 0.107369 225.825
  run 1378/1500     0.108 s
POINT 1378 0.107527 225.989
  run 1379/1500     0.108 s
POINT 1379 0.107619 226.154
  run 1380/1500     0.107 s
POINT 1380 0.107373 226.317
  run 1381/1500     0.108 s
POINT 1381 0.107572 226.482
  run 1382/1500     0.107 s
POINT 1382 0.107426 226.646
  run 1383/1500     0.107 s
POINT 1383 0.107491 226.810
  run 1384/1500     0.107 s
POINT 1384 0.107466 226.974
  run 1385/1500     0.107 s
POINT 1385 0.107489 227.138
  run 1386/1500     0.107 s
POINT 1386 0.107477 227.302
  run 1387/1500     0.107 s
POINT 1387 0.107459 227.466
  run 1388/1500     0.107 s
POINT 1388 0.107396 227.629
  run 1389/1500     0.107 s
POINT 1389 0.107395 227.793
  run 1390/1500     0.107 s
POINT 1390 0.107375 227.957
  run 1391/1500     0.107 s
POINT 1391 0.107393 228.121
  run 1392/1500     0.107 s
POINT 1392 0.107465 228.285
  run 1393/1500     0.107 s
POINT 1393 0.107444 228.449
  run 1394/1500     0.108 s
POINT 1394 0.107538 228.613
  run 1395/1500     0.108 s
POINT 1395 0.107591 228.777
  run 1396/1500     0.107 s
POINT 1396 0.107406 228.941
  run 1397/1500     0.107 s
POINT 1397 0.107371 229.105
  run 1398/1500     0.107 s
POINT 1398 0.107421 229.269
  run 1399/1500     0.107 s
POINT 1399 0.107407 229.433
  run 1400/1500     0.107 s
POINT 1400 0.107400 229.597
  run 1401/1500     0.107 s
POINT 1401 0.107385 229.761
  run 1402/1500     0.107 s
POINT 1402 0.107391 229.925
  run 1403/1500     0.108 s
POINT 1403 0.107523 230.089
  run 1404/1500     0.107 s
POINT 1404 0.107349 230.253
  run 1405/1500     0.107 s
POINT 1405 0.107472 230.417
  run 1406/1500     0.108 s
POINT 1406 0.107605 230.581
  run 1407/1500     0.107 s
POINT 1407 0.107392 230.745
  run 1408/1500     0.107 s
POINT 1408 0.107421 230.909
  run 1409/1500     0.107 s
POINT 1409 0.107382 231.073
  run 1410/1500     0.107 s
POINT 1410 0.107417 231.237
  run 1411/1500     0.107 s
POINT 1411 0.107450 231.401
  run 1412/1500     0.107 s
POINT 1412 0.107461 231.565
  run 1413/1500     0.107 s
POINT 1413 0.107389 231.729
  run 1414/1500     0.107 s
POINT 1414 0.107405 231.893
  run 1415/1500     0.107 s
POINT 1415 0.107425 232.057
  run 1416/1500     0.107 s
POINT 1416 0.107471 232.221
  run 1417/1500     0.107 s
POINT 1417 0.107465 232.385
  run 1418/1500     0.107 s
POINT 1418 0.107482 232.549
  run 1419/1500     0.108 s
POINT 1419 0.107512 232.713
  run 1420/1500     0.108 s
POINT 1420 0.107564 232.877
  run 1421/1500     0.107 s
POINT 1421 0.107392 233.041
  run 1422/1500     0.107 s
POINT 1422 0.107428 233.205
  run 1423/1500     0.107 s
POINT 1423 0.107426 233.369
  run 1424/1500     0.107 s
POINT 1424 0.107438 233.533
  run 1425/1500     0.107 s
POINT 1425 0.107413 233.697
  run 1426/1500     0.107 s
POINT 1426 0.107362 233.861
  run 1427/1500     0.108 s
POINT 1427 0.107521 234.025
  run 1428/1500     0.108 s
POINT 1428 0.107501 234.189
  run 1429/1500     0.107 s
POINT 1429 0.107429 234.353
  run 1430/1500     0.107 s
POINT 1430 0.107432 234.517
  run 1431/1500     0.108 s
POINT 1431 0.107584 234.681
  run 1432/1500     0.107 s
POINT 1432 0.107385 234.845
  run 1433/1500     0.107 s
POINT 1433 0.107451 235.009
  run 1434/1500     0.107 s
POINT 1434 0.107471 235.173
  run 1435/1500     0.107 s
POINT 1435 0.107430 235.337
  run 1436/1500     0.107 s
POINT 1436 0.107401 235.501
  run 1437/1500     0.107 s
POINT 1437 0.107371 235.665
  run 1438/1500     0.107 s
POINT 1438 0.107464 235.829
  run 1439/1500     0.107 s
POINT 1439 0.107432 235.993
  run 1440/1500     0.107 s
POINT 1440 0.107481 236.157
  run 1441/1500     0.107 s
POINT 1441 0.107394 236.321
  run 1442/1500     0.107 s
POINT 1442 0.107397 236.485
  run 1443/1500     0.108 s
POINT 1443 0.107507 236.649
  run 1444/1500     0.108 s
POINT 1444 0.107518 236.813
  run 1445/1500     0.107 s
POINT 1445 0.107417 236.977
  run 1446/1500     0.107 s
POINT 1446 0.107393 237.141
  run 1447/1500     0.107 s
POINT 1447 0.107459 237.305
  run 1448/1500     0.107 s
POINT 1448 0.107486 237.469
  run 1449/1500     0.107 s
POINT 1449 0.107408 237.633
  run 1450/1500     0.107 s
POINT 1450 0.107436 237.797
  run 1451/1500     0.107 s
POINT 1451 0.107442 237.961
  run 1452/1500     0.107 s
POINT 1452 0.107462 238.125
  run 1453/1500     0.107 s
POINT 1453 0.107458 238.289
  run 1454/1500     0.107 s
POINT 1454 0.107457 238.453
  run 1455/1500     0.107 s
POINT 1455 0.107362 238.617
  run 1456/1500     0.108 s
POINT 1456 0.107569 238.781
  run 1457/1500     0.107 s
POINT 1457 0.107419 238.945
  run 1458/1500     0.107 s
POINT 1458 0.107446 239.109
  run 1459/1500     0.107 s
POINT 1459 0.107406 239.273
  run 1460/1500     0.108 s
POINT 1460 0.107526 239.437
  run 1461/1500     0.107 s
POINT 1461 0.107424 239.601
  run 1462/1500     0.107 s
POINT 1462 0.107425 239.765
  run 1463/1500     0.107 s
POINT 1463 0.107445 239.929
  run 1464/1500     0.108 s
POINT 1464 0.107504 240.093
  run 1465/1500     0.107 s
POINT 1465 0.107399 240.257
  run 1466/1500     0.107 s
POINT 1466 0.107400 240.421
  run 1467/1500     0.108 s
POINT 1467 0.107522 240.585
  run 1468/1500     0.108 s
POINT 1468 0.107684 240.749
  run 1469/1500     0.108 s
POINT 1469 0.107501 240.913
  run 1470/1500     0.107 s
POINT 1470 0.107402 241.077
  run 1471/1500     0.107 s
POINT 1471 0.107406 241.241
  run 1472/1500     0.107 s
POINT 1472 0.107446 241.405
  run 1473/1500     0.107 s
POINT 1473 0.107353 241.569
  run 1474/1500     0.107 s
POINT 1474 0.107414 241.733
  run 1475/1500     0.107 s
POINT 1475 0.107430 241.897
  run 1476/1500     0.107 s
POINT 1476 0.107492 242.061
  run 1477/1500     0.108 s
POINT 1477 0.107556 242.225
  run 1478/1500     0.107 s
POINT 1478 0.107472 242.389
  run 1479/1500     0.108 s
POINT 1479 0.107504 242.553
  run 1480/1500     0.107 s
POINT 1480 0.107412 242.717
  run 1481/1500     0.108 s
POINT 1481 0.107546 242.881
  run 1482/1500     0.107 s
POINT 1482 0.107373 243.045
  run 1483/1500     0.107 s
POINT 1483 0.107414 243.209
  run 1484/1500     0.107 s
POINT 1484 0.107386 243.373
  run 1485/1500     0.107 s
POINT 1485 0.107483 243.537
  run 1486/1500     0.107 s
POINT 1486 0.107317 243.701
  run 1487/1500     0.107 s
POINT 1487 0.107377 243.865
  run 1488/1500     0.107 s
POINT 1488 0.107329 244.029
  run 1489/1500     0.107 s
POINT 1489 0.107415 244.193
  run 1490/1500     0.107 s
POINT 1490 0.107459 244.357
  run 1491/1500     0.107 s
POINT 1491 0.107452 244.521
  run 1492/1500     0.107 s
POINT 1492 0.107366 244.685
  run 1493/1500     0.108 s
POINT 1493 0.107558 244.849
  run 1494/1500     0.108 s
POINT 1494 0.107572 245.013
  run 1495/1500     0.108 s
POINT 1495 0.107642 245.177
  run 1496/1500     0.107 s
POINT 1496 0.107444 245.341
  run 1497/1500     0.107 s
POINT 1497 0.107411 245.505
  run 1498/1500     0.107 s
POINT 1498 0.107384 245.669
  run 1499/1500     0.107 s
POINT 1499 0.107427 245.833
  run 1500/1500     0.107 s
POINT 1500 0.107493 245.997
RESULT mean 0.107 s   sd 0.000 s   (0.09%)
DIGEST b1b51e524df78620caf52dd3832fedd2e74c43a1c598a876dbaf30eb92633d4f
GATE PASS: variance <= 2% -- usable as a control
