  cache scrub  64 MiB between runs (LLC is 16 MiB shared)
matmul  N=4096  iters=1  runs=1500  seed=20260818
  weights      64.0 MiB  (writable -- pass --protect-weights to prove RO)
  result       16.0 KiB
RANGES pid=5440
RANGE weights 0xf2b95d800000 0xf2b961800000 67108864
RANGE result  0xf2b961c35000 0xf2b961c39000 16384
TSTART 1787258532.702
  run  1/1500     0.107 s
POINT 1 0.107412 0.164
  run  2/1500     0.107 s
POINT 2 0.107377 0.328
  run  3/1500     0.107 s
POINT 3 0.107407 0.492
  run  4/1500     0.108 s
POINT 4 0.107505 0.656
  run  5/1500     0.144 s
POINT 5 0.144039 0.857
  run  6/1500     0.110 s
POINT 6 0.109951 1.023
  run  7/1500     0.108 s
POINT 7 0.107547 1.187
  run  8/1500     0.107 s
POINT 8 0.107390 1.351
  run  9/1500     0.107 s
POINT 9 0.107431 1.515
  run 10/1500     0.107 s
POINT 10 0.107408 1.679
  run 11/1500     0.107 s
POINT 11 0.107449 1.843
  run 12/1500     0.107 s
POINT 12 0.107478 2.007
  run 13/1500     0.108 s
POINT 13 0.107531 2.171
  run 14/1500     0.107 s
POINT 14 0.107458 2.335
  run 15/1500     0.107 s
POINT 15 0.107394 2.499
  run 16/1500     0.107 s
POINT 16 0.107407 2.663
  run 17/1500     0.107 s
POINT 17 0.107469 2.827
  run 18/1500     0.151 s
POINT 18 0.151393 3.063
  run 19/1500     0.108 s
POINT 19 0.107513 3.227
  run 20/1500     0.107 s
POINT 20 0.107470 3.391
  run 21/1500     0.108 s
POINT 21 0.107589 3.555
  run 22/1500     0.107 s
POINT 22 0.107404 3.719
  run 23/1500     0.107 s
POINT 23 0.107477 3.883
  run 24/1500     0.107 s
POINT 24 0.107400 4.047
  run 25/1500     0.107 s
POINT 25 0.107412 7.569
  run 26/1500     0.107 s
POINT 26 0.107466 7.736
  run 27/1500     0.107 s
POINT 27 0.107402 7.903
  run 28/1500     0.107 s
POINT 28 0.107474 8.070
  run 29/1500     0.107 s
POINT 29 0.107384 8.237
  run 30/1500     0.107 s
POINT 30 0.107378 8.404
  run 31/1500     0.107 s
POINT 31 0.107441 8.571
  run 32/1500     0.125 s
POINT 32 0.125028 8.765
  run 33/1500     0.107 s
POINT 33 0.107446 12.145
  run 34/1500     0.107 s
POINT 34 0.107458 12.315
  run 35/1500     0.107 s
POINT 35 0.107432 12.485
  run 36/1500     0.107 s
POINT 36 0.107468 12.655
  run 37/1500     0.107 s
POINT 37 0.107481 12.825
  run 38/1500     0.107 s
POINT 38 0.107419 12.996
  run 39/1500     0.112 s
POINT 39 0.111741 13.170
  run 40/1500     0.107 s
POINT 40 0.107452 16.523
  run 41/1500     0.107 s
POINT 41 0.107426 16.697
  run 42/1500     0.107 s
POINT 42 0.107492 16.870
  run 43/1500     0.107 s
POINT 43 0.107376 17.043
  run 44/1500     0.109 s
POINT 44 0.108559 17.217
  run 45/1500     0.118 s
POINT 45 0.117749 17.401
  run 46/1500     0.107 s
POINT 46 0.107471 19.974
  run 47/1500     0.107 s
POINT 47 0.107406 20.150
  run 48/1500     0.107 s
POINT 48 0.107381 20.327
  run 49/1500     0.107 s
POINT 49 0.107421 20.503
  run 50/1500     0.107 s
POINT 50 0.107381 20.679
  run 51/1500     0.109 s
POINT 51 0.108626 20.857
  run 52/1500     0.107 s
POINT 52 0.107466 23.442
  run 53/1500     0.107 s
POINT 53 0.107391 23.621
  run 54/1500     0.107 s
POINT 54 0.107482 23.801
  run 55/1500     0.107 s
POINT 55 0.107483 23.980
  run 56/1500     0.107 s
POINT 56 0.107457 24.159
  run 57/1500     0.124 s
POINT 57 0.123784 24.355
  run 58/1500     0.107 s
POINT 58 0.107443 26.985
  run 59/1500     0.107 s
POINT 59 0.107439 27.168
  run 60/1500     0.107 s
POINT 60 0.107388 27.350
  run 61/1500     0.107 s
POINT 61 0.107458 27.533
  run 62/1500     0.107 s
POINT 62 0.107436 27.715
  run 63/1500     0.122 s
POINT 63 0.122244 27.913
  run 64/1500     0.107 s
POINT 64 0.107467 30.540
  run 65/1500     0.107 s
POINT 65 0.107455 30.725
  run 66/1500     0.107 s
POINT 66 0.107449 30.911
  run 67/1500     0.107 s
POINT 67 0.107438 31.097
  run 68/1500     0.107 s
POINT 68 0.107445 31.283
  run 69/1500     0.110 s
POINT 69 0.110045 31.471
  run 70/1500     0.107 s
POINT 70 0.107455 34.111
  run 71/1500     0.107 s
POINT 71 0.107484 34.300
  run 72/1500     0.107 s
POINT 72 0.107435 34.489
  run 73/1500     0.107 s
POINT 73 0.107455 34.678
  run 74/1500     0.107 s
POINT 74 0.107481 34.867
  run 75/1500     0.116 s
POINT 75 0.116063 35.064
  run 76/1500     0.107 s
POINT 76 0.107394 37.620
  run 77/1500     0.107 s
POINT 77 0.107398 37.812
  run 78/1500     0.107 s
POINT 78 0.107417 38.004
  run 79/1500     0.107 s
POINT 79 0.107451 38.196
  run 80/1500     0.107 s
POINT 80 0.107452 38.388
  run 81/1500     0.125 s
POINT 81 0.124814 38.597
  run 82/1500     0.107 s
POINT 82 0.107472 41.094
  run 83/1500     0.107 s
POINT 83 0.107472 41.290
  run 84/1500     0.107 s
POINT 84 0.107405 41.484
  run 85/1500     0.108 s
POINT 85 0.107517 41.680
  run 86/1500     0.107 s
POINT 86 0.107472 41.875
  run 87/1500     0.114 s
POINT 87 0.114027 42.088
  run 88/1500     0.107 s
POINT 88 0.107488 44.730
  run 89/1500     0.107 s
POINT 89 0.107382 44.928
  run 90/1500     0.107 s
POINT 90 0.107498 45.126
  run 91/1500     0.107 s
POINT 91 0.107400 45.324
  run 92/1500     0.107 s
POINT 92 0.107456 45.523
  run 93/1500     0.115 s
POINT 93 0.114965 45.737
  run 94/1500     0.107 s
POINT 94 0.107489 48.193
  run 95/1500     0.107 s
POINT 95 0.107469 48.394
  run 96/1500     0.107 s
POINT 96 0.107439 48.595
  run 97/1500     0.107 s
POINT 97 0.107402 48.796
  run 98/1500     0.107 s
POINT 98 0.107376 48.998
  run 99/1500     0.117 s
POINT 99 0.117014 49.217
  run 100/1500     0.107 s
POINT 100 0.107392 51.764
  run 101/1500     0.107 s
POINT 101 0.107450 51.968
  run 102/1500     0.107 s
POINT 102 0.107396 52.173
  run 103/1500     0.108 s
POINT 103 0.107501 52.377
  run 104/1500     0.107 s
POINT 104 0.107384 52.582
  run 105/1500     0.107 s
POINT 105 0.107361 55.240
  run 106/1500     0.107 s
POINT 106 0.107475 55.447
  run 107/1500     0.107 s
POINT 107 0.107464 55.655
  run 108/1500     0.107 s
POINT 108 0.107466 55.862
  run 109/1500     0.107 s
POINT 109 0.107395 56.070
  run 110/1500     0.108 s
POINT 110 0.107504 58.686
  run 111/1500     0.107 s
POINT 111 0.107420 58.897
  run 112/1500     0.107 s
POINT 112 0.107421 59.107
  run 113/1500     0.107 s
POINT 113 0.107449 59.318
  run 114/1500     0.107 s
POINT 114 0.107432 59.529
  run 115/1500     0.107 s
POINT 115 0.107413 62.283
  run 116/1500     0.107 s
POINT 116 0.107430 62.496
  run 117/1500     0.107 s
POINT 117 0.107426 62.710
  run 118/1500     0.107 s
POINT 118 0.107441 62.924
  run 119/1500     0.107 s
POINT 119 0.107456 63.138
  run 120/1500     0.107 s
POINT 120 0.107495 65.798
  run 121/1500     0.108 s
POINT 121 0.107881 66.016
  run 122/1500     0.108 s
POINT 122 0.107516 66.233
  run 123/1500     0.107 s
POINT 123 0.107421 66.450
  run 124/1500     0.122 s
POINT 124 0.122034 66.681
  run 125/1500     0.107 s
POINT 125 0.107434 69.410
  run 126/1500     0.107 s
POINT 126 0.107392 69.630
  run 127/1500     0.107 s
POINT 127 0.107430 69.850
  run 128/1500     0.107 s
POINT 128 0.107424 70.070
  run 129/1500     0.108 s
POINT 129 0.107527 70.307
  run 130/1500     0.108 s
POINT 130 0.107517 73.051
  run 131/1500     0.108 s
POINT 131 0.107558 73.275
  run 132/1500     0.107 s
POINT 132 0.107476 73.498
  run 133/1500     0.107 s
POINT 133 0.107414 73.721
  run 134/1500     0.118 s
POINT 134 0.117634 73.954
  run 135/1500     0.107 s
POINT 135 0.107478 76.548
  run 136/1500     0.107 s
POINT 136 0.107495 76.774
  run 137/1500     0.107 s
POINT 137 0.107453 77.000
  run 138/1500     0.107 s
POINT 138 0.107493 77.227
  run 139/1500     0.122 s
POINT 139 0.122428 77.468
  run 140/1500     0.107 s
POINT 140 0.107428 80.083
  run 141/1500     0.107 s
POINT 141 0.107405 80.312
  run 142/1500     0.107 s
POINT 142 0.107451 80.541
  run 143/1500     0.107 s
POINT 143 0.107448 80.771
  run 144/1500     0.125 s
POINT 144 0.124564 81.017
  run 145/1500     0.108 s
POINT 145 0.108377 83.583
  run 146/1500     0.107 s
POINT 146 0.107453 83.815
  run 147/1500     0.107 s
POINT 147 0.107442 84.048
  run 148/1500     0.107 s
POINT 148 0.107410 84.280
  run 149/1500     0.125 s
POINT 149 0.124879 84.530
  run 150/1500     0.110 s
POINT 150 0.109777 87.045
  run 151/1500     0.107 s
POINT 151 0.107430 87.282
  run 152/1500     0.108 s
POINT 152 0.107516 87.517
  run 153/1500     0.107 s
POINT 153 0.107421 87.753
  run 154/1500     0.123 s
POINT 154 0.122879 88.004
  run 155/1500     0.107 s
POINT 155 0.107466 90.565
  run 156/1500     0.107 s
POINT 156 0.107394 90.804
  run 157/1500     0.107 s
POINT 157 0.107419 91.043
  run 158/1500     0.107 s
POINT 158 0.107482 91.281
  run 159/1500     0.118 s
POINT 159 0.118055 91.531
  run 160/1500     0.108 s
POINT 160 0.108336 94.094
  run 161/1500     0.107 s
POINT 161 0.107439 94.336
  run 162/1500     0.107 s
POINT 162 0.107419 94.578
  run 163/1500     0.107 s
POINT 163 0.107427 94.819
  run 164/1500     0.116 s
POINT 164 0.115791 95.086
  run 165/1500     0.109 s
POINT 165 0.109393 97.579
  run 166/1500     0.107 s
POINT 166 0.107451 97.824
  run 167/1500     0.108 s
POINT 167 0.107548 98.069
  run 168/1500     0.107 s
POINT 168 0.107460 98.314
  run 169/1500     0.116 s
POINT 169 0.116428 98.584
  run 170/1500     0.109 s
POINT 170 0.109077 101.150
  run 171/1500     0.107 s
POINT 171 0.107408 101.398
  run 172/1500     0.108 s
POINT 172 0.107562 101.646
  run 173/1500     0.107 s
POINT 173 0.107491 101.894
  run 174/1500     0.116 s
POINT 174 0.116493 102.168
  run 175/1500     0.109 s
POINT 175 0.109254 104.672
  run 176/1500     0.107 s
POINT 176 0.107481 104.924
  run 177/1500     0.107 s
POINT 177 0.107437 105.175
  run 178/1500     0.107 s
POINT 178 0.107412 105.426
  run 179/1500     0.116 s
POINT 179 0.116416 105.688
  run 180/1500     0.110 s
POINT 180 0.110377 108.189
  run 181/1500     0.108 s
POINT 181 0.107504 108.443
  run 182/1500     0.107 s
POINT 182 0.107453 108.697
  run 183/1500     0.107 s
POINT 183 0.107429 108.951
  run 184/1500     0.108 s
POINT 184 0.107594 111.611
  run 185/1500     0.107 s
POINT 185 0.107452 111.868
  run 186/1500     0.107 s
POINT 186 0.107459 112.126
  run 187/1500     0.107 s
POINT 187 0.107433 112.383
  run 188/1500     0.107 s
POINT 188 0.107450 115.057
  run 189/1500     0.107 s
POINT 189 0.107439 115.318
  run 190/1500     0.107 s
POINT 190 0.107499 115.578
  run 191/1500     0.107 s
POINT 191 0.107427 115.839
  run 192/1500     0.108 s
POINT 192 0.107527 118.636
  run 193/1500     0.107 s
POINT 193 0.107469 118.900
  run 194/1500     0.107 s
POINT 194 0.107481 119.163
  run 195/1500     0.107 s
POINT 195 0.107424 119.427
  run 196/1500     0.107 s
POINT 196 0.107402 122.093
  run 197/1500     0.107 s
POINT 197 0.107476 122.360
  run 198/1500     0.107 s
POINT 198 0.107393 122.627
  run 199/1500     0.107 s
POINT 199 0.107416 122.894
  run 200/1500     0.107 s
POINT 200 0.107440 125.750
  run 201/1500     0.107 s
POINT 201 0.107443 126.020
  run 202/1500     0.107 s
POINT 202 0.107403 126.290
  run 203/1500     0.107 s
POINT 203 0.107432 126.560
  run 204/1500     0.107 s
POINT 204 0.107401 129.196
  run 205/1500     0.107 s
POINT 205 0.107484 129.469
  run 206/1500     0.107 s
POINT 206 0.107393 129.742
  run 207/1500     0.108 s
POINT 207 0.107502 130.015
  run 208/1500     0.107 s
POINT 208 0.107483 132.648
  run 209/1500     0.107 s
POINT 209 0.107437 132.924
  run 210/1500     0.108 s
POINT 210 0.107516 133.200
  run 211/1500     0.107 s
POINT 211 0.107451 133.477
  run 212/1500     0.107 s
POINT 212 0.107398 136.162
  run 213/1500     0.107 s
POINT 213 0.107431 136.441
  run 214/1500     0.107 s
POINT 214 0.107451 136.720
  run 215/1500     0.107 s
POINT 215 0.107476 136.999
  run 216/1500     0.108 s
POINT 216 0.107544 139.628
  run 217/1500     0.107 s
POINT 217 0.107405 139.911
  run 218/1500     0.107 s
POINT 218 0.107435 140.193
  run 219/1500     0.107 s
POINT 219 0.107465 140.475
  run 220/1500     0.109 s
POINT 220 0.108590 143.100
  run 221/1500     0.107 s
POINT 221 0.107473 143.386
  run 222/1500     0.108 s
POINT 222 0.107557 143.671
  run 223/1500     0.122 s
POINT 223 0.122344 143.972
  run 224/1500     0.108 s
POINT 224 0.108321 146.700
  run 225/1500     0.107 s
POINT 225 0.107461 146.988
  run 226/1500     0.107 s
POINT 226 0.107468 147.277
  run 227/1500     0.117 s
POINT 227 0.116552 147.575
  run 228/1500     0.110 s
POINT 228 0.110289 150.184
  run 229/1500     0.107 s
POINT 229 0.107459 150.475
  run 230/1500     0.107 s
POINT 230 0.107392 150.767
  run 231/1500     0.116 s
POINT 231 0.116261 151.068
  run 232/1500     0.111 s
POINT 232 0.110753 153.624
  run 233/1500     0.107 s
POINT 233 0.107463 153.919
  run 234/1500     0.108 s
POINT 234 0.107554 154.214
  run 235/1500     0.123 s
POINT 235 0.123189 154.525
  run 236/1500     0.110 s
POINT 236 0.109649 157.088
  run 237/1500     0.108 s
POINT 237 0.108163 157.387
  run 238/1500     0.108 s
POINT 238 0.107503 157.685
  run 239/1500     0.123 s
POINT 239 0.122747 157.999
  run 240/1500     0.110 s
POINT 240 0.110399 160.557
  run 241/1500     0.108 s
POINT 241 0.107505 160.858
  run 242/1500     0.107 s
POINT 242 0.107454 161.160
  run 243/1500     0.123 s
POINT 243 0.123320 161.477
  run 244/1500     0.111 s
POINT 244 0.110712 164.044
  run 245/1500     0.107 s
POINT 245 0.107438 164.349
  run 246/1500     0.107 s
POINT 246 0.107414 164.653
  run 247/1500     0.114 s
POINT 247 0.114034 164.969
  run 248/1500     0.111 s
POINT 248 0.110767 167.484
  run 249/1500     0.107 s
POINT 249 0.107436 167.791
  run 250/1500     0.107 s
POINT 250 0.107432 168.099
  run 251/1500     0.115 s
POINT 251 0.115236 168.425
  run 252/1500     0.111 s
POINT 252 0.110686 170.954
  run 253/1500     0.107 s
POINT 253 0.107456 171.265
  run 254/1500     0.108 s
POINT 254 0.107514 171.575
  run 255/1500     0.107 s
POINT 255 0.107408 174.432
  run 256/1500     0.107 s
POINT 256 0.107432 174.745
  run 257/1500     0.108 s
POINT 257 0.107539 175.059
  run 258/1500     0.124 s
POINT 258 0.123655 175.389
  run 259/1500     0.108 s
POINT 259 0.107509 177.967
  run 260/1500     0.107 s
POINT 260 0.107439 178.284
  run 261/1500     0.107 s
POINT 261 0.107415 178.600
  run 262/1500     0.107 s
POINT 262 0.107423 181.347
  run 263/1500     0.107 s
POINT 263 0.107435 181.667
  run 264/1500     0.107 s
POINT 264 0.107445 181.987
  run 265/1500     0.119 s
POINT 265 0.119474 182.319
  run 266/1500     0.107 s
POINT 266 0.107484 184.921
  run 267/1500     0.108 s
POINT 267 0.107541 185.244
  run 268/1500     0.107 s
POINT 268 0.107425 185.568
  run 269/1500     0.107 s
POINT 269 0.107428 188.395
  run 270/1500     0.107 s
POINT 270 0.107389 188.721
  run 271/1500     0.107 s
POINT 271 0.107476 189.047
  run 272/1500     0.113 s
POINT 272 0.112769 189.379
  run 273/1500     0.107 s
POINT 273 0.107499 191.964
  run 274/1500     0.107 s
POINT 274 0.107429 192.294
  run 275/1500     0.107 s
POINT 275 0.107436 192.623
  run 276/1500     0.107 s
POINT 276 0.107410 195.581
  run 277/1500     0.107 s
POINT 277 0.107377 195.914
  run 278/1500     0.107 s
POINT 278 0.107434 196.246
  run 279/1500     0.121 s
POINT 279 0.120826 196.592
  run 280/1500     0.107 s
POINT 280 0.107438 199.171
  run 281/1500     0.108 s
POINT 281 0.107535 199.507
  run 282/1500     0.107 s
POINT 282 0.107428 199.842
  run 283/1500     0.107 s
POINT 283 0.107414 202.529
  run 284/1500     0.107 s
POINT 284 0.107434 202.868
  run 285/1500     0.107 s
POINT 285 0.107478 203.207
  run 286/1500     0.115 s
POINT 286 0.115246 203.561
  run 287/1500     0.107 s
POINT 287 0.107475 206.220
  run 288/1500     0.107 s
POINT 288 0.107430 206.561
  run 289/1500     0.108 s
POINT 289 0.107521 206.903
  run 290/1500     0.109 s
POINT 290 0.109067 209.639
  run 291/1500     0.107 s
POINT 291 0.107432 209.984
  run 292/1500     0.107 s
POINT 292 0.107403 210.329
  run 293/1500     0.107 s
POINT 293 0.107458 213.316
  run 294/1500     0.107 s
POINT 294 0.107426 213.664
  run 295/1500     0.107 s
POINT 295 0.107442 214.012
  run 296/1500     0.114 s
POINT 296 0.114036 214.376
  run 297/1500     0.107 s
POINT 297 0.107421 216.902
  run 298/1500     0.107 s
POINT 298 0.107484 217.253
  run 299/1500     0.107 s
POINT 299 0.107462 217.604
  run 300/1500     0.109 s
POINT 300 0.109480 220.275
  run 301/1500     0.107 s
POINT 301 0.107439 220.629
  run 302/1500     0.107 s
POINT 302 0.107409 220.984
  run 303/1500     0.107 s
POINT 303 0.107464 223.714
  run 304/1500     0.107 s
POINT 304 0.107375 224.071
  run 305/1500     0.107 s
POINT 305 0.107425 224.429
  run 306/1500     0.108 s
POINT 306 0.107569 227.384
  run 307/1500     0.107 s
POINT 307 0.107443 227.745
  run 308/1500     0.107 s
POINT 308 0.107426 228.106
  run 309/1500     0.107 s
POINT 309 0.107478 231.061
  run 310/1500     0.107 s
POINT 310 0.107474 231.425
  run 311/1500     0.108 s
POINT 311 0.107537 231.788
  run 312/1500     0.107 s
POINT 312 0.107433 234.534
  run 313/1500     0.108 s
POINT 313 0.107540 234.901
  run 314/1500     0.107 s
POINT 314 0.107410 235.268
  run 315/1500     0.109 s
POINT 315 0.108736 238.009
  run 316/1500     0.107 s
POINT 316 0.107405 238.379
  run 317/1500     0.107 s
POINT 317 0.107431 238.749
  run 318/1500     0.109 s
POINT 318 0.109017 241.478
  run 319/1500     0.107 s
POINT 319 0.107477 241.851
  run 320/1500     0.108 s
POINT 320 0.107544 242.224
  run 321/1500     0.111 s
POINT 321 0.110973 244.962
  run 322/1500     0.107 s
POINT 322 0.107479 245.338
  run 323/1500     0.107 s
POINT 323 0.107440 245.715
  run 324/1500     0.111 s
POINT 324 0.111028 248.452
  run 325/1500     0.107 s
POINT 325 0.107388 248.831
  run 326/1500     0.107 s
POINT 326 0.107461 249.210
  run 327/1500     0.110 s
POINT 327 0.110304 251.953
  run 328/1500     0.107 s
POINT 328 0.107408 252.335
  run 329/1500     0.116 s
POINT 329 0.115544 252.726
  run 330/1500     0.110 s
POINT 330 0.109690 255.430
  run 331/1500     0.107 s
POINT 331 0.107446 255.816
  run 332/1500     0.108 s
POINT 332 0.107777 256.202
  run 333/1500     0.110 s
POINT 333 0.110241 258.871
  run 334/1500     0.107 s
POINT 334 0.107394 259.260
  run 335/1500     0.117 s
POINT 335 0.116847 259.658
  run 336/1500     0.110 s
POINT 336 0.109570 262.337
  run 337/1500     0.108 s
POINT 337 0.107627 262.730
  run 338/1500     0.119 s
POINT 338 0.118902 263.133
  run 339/1500     0.107 s
POINT 339 0.107469 265.935
  run 340/1500     0.107 s
POINT 340 0.107464 266.331
  run 341/1500     0.124 s
POINT 341 0.123565 266.742
  run 342/1500     0.107 s
POINT 342 0.107412 269.444
  run 343/1500     0.107 s
POINT 343 0.107498 269.842
  run 344/1500     0.124 s
POINT 344 0.123966 270.257
  run 345/1500     0.107 s
POINT 345 0.107427 272.923
  run 346/1500     0.107 s
POINT 346 0.107445 273.324
  run 347/1500     0.113 s
POINT 347 0.113114 273.731
  run 348/1500     0.107 s
POINT 348 0.107402 276.407
  run 349/1500     0.107 s
POINT 349 0.107458 276.811
  run 350/1500     0.123 s
POINT 350 0.122558 277.231
  run 351/1500     0.107 s
POINT 351 0.107437 279.979
  run 352/1500     0.108 s
POINT 352 0.107521 280.387
  run 353/1500     0.109 s
POINT 353 0.108626 280.796
  run 354/1500     0.108 s
POINT 354 0.107520 283.500
  run 355/1500     0.107 s
POINT 355 0.107451 283.911
  run 356/1500     0.120 s
POINT 356 0.120307 284.335
  run 357/1500     0.108 s
POINT 357 0.107509 286.982
  run 358/1500     0.107 s
POINT 358 0.107470 287.396
  run 359/1500     0.115 s
POINT 359 0.115080 287.830
  run 360/1500     0.107 s
POINT 360 0.107467 290.427
  run 361/1500     0.107 s
POINT 361 0.107429 290.844
  run 362/1500     0.113 s
POINT 362 0.113433 291.267
  run 363/1500     0.107 s
POINT 363 0.107469 293.894
  run 364/1500     0.107 s
POINT 364 0.107475 294.314
  run 365/1500     0.114 s
POINT 365 0.113784 294.741
  run 366/1500     0.107 s
POINT 366 0.107407 297.348
  run 367/1500     0.107 s
POINT 367 0.107401 297.771
  run 368/1500     0.107 s
POINT 368 0.107461 300.629
  run 369/1500     0.107 s
POINT 369 0.107485 301.055
  run 370/1500     0.107 s
POINT 370 0.107375 301.482
  run 371/1500     0.107 s
POINT 371 0.107466 304.269
  run 372/1500     0.107 s
POINT 372 0.107491 304.699
  run 373/1500     0.114 s
POINT 373 0.113832 305.135
  run 374/1500     0.108 s
POINT 374 0.107899 307.848
  run 375/1500     0.107 s
POINT 375 0.107443 308.281
  run 376/1500     0.107 s
POINT 376 0.107481 311.139
  run 377/1500     0.107 s
POINT 377 0.107479 311.574
  run 378/1500     0.107 s
POINT 378 0.107458 312.010
  run 379/1500     0.108 s
POINT 379 0.107513 314.780
  run 380/1500     0.107 s
POINT 380 0.107414 315.219
  run 381/1500     0.107 s
POINT 381 0.107489 318.155
  run 382/1500     0.107 s
POINT 382 0.107453 318.597
  run 383/1500     0.107 s
POINT 383 0.107463 319.039
  run 384/1500     0.107 s
POINT 384 0.107447 321.808
  run 385/1500     0.107 s
POINT 385 0.107407 322.254
  run 386/1500     0.107 s
POINT 386 0.107443 325.170
  run 387/1500     0.107 s
POINT 387 0.107428 325.618
  run 388/1500     0.107 s
POINT 388 0.107415 326.066
  run 389/1500     0.107 s
POINT 389 0.107477 328.892
  run 390/1500     0.107 s
POINT 390 0.107405 329.344
  run 391/1500     0.107 s
POINT 391 0.107428 332.180
  run 392/1500     0.107 s
POINT 392 0.107413 332.634
  run 393/1500     0.111 s
POINT 393 0.110653 333.092
  run 394/1500     0.107 s
POINT 394 0.107426 335.938
  run 395/1500     0.107 s
POINT 395 0.107474 336.395
  run 396/1500     0.109 s
POINT 396 0.109425 339.421
  run 397/1500     0.107 s
POINT 397 0.107418 339.882
  run 398/1500     0.119 s
POINT 398 0.118913 340.354
  run 399/1500     0.107 s
POINT 399 0.107404 343.355
  run 400/1500     0.107 s
POINT 400 0.107430 343.819
  run 401/1500     0.110 s
POINT 401 0.109727 346.676
  run 402/1500     0.107 s
POINT 402 0.107416 347.144
  run 403/1500     0.110 s
POINT 403 0.109880 347.613
  run 404/1500     0.107 s
POINT 404 0.107446 350.516
  run 405/1500     0.107 s
POINT 405 0.107344 350.986
  run 406/1500     0.110 s
POINT 406 0.110471 353.771
  run 407/1500     0.107 s
POINT 407 0.107401 354.245
  run 408/1500     0.108 s
POINT 408 0.107656 354.736
  run 409/1500     0.108 s
POINT 409 0.107507 357.436
  run 410/1500     0.107 s
POINT 410 0.107487 357.913
  run 411/1500     0.111 s
POINT 411 0.110613 360.720
  run 412/1500     0.108 s
POINT 412 0.107515 361.200
  run 413/1500     0.107 s
POINT 413 0.107426 364.235
  run 414/1500     0.107 s
POINT 414 0.107433 364.718
  run 415/1500     0.119 s
POINT 415 0.118971 365.212
  run 416/1500     0.108 s
POINT 416 0.108154 367.929
  run 417/1500     0.107 s
POINT 417 0.107458 368.415
  run 418/1500     0.108 s
POINT 418 0.108387 371.270
  run 419/1500     0.108 s
POINT 419 0.107632 371.759
  run 420/1500     0.107 s
POINT 420 0.107436 374.668
  run 421/1500     0.107 s
POINT 421 0.107473 375.160
  run 422/1500     0.118 s
POINT 422 0.118409 375.663
  run 423/1500     0.108 s
POINT 423 0.107551 378.375
  run 424/1500     0.107 s
POINT 424 0.107433 378.870
  run 425/1500     0.108 s
POINT 425 0.107579 381.674
  run 426/1500     0.108 s
POINT 426 0.107532 382.172
  run 427/1500     0.107 s
POINT 427 0.107488 385.188
  run 428/1500     0.107 s
POINT 428 0.107397 385.690
  run 429/1500     0.108 s
POINT 429 0.108131 386.192
  run 430/1500     0.107 s
POINT 430 0.107469 388.950
  run 431/1500     0.107 s
POINT 431 0.107427 389.455
  run 432/1500     0.107 s
POINT 432 0.107425 392.276
  run 433/1500     0.107 s
POINT 433 0.107451 392.784
  run 434/1500     0.110 s
POINT 434 0.110465 395.614
  run 435/1500     0.107 s
POINT 435 0.107435 396.125
  run 436/1500     0.107 s
POINT 436 0.107433 399.055
  run 437/1500     0.107 s
POINT 437 0.107431 399.569
  run 438/1500     0.107 s
POINT 438 0.107465 402.507
  run 439/1500     0.107 s
POINT 439 0.107473 403.024
  run 440/1500     0.107 s
POINT 440 0.107454 405.963
  run 441/1500     0.107 s
POINT 441 0.107472 406.483
  run 442/1500     0.107 s
POINT 442 0.107434 409.436
  run 443/1500     0.107 s
POINT 443 0.107478 409.960
  run 444/1500     0.107 s
POINT 444 0.107399 412.956
  run 445/1500     0.107 s
POINT 445 0.107408 413.482
  run 446/1500     0.107 s
POINT 446 0.107447 416.441
  run 447/1500     0.107 s
POINT 447 0.107381 416.971
  run 448/1500     0.107 s
POINT 448 0.107454 419.916
  run 449/1500     0.107 s
POINT 449 0.107454 420.449
  run 450/1500     0.107 s
POINT 450 0.107447 423.451
  run 451/1500     0.107 s
POINT 451 0.107481 423.986
  run 452/1500     0.107 s
POINT 452 0.107457 426.987
  run 453/1500     0.107 s
POINT 453 0.107343 427.526
  run 454/1500     0.107 s
POINT 454 0.107466 430.470
  run 455/1500     0.107 s
POINT 455 0.107448 431.012
  run 456/1500     0.107 s
POINT 456 0.107443 433.924
  run 457/1500     0.107 s
POINT 457 0.107393 434.469
  run 458/1500     0.107 s
POINT 458 0.107477 437.383
  run 459/1500     0.107 s
POINT 459 0.107416 437.931
  run 460/1500     0.108 s
POINT 460 0.107550 440.836
  run 461/1500     0.108 s
POINT 461 0.107520 441.388
  run 462/1500     0.107 s
POINT 462 0.107458 444.294
  run 463/1500     0.107 s
POINT 463 0.107435 444.849
  run 464/1500     0.107 s
POINT 464 0.107465 447.771
  run 465/1500     0.107 s
POINT 465 0.107441 448.329
  run 466/1500     0.107 s
POINT 466 0.107388 451.273
  run 467/1500     0.107 s
POINT 467 0.107445 451.834
  run 468/1500     0.107 s
POINT 468 0.107417 454.735
  run 469/1500     0.107 s
POINT 469 0.107404 455.299
  run 470/1500     0.111 s
POINT 470 0.110565 458.298
  run 471/1500     0.111 s
POINT 471 0.110537 458.865
  run 472/1500     1.416 s
POINT 472 1.416398 461.914
  run 473/1500     0.114 s
POINT 473 0.113691 462.485
  run 474/1500     1.532 s
POINT 474 1.532075 465.646
  run 475/1500     0.117 s
POINT 475 0.116832 466.219
  run 476/1500     1.563 s
POINT 476 1.562952 469.244
  run 477/1500     0.120 s
POINT 477 0.119981 469.820
  run 478/1500     1.215 s
POINT 478 1.214916 472.925
  run 479/1500     0.123 s
POINT 479 0.123115 473.505
  run 480/1500     1.796 s
POINT 480 1.795955 476.636
  run 481/1500     0.126 s
POINT 481 0.126336 477.219
  run 482/1500     1.667 s
POINT 482 1.666754 480.275
  run 483/1500     0.129 s
POINT 483 0.129465 480.861
  run 484/1500     1.593 s
POINT 484 1.592602 483.859
  run 485/1500     0.133 s
POINT 485 0.132665 484.449
  run 486/1500     1.227 s
POINT 486 1.226603 487.554
  run 487/1500     0.137 s
POINT 487 0.136844 488.147
  run 488/1500     1.025 s
POINT 488 1.024752 491.108
  run 489/1500     0.139 s
POINT 489 0.139115 491.704
  run 490/1500     1.204 s
POINT 490 1.203994 494.669
  run 491/1500     0.142 s
POINT 491 0.142221 495.268
  run 492/1500     0.677 s
POINT 492 0.677171 498.202
  run 493/1500     0.146 s
POINT 493 0.146486 498.805
  run 494/1500     0.936 s
POINT 494 0.936167 501.880
  run 495/1500     0.149 s
POINT 495 0.148548 502.486
  run 496/1500     1.015 s
POINT 496 1.015010 505.523
  run 497/1500     0.152 s
POINT 497 0.151978 506.132
  run 498/1500     0.965 s
POINT 498 0.965389 509.084
  run 499/1500     0.155 s
POINT 499 0.154864 509.695
  run 500/1500     1.026 s
POINT 500 1.026318 512.645
  run 501/1500     0.158 s
POINT 501 0.158158 513.260
  run 502/1500     0.362 s
POINT 502 0.361620 516.183
  run 503/1500     0.161 s
POINT 503 0.161264 516.801
  run 504/1500     0.166 s
POINT 504 0.165639 519.743
  run 505/1500     0.165 s
POINT 505 0.164502 520.364
  run 506/1500     0.168 s
POINT 506 0.168326 523.293
  run 507/1500     0.168 s
POINT 507 0.167695 523.918
  run 508/1500     0.171 s
POINT 508 0.170682 527.057
  run 509/1500     0.171 s
POINT 509 0.170861 527.685
  run 510/1500     0.174 s
POINT 510 0.173820 530.708
  run 511/1500     0.174 s
POINT 511 0.173970 531.338
  run 512/1500     0.177 s
POINT 512 0.177017 534.356
  run 513/1500     0.177 s
POINT 513 0.177040 534.990
  run 514/1500     0.180 s
POINT 514 0.180311 537.937
  run 515/1500     0.182 s
POINT 515 0.182334 538.576
  run 516/1500     0.183 s
POINT 516 0.183464 541.477
  run 517/1500     0.195 s
POINT 517 0.195037 542.129
  run 518/1500     0.187 s
POINT 518 0.186717 544.996
  run 519/1500     0.198 s
POINT 519 0.198006 545.651
  run 520/1500     0.190 s
POINT 520 0.189767 548.543
  run 521/1500     0.195 s
POINT 521 0.195331 549.195
  run 522/1500     0.193 s
POINT 522 0.193103 552.104
  run 523/1500     2.673 s
POINT 523 2.672695 555.234
  run 524/1500     0.196 s
POINT 524 0.196231 555.887
  run 525/1500     0.418 s
POINT 525 0.418152 558.859
  run 526/1500     0.199 s
POINT 526 0.199317 559.515
  run 527/1500     0.203 s
POINT 527 0.202523 562.673
  run 528/1500     0.202 s
POINT 528 0.202464 563.332
  run 529/1500     0.206 s
POINT 529 0.205658 566.317
  run 530/1500     0.206 s
POINT 530 0.205724 566.979
  run 531/1500     0.209 s
POINT 531 0.208862 569.951
  run 532/1500     2.681 s
POINT 532 2.680842 573.088
  run 533/1500     0.212 s
POINT 533 0.211979 573.757
  run 534/1500     0.416 s
POINT 534 0.415616 576.747
  run 535/1500     0.215 s
POINT 535 0.215207 577.419
  run 536/1500     0.218 s
POINT 536 0.218344 580.526
  run 537/1500     0.233 s
POINT 537 0.233060 581.216
  run 538/1500     0.222 s
POINT 538 0.221738 584.232
  run 539/1500     2.810 s
POINT 539 2.809665 587.498
  run 540/1500     0.225 s
POINT 540 0.224709 588.180
  run 541/1500     0.725 s
POINT 541 0.724587 591.221
  run 542/1500     0.228 s
POINT 542 0.228026 591.905
  run 543/1500     0.231 s
POINT 543 0.231049 594.906
  run 544/1500     0.231 s
POINT 544 0.231116 595.593
  run 545/1500     0.234 s
POINT 545 0.234312 598.600
  run 546/1500     2.630 s
POINT 546 2.629887 601.687
  run 547/1500     0.237 s
POINT 547 0.237376 602.381
  run 548/1500     0.241 s
POINT 548 0.241077 605.390
  run 549/1500     0.241 s
POINT 549 0.240596 606.087
  run 550/1500     0.244 s
POINT 550 0.243759 609.127
  run 551/1500     2.735 s
POINT 551 2.734892 612.319
  run 552/1500     0.247 s
POINT 552 0.246919 613.023
  run 553/1500     0.250 s
POINT 553 0.250188 616.036
  run 554/1500     0.250 s
POINT 554 0.250104 616.743
  run 555/1500     0.253 s
POINT 555 0.253264 619.767
  run 556/1500     2.699 s
POINT 556 2.698724 622.923
  run 557/1500     0.256 s
POINT 557 0.256357 623.636
  run 558/1500     0.260 s
POINT 558 0.259820 626.671
  run 559/1500     0.260 s
POINT 559 0.259652 627.387
  run 560/1500     0.263 s
POINT 560 0.262851 630.408
  run 561/1500     2.594 s
POINT 561 2.593882 633.458
  run 562/1500     0.266 s
POINT 562 0.266055 634.181
  run 563/1500     0.289 s
POINT 563 0.288642 637.250
  run 564/1500     0.269 s
POINT 564 0.269162 637.976
  run 565/1500     0.272 s
POINT 565 0.272231 641.014
  run 566/1500     2.638 s
POINT 566 2.638098 644.109
  run 567/1500     0.275 s
POINT 567 0.275441 644.841
  run 568/1500     0.279 s
POINT 568 0.278834 647.882
  run 569/1500     0.294 s
POINT 569 0.293701 648.633
  run 570/1500     0.282 s
POINT 570 0.281946 651.744
  run 571/1500     2.229 s
POINT 571 2.228959 654.786
  run 572/1500     0.285 s
POINT 572 0.284921 655.528
  run 573/1500     0.288 s
POINT 573 0.288022 658.617
  run 574/1500     2.774 s
POINT 574 2.773689 661.847
  run 575/1500     0.291 s
POINT 575 0.291252 662.595
  run 576/1500     0.294 s
POINT 576 0.294391 665.760
  run 577/1500     2.727 s
POINT 577 2.727146 668.944
  run 578/1500     0.298 s
POINT 578 0.297868 669.698
  run 579/1500     0.301 s
POINT 579 0.300697 672.771
  run 580/1500     2.779 s
POINT 580 2.779168 676.007
  run 581/1500     0.304 s
POINT 581 0.304015 676.768
  run 582/1500     0.307 s
POINT 582 0.307375 679.836
  run 583/1500     2.801 s
POINT 583 2.801004 683.093
  run 584/1500     0.311 s
POINT 584 0.310519 683.861
  run 585/1500     0.313 s
POINT 585 0.313472 686.943
  run 586/1500     2.735 s
POINT 586 2.734549 690.135
  run 587/1500     0.317 s
POINT 587 0.316778 690.908
  run 588/1500     0.320 s
POINT 588 0.319768 693.997
  run 589/1500     2.719 s
POINT 589 2.718745 697.173
  run 590/1500     0.323 s
POINT 590 0.323027 697.953
  run 591/1500     0.326 s
POINT 591 0.326100 701.059
  run 592/1500     2.774 s
POINT 592 2.774084 704.290
  run 593/1500     0.329 s
POINT 593 0.329406 705.076
  run 594/1500     0.332 s
POINT 594 0.332475 708.178
  run 595/1500     2.731 s
POINT 595 2.730680 711.366
  run 596/1500     0.336 s
POINT 596 0.335799 712.158
  run 597/1500     0.339 s
POINT 597 0.338798 715.350
  run 598/1500     2.685 s
POINT 598 2.685347 718.492
  run 599/1500     0.342 s
POINT 599 0.342072 719.291
  run 600/1500     0.345 s
POINT 600 0.345325 722.411
  run 601/1500     2.727 s
POINT 601 2.726968 725.594
  run 602/1500     0.348 s
POINT 602 0.348460 726.399
  run 603/1500     0.351 s
POINT 603 0.351470 729.518
  run 604/1500     2.810 s
POINT 604 2.809859 732.785
  run 605/1500     0.355 s
POINT 605 0.354839 733.597
  run 606/1500     0.358 s
POINT 606 0.357830 736.728
  run 607/1500     2.671 s
POINT 607 2.670535 739.855
  run 608/1500     0.361 s
POINT 608 0.361228 740.673
  run 609/1500     0.364 s
POINT 609 0.364273 743.805
  run 610/1500     2.676 s
POINT 610 2.676324 746.938
  run 611/1500     0.368 s
POINT 611 0.367601 747.762
  run 612/1500     0.371 s
POINT 612 0.370568 750.917
  run 613/1500     2.677 s
POINT 613 2.677419 754.051
  run 614/1500     0.374 s
POINT 614 0.373817 754.882
  run 615/1500     0.377 s
POINT 615 0.377039 758.027
  run 616/1500     1.841 s
POINT 616 1.840671 761.168
  run 617/1500     2.837 s
POINT 617 2.837495 764.462
  run 618/1500     0.383 s
POINT 618 0.383360 765.302
  run 619/1500     0.387 s
POINT 619 0.386587 768.444
  run 620/1500     2.693 s
POINT 620 2.693424 771.595
  run 621/1500     0.390 s
POINT 621 0.389791 772.441
  run 622/1500     0.393 s
POINT 622 0.392840 775.605
  run 623/1500     2.217 s
POINT 623 2.217117 778.766
  run 624/1500     2.838 s
POINT 624 2.837815 782.061
  run 625/1500     0.399 s
POINT 625 0.399166 782.917
  run 626/1500     0.402 s
POINT 626 0.402314 786.081
  run 627/1500     2.720 s
POINT 627 2.719775 789.258
  run 628/1500     0.423 s
POINT 628 0.422778 790.137
  run 629/1500     0.409 s
POINT 629 0.408746 793.282
  run 630/1500     1.234 s
POINT 630 1.233893 796.513
  run 631/1500     2.778 s
POINT 631 2.778035 799.748
  run 632/1500     0.415 s
POINT 632 0.415363 800.620
  run 633/1500     0.418 s
POINT 633 0.418296 803.795
  run 634/1500     2.775 s
POINT 634 2.774903 807.135
  run 635/1500     2.808 s
POINT 635 2.808466 810.400
  run 636/1500     0.425 s
POINT 636 0.424574 811.281
  run 637/1500     0.428 s
POINT 637 0.427658 814.594
  run 638/1500     2.822 s
POINT 638 2.821895 817.873
  run 639/1500     2.844 s
POINT 639 2.843845 821.174
  run 640/1500     0.434 s
POINT 640 0.434086 822.064
  run 641/1500     0.437 s
POINT 641 0.437260 825.408
  run 642/1500     1.233 s
POINT 642 1.233024 828.611
  run 643/1500     2.757 s
POINT 643 2.757440 831.825
  run 644/1500     0.444 s
POINT 644 0.443586 832.725
  run 645/1500     0.447 s
POINT 645 0.446922 835.932
  run 646/1500     1.553 s
POINT 646 1.552666 839.207
  run 647/1500     2.780 s
POINT 647 2.780427 842.444
  run 648/1500     0.453 s
POINT 648 0.453090 843.354
  run 649/1500     0.456 s
POINT 649 0.456379 846.570
  run 650/1500     1.467 s
POINT 650 1.467428 849.786
  run 651/1500     2.771 s
POINT 651 2.771454 853.014
  run 652/1500     0.463 s
POINT 652 0.462612 853.934
  run 653/1500     0.466 s
POINT 653 0.465768 857.254
  run 654/1500     0.721 s
POINT 654 0.721005 860.482
  run 655/1500     2.776 s
POINT 655 2.776023 863.715
  run 656/1500     2.908 s
POINT 656 2.908202 867.080
  run 657/1500     0.475 s
POINT 657 0.475407 868.012
  run 658/1500     0.478 s
POINT 658 0.478436 871.258
  run 659/1500     1.725 s
POINT 659 1.724738 874.497
  run 660/1500     2.811 s
POINT 660 2.811000 877.765
  run 661/1500     2.936 s
POINT 661 2.936267 881.158
  run 662/1500     0.488 s
POINT 662 0.488195 882.103
  run 663/1500     0.491 s
POINT 663 0.491203 885.358
  run 664/1500     1.660 s
POINT 664 1.660050 888.684
  run 665/1500     2.802 s
POINT 665 2.802136 891.943
  run 666/1500     2.971 s
POINT 666 2.970906 895.371
  run 667/1500     0.501 s
POINT 667 0.500806 896.329
  run 668/1500     0.504 s
POINT 668 0.503803 899.591
  run 669/1500     1.191 s
POINT 669 1.190683 902.854
  run 670/1500     2.812 s
POINT 670 2.811880 906.123
  run 671/1500     2.905 s
POINT 671 2.904630 909.485
  run 672/1500     0.513 s
POINT 672 0.513469 910.455
  run 673/1500     0.514 s
POINT 673 0.513724 911.841
  run 674/1500     0.515 s
POINT 674 0.514732 912.813
  run 675/1500     0.514 s
POINT 675 0.513672 913.784
  run 676/1500     0.514 s
POINT 676 0.513644 914.755
  run 677/1500     0.514 s
POINT 677 0.513797 915.726
  run 678/1500     0.514 s
POINT 678 0.513618 916.697
  run 679/1500     0.514 s
POINT 679 0.513558 917.668
  run 680/1500     0.514 s
POINT 680 0.513582 918.639
  run 681/1500     0.514 s
POINT 681 0.513591 919.610
  run 682/1500     0.514 s
POINT 682 0.513622 920.581
  run 683/1500     0.514 s
POINT 683 0.513520 921.552
  run 684/1500     0.515 s
POINT 684 0.514905 922.524
  run 685/1500     0.514 s
POINT 685 0.513548 923.495
  run 686/1500     0.514 s
POINT 686 0.513613 924.466
  run 687/1500     0.514 s
POINT 687 0.513855 925.437
  run 688/1500     0.514 s
POINT 688 0.513820 926.408
  run 689/1500     0.514 s
POINT 689 0.513542 927.379
  run 690/1500     0.514 s
POINT 690 0.513742 928.350
  run 691/1500     0.515 s
POINT 691 0.514713 929.322
  run 692/1500     0.514 s
POINT 692 0.513730 930.292
  run 693/1500     0.514 s
POINT 693 0.513699 931.263
  run 694/1500     0.515 s
POINT 694 0.515001 932.235
  run 695/1500     0.514 s
POINT 695 0.513770 933.206
  run 696/1500     0.514 s
POINT 696 0.513703 934.177
  run 697/1500     0.514 s
POINT 697 0.513634 935.148
  run 698/1500     0.514 s
POINT 698 0.513611 936.119
  run 699/1500     0.514 s
POINT 699 0.513667 937.090
  run 700/1500     0.514 s
POINT 700 0.513633 938.061
  run 701/1500     0.515 s
POINT 701 0.514570 939.033
  run 702/1500     0.514 s
POINT 702 0.513574 940.004
  run 703/1500     0.514 s
POINT 703 0.513580 940.975
  run 704/1500     0.514 s
POINT 704 0.514141 941.946
  run 705/1500     0.514 s
POINT 705 0.513512 942.917
  run 706/1500     0.514 s
POINT 706 0.513554 943.888
  run 707/1500     0.514 s
POINT 707 0.513687 944.859
  run 708/1500     0.514 s
POINT 708 0.513515 945.830
  run 709/1500     0.514 s
POINT 709 0.513614 946.801
  run 710/1500     0.514 s
POINT 710 0.513687 947.772
  run 711/1500     0.515 s
POINT 711 0.514949 948.744
  run 712/1500     0.514 s
POINT 712 0.513700 949.715
  run 713/1500     0.514 s
POINT 713 0.513687 950.686
  run 714/1500     0.514 s
POINT 714 0.513994 951.657
  run 715/1500     0.514 s
POINT 715 0.513719 952.628
  run 716/1500     0.514 s
POINT 716 0.513713 953.599
  run 717/1500     0.514 s
POINT 717 0.513726 954.570
  run 718/1500     0.514 s
POINT 718 0.514491 955.542
  run 719/1500     0.514 s
POINT 719 0.513678 956.513
  run 720/1500     0.514 s
POINT 720 0.513679 957.484
  run 721/1500     0.515 s
POINT 721 0.514993 958.456
  run 722/1500     0.514 s
POINT 722 0.513648 959.427
  run 723/1500     0.514 s
POINT 723 0.513857 960.398
  run 724/1500     0.514 s
POINT 724 0.513582 961.369
  run 725/1500     0.514 s
POINT 725 0.513690 962.341
  run 726/1500     0.514 s
POINT 726 0.513596 963.311
  run 727/1500     0.514 s
POINT 727 0.513719 964.282
  run 728/1500     0.515 s
POINT 728 0.514578 965.254
  run 729/1500     0.514 s
POINT 729 0.513907 966.225
  run 730/1500     0.514 s
POINT 730 0.513612 967.196
  run 731/1500     0.515 s
POINT 731 0.514758 968.168
  run 732/1500     0.514 s
POINT 732 0.513725 969.139
  run 733/1500     0.514 s
POINT 733 0.513593 970.109
  run 734/1500     0.514 s
POINT 734 0.513734 971.080
  run 735/1500     0.514 s
POINT 735 0.513608 972.052
  run 736/1500     0.514 s
POINT 736 0.513664 973.023
  run 737/1500     0.514 s
POINT 737 0.513646 973.993
  run 738/1500     0.515 s
POINT 738 0.514851 974.966
  run 739/1500     0.514 s
POINT 739 0.513658 975.936
  run 740/1500     0.514 s
POINT 740 0.513560 976.907
  run 741/1500     0.514 s
POINT 741 0.513765 977.878
  run 742/1500     0.514 s
POINT 742 0.513581 978.849
  run 743/1500     0.514 s
POINT 743 0.513577 979.820
  run 744/1500     0.514 s
POINT 744 0.513562 980.791
  run 745/1500     0.514 s
POINT 745 0.514083 981.763
  run 746/1500     0.514 s
POINT 746 0.513618 982.734
  run 747/1500     0.514 s
POINT 747 0.513605 983.704
  run 748/1500     0.515 s
POINT 748 0.514797 984.676
  run 749/1500     0.514 s
POINT 749 0.513618 985.647
  run 750/1500     0.514 s
POINT 750 0.513751 986.618
  run 751/1500     0.514 s
POINT 751 0.513799 987.589
  run 752/1500     0.514 s
POINT 752 0.513639 988.560
  run 753/1500     0.514 s
POINT 753 0.513628 989.531
  run 754/1500     0.514 s
POINT 754 0.513734 990.502
  run 755/1500     0.515 s
POINT 755 0.514569 991.474
  run 756/1500     0.514 s
POINT 756 0.513736 992.445
  run 757/1500     0.514 s
POINT 757 0.513585 993.415
  run 758/1500     0.515 s
POINT 758 0.514939 994.387
  run 759/1500     0.514 s
POINT 759 0.513508 995.358
  run 760/1500     0.514 s
POINT 760 0.513699 996.329
  run 761/1500     0.514 s
POINT 761 0.513611 997.300
  run 762/1500     0.514 s
POINT 762 0.513674 998.271
  run 763/1500     0.514 s
POINT 763 0.513722 999.242
  run 764/1500     0.514 s
POINT 764 0.513797 1000.213
  run 765/1500     0.515 s
POINT 765 0.514996 1001.185
  run 766/1500     0.514 s
POINT 766 0.513716 1002.156
  run 767/1500     0.514 s
POINT 767 0.513611 1003.127
  run 768/1500     0.514 s
POINT 768 0.513913 1004.098
  run 769/1500     0.514 s
POINT 769 0.513822 1005.070
  run 770/1500     0.514 s
POINT 770 0.513647 1006.040
  run 771/1500     0.514 s
POINT 771 0.513629 1007.011
  run 772/1500     0.514 s
POINT 772 0.513772 1007.982
  run 773/1500     0.514 s
POINT 773 0.513651 1008.953
  run 774/1500     0.514 s
POINT 774 0.513658 1009.924
  run 775/1500     0.515 s
POINT 775 0.514825 1010.896
  run 776/1500     0.514 s
POINT 776 0.513578 1011.867
  run 777/1500     0.514 s
POINT 777 0.513604 1012.838
  run 778/1500     0.514 s
POINT 778 0.513848 1013.809
  run 779/1500     0.514 s
POINT 779 0.513579 1014.780
  run 780/1500     0.514 s
POINT 780 0.513554 1015.751
  run 781/1500     0.514 s
POINT 781 0.513627 1016.722
  run 782/1500     0.515 s
POINT 782 0.514531 1017.694
  run 783/1500     0.514 s
POINT 783 0.513797 1018.665
  run 784/1500     0.514 s
POINT 784 0.513547 1019.635
  run 785/1500     0.515 s
POINT 785 0.514901 1020.608
  run 786/1500     0.514 s
POINT 786 0.513667 1021.578
  run 787/1500     0.514 s
POINT 787 0.513713 1022.549
  run 788/1500     0.514 s
POINT 788 0.513664 1023.520
  run 789/1500     0.514 s
POINT 789 0.513660 1024.491
  run 790/1500     0.514 s
POINT 790 0.513679 1025.462
  run 791/1500     0.514 s
POINT 791 0.513824 1026.433
  run 792/1500     0.514 s
POINT 792 0.514454 1027.405
  run 793/1500     0.514 s
POINT 793 0.513848 1028.376
  run 794/1500     0.514 s
POINT 794 0.513632 1029.347
  run 795/1500     0.514 s
POINT 795 0.514077 1030.318
  run 796/1500     0.514 s
POINT 796 0.513657 1031.289
  run 797/1500     0.514 s
POINT 797 0.513715 1032.260
  run 798/1500     0.514 s
POINT 798 0.513616 1033.231
  run 799/1500     0.514 s
POINT 799 0.513586 1034.202
  run 800/1500     0.514 s
POINT 800 0.513530 1035.173
  run 801/1500     0.514 s
POINT 801 0.513771 1036.144
  run 802/1500     0.515 s
POINT 802 0.514839 1037.116
  run 803/1500     0.514 s
POINT 803 0.513596 1038.087
  run 804/1500     0.514 s
POINT 804 0.513687 1039.058
  run 805/1500     0.514 s
POINT 805 0.514059 1040.029
  run 806/1500     0.514 s
POINT 806 0.513651 1041.000
  run 807/1500     0.514 s
POINT 807 0.513711 1041.971
  run 808/1500     0.514 s
POINT 808 0.513648 1042.942
  run 809/1500     0.514 s
POINT 809 0.514454 1043.914
  run 810/1500     0.514 s
POINT 810 0.513675 1044.884
  run 811/1500     0.514 s
POINT 811 0.513695 1045.855
  run 812/1500     0.515 s
POINT 812 0.514899 1046.827
  run 813/1500     0.514 s
POINT 813 0.513619 1047.798
  run 814/1500     0.514 s
POINT 814 0.513549 1048.769
  run 815/1500     0.514 s
POINT 815 0.513612 1049.740
  run 816/1500     0.514 s
POINT 816 0.513626 1050.711
  run 817/1500     0.514 s
POINT 817 0.513584 1051.682
  run 818/1500     0.514 s
POINT 818 0.513583 1052.653
  run 819/1500     0.515 s
POINT 819 0.514519 1053.625
  run 820/1500     0.514 s
POINT 820 0.513696 1054.596
  run 821/1500     0.514 s
POINT 821 0.513594 1055.566
  run 822/1500     0.515 s
POINT 822 0.514626 1056.538
  run 823/1500     0.514 s
POINT 823 0.513562 1057.509
  run 824/1500     0.514 s
POINT 824 0.513795 1058.480
  run 825/1500     0.514 s
POINT 825 0.513701 1059.451
  run 826/1500     0.514 s
POINT 826 0.513735 1060.422
  run 827/1500     0.514 s
POINT 827 0.513624 1061.393
  run 828/1500     0.514 s
POINT 828 0.513728 1062.364
  run 829/1500     0.515 s
POINT 829 0.514784 1063.336
  run 830/1500     0.514 s
POINT 830 0.513762 1064.307
  run 831/1500     0.514 s
POINT 831 0.513624 1065.278
  run 832/1500     0.514 s
POINT 832 0.514056 1066.249
  run 833/1500     0.514 s
POINT 833 0.513655 1067.220
  run 834/1500     0.514 s
POINT 834 0.513666 1068.191
  run 835/1500     0.514 s
POINT 835 0.513622 1069.162
  run 836/1500     0.514 s
POINT 836 0.514247 1070.134
  run 837/1500     0.514 s
POINT 837 0.513623 1071.104
  run 838/1500     0.514 s
POINT 838 0.513690 1072.075
  run 839/1500     0.515 s
POINT 839 0.514873 1073.048
  run 840/1500     0.514 s
POINT 840 0.513579 1074.018
  run 841/1500     0.514 s
POINT 841 0.513576 1074.989
  run 842/1500     0.514 s
POINT 842 0.513642 1075.960
  run 843/1500     0.514 s
POINT 843 0.513701 1076.931
  run 844/1500     0.514 s
POINT 844 0.513591 1077.902
  run 845/1500     0.514 s
POINT 845 0.513714 1078.873
  run 846/1500     0.515 s
POINT 846 0.514683 1079.845
  run 847/1500     0.514 s
POINT 847 0.513652 1080.816
  run 848/1500     0.514 s
POINT 848 0.513787 1081.786
  run 849/1500     0.515 s
POINT 849 0.514856 1082.759
  run 850/1500     0.514 s
POINT 850 0.513623 1083.729
  run 851/1500     0.514 s
POINT 851 0.513665 1084.700
  run 852/1500     0.514 s
POINT 852 0.513592 1085.671
  run 853/1500     0.514 s
POINT 853 0.513703 1086.642
  run 854/1500     0.514 s
POINT 854 0.513728 1087.613
  run 855/1500     0.514 s
POINT 855 0.513830 1088.585
  run 856/1500     0.515 s
POINT 856 0.514802 1089.557
  run 857/1500     0.514 s
POINT 857 0.513664 1090.528
  run 858/1500     0.514 s
POINT 858 0.513690 1091.499
  run 859/1500     0.514 s
POINT 859 0.513835 1092.470
  run 860/1500     0.514 s
POINT 860 0.513566 1093.441
  run 861/1500     0.514 s
POINT 861 0.513618 1094.412
  run 862/1500     0.514 s
POINT 862 0.513646 1095.383
  run 863/1500     0.514 s
POINT 863 0.513826 1096.354
  run 864/1500     0.514 s
POINT 864 0.513609 1097.325
  run 865/1500     0.514 s
POINT 865 0.513760 1098.296
  run 866/1500     0.515 s
POINT 866 0.514792 1099.268
  run 867/1500     0.514 s
POINT 867 0.513895 1100.239
  run 868/1500     0.514 s
POINT 868 0.514026 1101.210
  run 869/1500     0.514 s
POINT 869 0.514057 1102.181
  run 870/1500     0.514 s
POINT 870 0.513729 1103.152
  run 871/1500     0.514 s
POINT 871 0.513758 1104.123
  run 872/1500     0.514 s
POINT 872 0.513559 1105.094
  run 873/1500     0.515 s
POINT 873 0.514690 1106.066
  run 874/1500     0.514 s
POINT 874 0.513646 1107.037
  run 875/1500     0.514 s
POINT 875 0.513612 1108.007
  run 876/1500     0.515 s
POINT 876 0.514935 1108.980
  run 877/1500     0.514 s
POINT 877 0.513585 1109.950
  run 878/1500     0.514 s
POINT 878 0.513577 1110.921
  run 879/1500     0.514 s
POINT 879 0.513639 1111.892
  run 880/1500     0.514 s
POINT 880 0.513620 1112.863
  run 881/1500     0.514 s
POINT 881 0.513635 1113.834
  run 882/1500     0.514 s
POINT 882 0.513580 1114.805
  run 883/1500     0.514 s
POINT 883 0.514467 1115.777
  run 884/1500     0.514 s
POINT 884 0.513695 1116.747
  run 885/1500     0.514 s
POINT 885 0.513670 1117.718
  run 886/1500     0.514 s
POINT 886 0.514181 1118.690
  run 887/1500     0.514 s
POINT 887 0.513887 1119.661
  run 888/1500     0.514 s
POINT 888 0.513638 1120.632
  run 889/1500     0.514 s
POINT 889 0.513757 1121.603
  run 890/1500     0.514 s
POINT 890 0.513553 1122.574
  run 891/1500     0.514 s
POINT 891 0.513625 1123.545
  run 892/1500     0.514 s
POINT 892 0.513654 1124.516
  run 893/1500     0.515 s
POINT 893 0.514816 1125.488
  run 894/1500     0.514 s
POINT 894 0.513702 1126.459
  run 895/1500     0.514 s
POINT 895 0.513573 1127.430
  run 896/1500     0.514 s
POINT 896 0.513905 1128.401
  run 897/1500     0.514 s
POINT 897 0.513622 1129.372
  run 898/1500     0.514 s
POINT 898 0.513649 1130.342
  run 899/1500     0.514 s
POINT 899 0.513680 1131.313
  run 900/1500     0.515 s
POINT 900 0.514819 1132.285
  run 901/1500     0.514 s
POINT 901 0.513790 1133.256
  run 902/1500     0.514 s
POINT 902 0.513661 1134.227
  run 903/1500     0.515 s
POINT 903 0.514913 1135.199
  run 904/1500     0.514 s
POINT 904 0.513760 1136.170
  run 905/1500     0.514 s
POINT 905 0.513721 1137.141
  run 906/1500     0.514 s
POINT 906 0.513663 1138.111
  run 907/1500     0.514 s
POINT 907 0.513816 1139.083
  run 908/1500     0.514 s
POINT 908 0.513704 1140.054
  run 909/1500     0.514 s
POINT 909 0.513617 1141.024
  run 910/1500     0.515 s
POINT 910 0.514574 1141.996
  run 911/1500     0.514 s
POINT 911 0.513636 1142.967
  run 912/1500     0.514 s
POINT 912 0.513623 1143.938
  run 913/1500     0.514 s
POINT 913 0.514221 1144.910
  run 914/1500     0.514 s
POINT 914 0.513594 1145.881
  run 915/1500     0.514 s
POINT 915 0.513609 1146.851
  run 916/1500     0.514 s
POINT 916 0.513610 1147.822
  run 917/1500     0.514 s
POINT 917 0.513603 1148.794
  run 918/1500     0.514 s
POINT 918 0.513771 1149.765
  run 919/1500     0.514 s
POINT 919 0.513642 1150.735
  run 920/1500     0.515 s
POINT 920 0.514788 1151.708
  run 921/1500     0.514 s
POINT 921 0.513607 1152.678
  run 922/1500     0.514 s
POINT 922 0.513619 1153.649
  run 923/1500     0.514 s
POINT 923 0.513955 1154.620
  run 924/1500     0.514 s
POINT 924 0.513639 1155.591
  run 925/1500     0.514 s
POINT 925 0.513760 1156.562
  run 926/1500     0.514 s
POINT 926 0.513619 1157.533
  run 927/1500     0.514 s
POINT 927 0.514497 1158.505
  run 928/1500     0.514 s
POINT 928 0.513597 1159.476
  run 929/1500     0.514 s
POINT 929 0.513754 1160.447
  run 930/1500     0.515 s
POINT 930 0.514794 1161.419
  run 931/1500     0.514 s
POINT 931 0.513679 1162.389
  run 932/1500     0.514 s
POINT 932 0.513545 1163.360
  run 933/1500     0.514 s
POINT 933 0.513724 1164.331
  run 934/1500     0.514 s
POINT 934 0.513556 1165.302
  run 935/1500     0.514 s
POINT 935 0.513706 1166.273
  run 936/1500     0.514 s
POINT 936 0.513577 1167.244
  run 937/1500     0.515 s
POINT 937 0.514511 1168.216
  run 938/1500     0.514 s
POINT 938 0.513662 1169.187
  run 939/1500     0.514 s
POINT 939 0.513803 1170.158
  run 940/1500     0.515 s
POINT 940 0.514692 1171.130
  run 941/1500     0.514 s
POINT 941 0.513819 1172.100
  run 942/1500     0.514 s
POINT 942 0.513724 1173.071
  run 943/1500     0.514 s
POINT 943 0.513767 1174.065
  run 944/1500     0.514 s
POINT 944 0.513699 1175.037
  run 945/1500     0.514 s
POINT 945 0.513792 1176.007
  run 946/1500     0.514 s
POINT 946 0.513666 1176.978
  run 947/1500     0.515 s
POINT 947 0.514825 1177.950
  run 948/1500     0.514 s
POINT 948 0.513743 1178.921
  run 949/1500     0.514 s
POINT 949 0.513810 1179.892
  run 950/1500     0.514 s
POINT 950 0.513729 1180.863
  run 951/1500     0.514 s
POINT 951 0.513629 1181.835
  run 952/1500     0.514 s
POINT 952 0.513613 1182.806
  run 953/1500     0.514 s
POINT 953 0.513649 1183.777
  run 954/1500     0.514 s
POINT 954 0.513571 1184.748
  run 955/1500     0.514 s
POINT 955 0.513526 1185.719
  run 956/1500     0.514 s
POINT 956 0.513652 1186.690
  run 957/1500     0.515 s
POINT 957 0.514819 1187.662
  run 958/1500     0.514 s
POINT 958 0.513566 1188.633
  run 959/1500     0.514 s
POINT 959 0.513588 1189.603
  run 960/1500     0.514 s
POINT 960 0.513998 1190.575
  run 961/1500     0.514 s
POINT 961 0.513773 1191.546
  run 962/1500     0.514 s
POINT 962 0.513616 1192.517
  run 963/1500     0.514 s
POINT 963 0.513707 1193.488
  run 964/1500     0.515 s
POINT 964 0.514747 1194.459
  run 965/1500     0.514 s
POINT 965 0.513582 1195.430
  run 966/1500     0.514 s
POINT 966 0.513763 1196.401
  run 967/1500     0.515 s
POINT 967 0.514912 1197.373
  run 968/1500     0.514 s
POINT 968 0.513704 1198.344
  run 969/1500     0.514 s
POINT 969 0.513595 1199.315
  run 970/1500     0.514 s
POINT 970 0.513751 1200.286
  run 971/1500     0.514 s
POINT 971 0.513612 1201.257
  run 972/1500     0.514 s
POINT 972 0.513692 1202.228
  run 973/1500     0.514 s
POINT 973 0.513555 1203.199
  run 974/1500     0.515 s
POINT 974 0.514593 1204.171
  run 975/1500     0.514 s
POINT 975 0.513602 1205.142
  run 976/1500     0.514 s
POINT 976 0.513659 1206.113
  run 977/1500     0.514 s
POINT 977 0.514089 1207.084
  run 978/1500     0.514 s
POINT 978 0.513679 1208.055
  run 979/1500     0.514 s
POINT 979 0.513656 1209.026
  run 980/1500     0.514 s
POINT 980 0.513813 1209.997
  run 981/1500     0.514 s
POINT 981 0.513621 1210.968
  run 982/1500     0.514 s
POINT 982 0.513743 1211.939
  run 983/1500     0.514 s
POINT 983 0.513673 1212.910
  run 984/1500     0.515 s
POINT 984 0.514882 1213.882
  run 985/1500     0.514 s
POINT 985 0.513699 1214.853
  run 986/1500     0.514 s
POINT 986 0.513705 1215.824
  run 987/1500     0.514 s
POINT 987 0.513911 1216.795
  run 988/1500     0.514 s
POINT 988 0.513662 1217.766
  run 989/1500     0.514 s
POINT 989 0.513659 1218.737
  run 990/1500     0.514 s
POINT 990 0.513745 1219.708
  run 991/1500     0.514 s
POINT 991 0.514445 1220.680
  run 992/1500     0.514 s
POINT 992 0.513638 1221.651
  run 993/1500     0.514 s
POINT 993 0.513579 1222.622
  run 994/1500     0.515 s
POINT 994 0.514834 1223.594
  run 995/1500     0.514 s
POINT 995 0.513618 1224.565
  run 996/1500     0.514 s
POINT 996 0.513545 1225.535
  run 997/1500     0.514 s
POINT 997 0.513721 1226.506
  run 998/1500     0.514 s
POINT 998 0.513623 1227.478
  run 999/1500     0.514 s
POINT 999 0.513756 1228.448
  run 1000/1500     0.514 s
POINT 1000 0.513598 1229.419
  run 1001/1500     0.515 s
POINT 1001 0.514689 1230.391
  run 1002/1500     0.514 s
POINT 1002 0.513775 1231.362
  run 1003/1500     0.514 s
POINT 1003 0.513739 1232.333
  run 1004/1500     0.515 s
POINT 1004 0.514631 1233.305
  run 1005/1500     0.514 s
POINT 1005 0.513764 1234.280
  run 1006/1500     0.514 s
POINT 1006 0.513679 1235.251
  run 1007/1500     0.514 s
POINT 1007 0.513679 1236.222
  run 1008/1500     0.514 s
POINT 1008 0.513579 1237.193
  run 1009/1500     0.514 s
POINT 1009 0.513749 1238.164
  run 1010/1500     0.514 s
POINT 1010 0.513527 1239.135
  run 1011/1500     0.515 s
POINT 1011 0.515063 1240.107
  run 1012/1500     0.514 s
POINT 1012 0.513676 1241.078
  run 1013/1500     0.514 s
POINT 1013 0.513608 1242.049
  run 1014/1500     0.514 s
POINT 1014 0.513834 1243.020
  run 1015/1500     0.514 s
POINT 1015 0.513680 1243.992
  run 1016/1500     0.514 s
POINT 1016 0.513621 1244.963
  run 1017/1500     0.514 s
POINT 1017 0.513732 1245.933
  run 1018/1500     0.514 s
POINT 1018 0.513840 1246.905
  run 1019/1500     0.514 s
POINT 1019 0.513596 1247.876
  run 1020/1500     0.514 s
POINT 1020 0.513738 1248.847
  run 1021/1500     0.515 s
POINT 1021 0.514886 1249.819
  run 1022/1500     0.514 s
POINT 1022 0.513723 1250.790
  run 1023/1500     0.514 s
POINT 1023 0.513722 1251.761
  run 1024/1500     0.514 s
POINT 1024 0.513932 1252.732
  run 1025/1500     0.514 s
POINT 1025 0.513685 1253.703
  run 1026/1500     0.514 s
POINT 1026 0.513622 1254.674
  run 1027/1500     0.514 s
POINT 1027 0.513576 1255.644
  run 1028/1500     0.515 s
POINT 1028 0.514712 1256.616
  run 1029/1500     0.514 s
POINT 1029 0.513581 1257.587
  run 1030/1500     0.514 s
POINT 1030 0.513587 1258.558
  run 1031/1500     0.515 s
POINT 1031 0.514897 1259.530
  run 1032/1500     0.514 s
POINT 1032 0.513562 1260.501
  run 1033/1500     0.514 s
POINT 1033 0.513584 1261.472
  run 1034/1500     0.514 s
POINT 1034 0.513639 1262.443
  run 1035/1500     0.513 s
POINT 1035 0.513485 1263.414
  run 1036/1500     0.514 s
POINT 1036 0.513774 1264.385
  run 1037/1500     0.514 s
POINT 1037 0.513633 1265.355
  run 1038/1500     0.515 s
POINT 1038 0.514791 1266.327
  run 1039/1500     0.514 s
POINT 1039 0.513699 1267.298
  run 1040/1500     0.514 s
POINT 1040 0.513722 1268.269
  run 1041/1500     0.514 s
POINT 1041 0.513875 1269.240
  run 1042/1500     0.514 s
POINT 1042 0.513997 1270.212
  run 1043/1500     0.514 s
POINT 1043 0.513754 1271.183
  run 1044/1500     0.514 s
POINT 1044 0.513790 1272.153
  run 1045/1500     0.514 s
POINT 1045 0.513614 1273.125
  run 1046/1500     0.514 s
POINT 1046 0.513649 1274.096
  run 1047/1500     0.514 s
POINT 1047 0.513654 1275.067
  run 1048/1500     0.515 s
POINT 1048 0.514803 1276.039
  run 1049/1500     0.514 s
POINT 1049 0.513633 1277.010
  run 1050/1500     0.514 s
POINT 1050 0.513635 1277.981
  run 1051/1500     0.514 s
POINT 1051 0.513896 1278.952
  run 1052/1500     0.514 s
POINT 1052 0.513543 1279.923
  run 1053/1500     0.514 s
POINT 1053 0.513604 1280.894
  run 1054/1500     0.514 s
POINT 1054 0.513642 1281.865
  run 1055/1500     0.515 s
POINT 1055 0.514716 1282.837
  run 1056/1500     0.514 s
POINT 1056 0.513569 1283.807
  run 1057/1500     0.514 s
POINT 1057 0.513592 1284.778
  run 1058/1500     0.515 s
POINT 1058 0.514947 1285.750
  run 1059/1500     0.514 s
POINT 1059 0.513695 1286.721
  run 1060/1500     0.514 s
POINT 1060 0.513609 1287.692
  run 1061/1500     0.514 s
POINT 1061 0.513685 1288.663
  run 1062/1500     0.514 s
POINT 1062 0.513635 1289.634
  run 1063/1500     0.514 s
POINT 1063 0.513793 1290.605
  run 1064/1500     0.514 s
POINT 1064 0.513708 1291.576
  run 1065/1500     0.515 s
POINT 1065 0.514538 1292.548
  run 1066/1500     0.514 s
POINT 1066 0.513616 1293.519
  run 1067/1500     0.514 s
POINT 1067 0.513565 1294.489
  run 1068/1500     0.514 s
POINT 1068 0.513986 1295.461
  run 1069/1500     0.514 s
POINT 1069 0.513683 1296.432
  run 1070/1500     0.514 s
POINT 1070 0.513533 1297.402
  run 1071/1500     0.514 s
POINT 1071 0.513688 1298.373
  run 1072/1500     0.513 s
POINT 1072 0.513457 1299.345
  run 1073/1500     0.514 s
POINT 1073 0.513604 1300.316
  run 1074/1500     0.514 s
POINT 1074 0.513583 1301.287
  run 1075/1500     0.515 s
POINT 1075 0.514931 1302.259
  run 1076/1500     0.514 s
POINT 1076 0.513667 1303.230
  run 1077/1500     0.514 s
POINT 1077 0.513778 1304.200
  run 1078/1500     0.514 s
POINT 1078 0.513866 1305.171
  run 1079/1500     0.514 s
POINT 1079 0.513939 1306.143
  run 1080/1500     0.514 s
POINT 1080 0.513762 1307.114
  run 1081/1500     0.514 s
POINT 1081 0.513744 1308.085
  run 1082/1500     0.514 s
POINT 1082 0.514434 1309.056
  run 1083/1500     0.514 s
POINT 1083 0.513747 1310.027
  run 1084/1500     0.514 s
POINT 1084 0.513630 1310.998
  run 1085/1500     0.515 s
POINT 1085 0.514972 1311.971
  run 1086/1500     0.514 s
POINT 1086 0.513645 1312.941
  run 1087/1500     0.514 s
POINT 1087 0.513565 1313.912
  run 1088/1500     0.514 s
POINT 1088 0.513639 1314.883
  run 1089/1500     0.514 s
POINT 1089 0.513506 1315.854
  run 1090/1500     0.514 s
POINT 1090 0.513622 1316.825
  run 1091/1500     0.514 s
POINT 1091 0.513562 1317.796
  run 1092/1500     0.515 s
POINT 1092 0.514548 1318.768
  run 1093/1500     0.514 s
POINT 1093 0.513549 1319.739
  run 1094/1500     0.514 s
POINT 1094 0.513589 1320.710
  run 1095/1500     0.514 s
POINT 1095 0.514382 1321.681
  run 1096/1500     0.514 s
POINT 1096 0.513693 1322.652
  run 1097/1500     0.514 s
POINT 1097 0.513603 1323.623
  run 1098/1500     0.514 s
POINT 1098 0.513588 1324.594
  run 1099/1500     0.514 s
POINT 1099 0.513599 1325.565
  run 1100/1500     0.514 s
POINT 1100 0.513818 1326.536
  run 1101/1500     0.514 s
POINT 1101 0.513575 1327.507
  run 1102/1500     0.515 s
POINT 1102 0.514890 1328.479
  run 1103/1500     0.514 s
POINT 1103 0.513594 1329.450
  run 1104/1500     0.514 s
POINT 1104 0.513619 1330.421
  run 1105/1500     0.514 s
POINT 1105 0.513779 1331.392
  run 1106/1500     0.514 s
POINT 1106 0.513575 1332.363
  run 1107/1500     0.514 s
POINT 1107 0.513607 1333.334
  run 1108/1500     0.514 s
POINT 1108 0.513628 1334.304
  run 1109/1500     0.514 s
POINT 1109 0.514014 1335.276
  run 1110/1500     0.514 s
POINT 1110 0.513655 1336.247
  run 1111/1500     0.514 s
POINT 1111 0.513538 1337.218
  run 1112/1500     0.515 s
POINT 1112 0.515036 1338.190
  run 1113/1500     0.514 s
POINT 1113 0.513635 1339.161
  run 1114/1500     0.514 s
POINT 1114 0.513654 1340.131
  run 1115/1500     0.514 s
POINT 1115 0.513736 1341.102
  run 1116/1500     0.514 s
POINT 1116 0.513711 1342.073
  run 1117/1500     0.514 s
POINT 1117 0.513759 1343.044
  run 1118/1500     0.514 s
POINT 1118 0.513658 1344.015
  run 1119/1500     0.515 s
POINT 1119 0.514566 1344.987
  run 1120/1500     0.514 s
POINT 1120 0.513606 1345.958
  run 1121/1500     0.514 s
POINT 1121 0.513762 1346.929
  run 1122/1500     0.515 s
POINT 1122 0.514851 1347.901
  run 1123/1500     0.514 s
POINT 1123 0.513673 1348.872
  run 1124/1500     0.514 s
POINT 1124 0.513597 1349.842
  run 1125/1500     0.514 s
POINT 1125 0.513586 1350.813
  run 1126/1500     0.514 s
POINT 1126 0.513608 1351.784
  run 1127/1500     0.514 s
POINT 1127 0.513540 1352.755
  run 1128/1500     0.514 s
POINT 1128 0.513590 1353.726
  run 1129/1500     0.515 s
POINT 1129 0.514845 1354.698
  run 1130/1500     0.513 s
POINT 1130 0.513492 1355.669
  run 1131/1500     0.514 s
POINT 1131 0.513616 1356.640
  run 1132/1500     0.514 s
POINT 1132 0.513757 1357.611
  run 1133/1500     0.514 s
POINT 1133 0.513751 1358.582
  run 1134/1500     0.514 s
POINT 1134 0.513547 1359.553
  run 1135/1500     0.514 s
POINT 1135 0.513716 1360.524
  run 1136/1500     0.514 s
POINT 1136 0.513788 1361.496
  run 1137/1500     0.514 s
POINT 1137 0.513846 1362.467
  run 1138/1500     0.514 s
POINT 1138 0.513726 1363.438
  run 1139/1500     0.515 s
POINT 1139 0.514889 1364.410
  run 1140/1500     0.514 s
POINT 1140 0.513710 1365.381
  run 1141/1500     0.514 s
POINT 1141 0.513635 1366.351
  run 1142/1500     0.514 s
POINT 1142 0.513937 1367.322
  run 1143/1500     0.514 s
POINT 1143 0.513587 1368.293
  run 1144/1500     0.514 s
POINT 1144 0.513898 1369.265
  run 1145/1500     0.514 s
POINT 1145 0.513774 1370.235
  run 1146/1500     0.515 s
POINT 1146 0.514740 1371.207
  run 1147/1500     0.514 s
POINT 1147 0.513726 1372.178
  run 1148/1500     0.514 s
POINT 1148 0.513714 1373.149
  run 1149/1500     0.515 s
POINT 1149 0.515029 1374.122
  run 1150/1500     0.514 s
POINT 1150 0.513590 1375.092
  run 1151/1500     0.514 s
POINT 1151 0.513614 1376.063
  run 1152/1500     0.514 s
POINT 1152 0.513567 1377.034
  run 1153/1500     0.514 s
POINT 1153 0.513641 1378.005
  run 1154/1500     0.514 s
POINT 1154 0.513743 1378.976
  run 1155/1500     0.514 s
POINT 1155 0.513646 1379.947
  run 1156/1500     0.515 s
POINT 1156 0.514597 1380.919
  run 1157/1500     0.514 s
POINT 1157 0.513679 1381.890
  run 1158/1500     0.514 s
POINT 1158 0.513704 1382.861
  run 1159/1500     0.514 s
POINT 1159 0.513928 1383.832
  run 1160/1500     0.514 s
POINT 1160 0.513716 1384.803
  run 1161/1500     0.514 s
POINT 1161 0.513661 1385.774
  run 1162/1500     0.514 s
POINT 1162 0.513654 1386.745
  run 1163/1500     0.514 s
POINT 1163 0.513733 1387.716
  run 1164/1500     0.514 s
POINT 1164 0.513614 1388.687
  run 1165/1500     0.514 s
POINT 1165 0.513648 1389.658
  run 1166/1500     0.515 s
POINT 1166 0.514842 1390.630
  run 1167/1500     0.514 s
POINT 1167 0.513610 1391.601
  run 1168/1500     0.514 s
POINT 1168 0.513617 1392.572
  run 1169/1500     0.514 s
POINT 1169 0.513847 1393.543
  run 1170/1500     0.514 s
POINT 1170 0.513733 1394.514
  run 1171/1500     0.514 s
POINT 1171 0.513666 1395.485
  run 1172/1500     0.514 s
POINT 1172 0.513709 1396.456
  run 1173/1500     0.515 s
POINT 1173 0.514635 1397.428
  run 1174/1500     0.514 s
POINT 1174 0.513801 1398.399
  run 1175/1500     0.514 s
POINT 1175 0.513643 1399.370
  run 1176/1500     0.515 s
POINT 1176 0.514981 1400.342
  run 1177/1500     0.514 s
POINT 1177 0.513733 1401.312
  run 1178/1500     0.514 s
POINT 1178 0.513753 1402.283
  run 1179/1500     0.514 s
POINT 1179 0.513654 1403.254
  run 1180/1500     0.514 s
POINT 1180 0.513753 1404.226
  run 1181/1500     0.514 s
POINT 1181 0.513663 1405.196
  run 1182/1500     0.514 s
POINT 1182 0.513715 1406.168
  run 1183/1500     0.515 s
POINT 1183 0.514592 1407.140
  run 1184/1500     0.514 s
POINT 1184 0.513624 1408.110
  run 1185/1500     0.514 s
POINT 1185 0.513635 1409.081
  run 1186/1500     0.514 s
POINT 1186 0.514070 1410.053
  run 1187/1500     0.514 s
POINT 1187 0.513565 1411.024
  run 1188/1500     0.514 s
POINT 1188 0.513568 1411.995
  run 1189/1500     0.514 s
POINT 1189 0.513591 1412.966
  run 1190/1500     0.514 s
POINT 1190 0.513525 1413.937
  run 1191/1500     0.514 s
POINT 1191 0.513666 1414.908
  run 1192/1500     0.514 s
POINT 1192 0.513581 1415.879
  run 1193/1500     0.515 s
POINT 1193 0.514864 1416.851
  run 1194/1500     0.514 s
POINT 1194 0.513736 1417.821
  run 1195/1500     0.514 s
POINT 1195 0.513757 1418.792
  run 1196/1500     0.514 s
POINT 1196 0.513955 1419.764
  run 1197/1500     0.514 s
POINT 1197 0.513766 1420.735
  run 1198/1500     0.514 s
POINT 1198 0.513658 1421.706
  run 1199/1500     0.514 s
POINT 1199 0.513688 1422.676
  run 1200/1500     0.515 s
POINT 1200 0.514760 1423.648
  run 1201/1500     0.514 s
POINT 1201 0.513608 1424.619
  run 1202/1500     0.514 s
POINT 1202 0.513611 1425.590
  run 1203/1500     0.515 s
POINT 1203 0.515085 1426.562
  run 1204/1500     0.514 s
POINT 1204 0.513513 1427.533
  run 1205/1500     0.514 s
POINT 1205 0.513660 1428.504
  run 1206/1500     0.514 s
POINT 1206 0.513540 1429.475
  run 1207/1500     0.514 s
POINT 1207 0.513727 1430.446
  run 1208/1500     0.514 s
POINT 1208 0.513718 1431.417
  run 1209/1500     0.514 s
POINT 1209 0.513608 1432.388
  run 1210/1500     0.514 s
POINT 1210 0.514487 1433.360
  run 1211/1500     0.514 s
POINT 1211 0.513774 1434.331
  run 1212/1500     0.514 s
POINT 1212 0.513571 1435.301
  run 1213/1500     0.514 s
POINT 1213 0.514434 1436.273
  run 1214/1500     0.514 s
POINT 1214 0.513727 1437.244
  run 1215/1500     0.514 s
POINT 1215 0.513720 1438.215
  run 1216/1500     0.514 s
POINT 1216 0.513747 1439.186
  run 1217/1500     0.514 s
POINT 1217 0.513653 1440.157
  run 1218/1500     0.514 s
POINT 1218 0.513617 1441.128
  run 1219/1500     0.514 s
POINT 1219 0.513595 1442.099
  run 1220/1500     0.515 s
POINT 1220 0.514863 1443.071
  run 1221/1500     0.514 s
POINT 1221 0.513623 1444.042
  run 1222/1500     0.514 s
POINT 1222 0.513718 1445.013
  run 1223/1500     0.514 s
POINT 1223 0.513842 1445.984
  run 1224/1500     0.514 s
POINT 1224 0.513784 1446.955
  run 1225/1500     0.514 s
POINT 1225 0.513565 1447.926
  run 1226/1500     0.514 s
POINT 1226 0.513698 1448.897
  run 1227/1500     0.514 s
POINT 1227 0.514326 1449.869
  run 1228/1500     0.514 s
POINT 1228 0.513770 1450.840
  run 1229/1500     0.514 s
POINT 1229 0.513622 1451.811
  run 1230/1500     0.515 s
POINT 1230 0.514909 1452.783
  run 1231/1500     0.514 s
POINT 1231 0.513584 1453.753
  run 1232/1500     0.514 s
POINT 1232 0.513904 1454.725
  run 1233/1500     0.514 s
POINT 1233 0.513652 1455.695
  run 1234/1500     0.514 s
POINT 1234 0.513796 1456.667
  run 1235/1500     0.514 s
POINT 1235 0.513738 1457.638
  run 1236/1500     0.514 s
POINT 1236 0.513870 1458.609
  run 1237/1500     0.515 s
POINT 1237 0.514606 1459.580
  run 1238/1500     0.514 s
POINT 1238 0.513747 1460.551
  run 1239/1500     0.514 s
POINT 1239 0.513590 1461.522
  run 1240/1500     0.515 s
POINT 1240 0.514837 1462.494
  run 1241/1500     0.514 s
POINT 1241 0.513544 1463.465
  run 1242/1500     0.514 s
POINT 1242 0.513572 1464.436
  run 1243/1500     0.514 s
POINT 1243 0.513595 1465.407
  run 1244/1500     0.514 s
POINT 1244 0.513609 1466.378
  run 1245/1500     0.514 s
POINT 1245 0.513546 1467.349
  run 1246/1500     0.514 s
POINT 1246 0.513683 1468.320
  run 1247/1500     0.515 s
POINT 1247 0.514730 1469.292
  run 1248/1500     0.514 s
POINT 1248 0.513822 1470.263
  run 1249/1500     0.514 s
POINT 1249 0.513661 1471.234
  run 1250/1500     0.514 s
POINT 1250 0.513804 1472.205
  run 1251/1500     0.514 s
POINT 1251 0.513679 1473.176
  run 1252/1500     0.514 s
POINT 1252 0.513683 1474.147
  run 1253/1500     0.514 s
POINT 1253 0.513619 1475.118
  run 1254/1500     0.514 s
POINT 1254 0.513884 1476.089
  run 1255/1500     0.514 s
POINT 1255 0.513789 1477.060
  run 1256/1500     0.514 s
POINT 1256 0.513617 1478.031
  run 1257/1500     0.515 s
POINT 1257 0.514998 1479.003
  run 1258/1500     0.514 s
POINT 1258 0.513807 1479.974
  run 1259/1500     0.514 s
POINT 1259 0.513724 1480.945
  run 1260/1500     0.514 s
POINT 1260 0.514025 1481.916
  run 1261/1500     0.514 s
POINT 1261 0.513833 1482.888
  run 1262/1500     0.514 s
POINT 1262 0.513725 1483.859
  run 1263/1500     0.514 s
POINT 1263 0.513661 1484.829
  run 1264/1500     0.515 s
POINT 1264 0.514570 1485.801
  run 1265/1500     0.514 s
POINT 1265 0.513786 1486.772
  run 1266/1500     0.514 s
POINT 1266 0.513512 1487.743
  run 1267/1500     0.515 s
POINT 1267 0.515001 1488.715
  run 1268/1500     0.514 s
POINT 1268 0.513615 1489.686
  run 1269/1500     0.514 s
POINT 1269 0.513814 1490.657
  run 1270/1500     0.514 s
POINT 1270 0.513714 1491.628
  run 1271/1500     0.514 s
POINT 1271 0.513759 1492.599
  run 1272/1500     0.514 s
POINT 1272 0.513616 1493.570
  run 1273/1500     0.514 s
POINT 1273 0.513939 1494.541
  run 1274/1500     0.515 s
POINT 1274 0.514574 1495.513
  run 1275/1500     0.514 s
POINT 1275 0.513774 1496.484
  run 1276/1500     0.514 s
POINT 1276 0.513612 1497.455
  run 1277/1500     0.514 s
POINT 1277 0.514011 1498.426
  run 1278/1500     0.514 s
POINT 1278 0.513521 1499.397
  run 1279/1500     0.514 s
POINT 1279 0.513636 1500.368
  run 1280/1500     0.514 s
POINT 1280 0.513600 1501.339
  run 1281/1500     0.514 s
POINT 1281 0.513816 1502.311
  run 1282/1500     0.514 s
POINT 1282 0.513575 1503.282
  run 1283/1500     0.514 s
POINT 1283 0.513626 1504.253
  run 1284/1500     0.515 s
POINT 1284 0.514861 1505.225
  run 1285/1500     0.514 s
POINT 1285 0.513681 1506.196
  run 1286/1500     0.514 s
POINT 1286 0.513541 1507.167
  run 1287/1500     0.514 s
POINT 1287 0.514028 1508.138
  run 1288/1500     0.514 s
POINT 1288 0.513774 1509.109
  run 1289/1500     0.514 s
POINT 1289 0.513886 1510.080
  run 1290/1500     0.514 s
POINT 1290 0.513819 1511.051
  run 1291/1500     0.515 s
POINT 1291 0.514749 1512.023
  run 1292/1500     0.514 s
POINT 1292 0.513952 1512.994
  run 1293/1500     0.514 s
POINT 1293 0.513651 1513.965
  run 1294/1500     0.515 s
POINT 1294 0.515104 1514.937
  run 1295/1500     0.514 s
POINT 1295 0.513699 1515.908
  run 1296/1500     0.514 s
POINT 1296 0.513797 1516.879
  run 1297/1500     0.514 s
POINT 1297 0.513533 1517.850
  run 1298/1500     0.514 s
POINT 1298 0.513722 1518.821
  run 1299/1500     0.514 s
POINT 1299 0.513553 1519.792
  run 1300/1500     0.514 s
POINT 1300 0.513760 1520.763
  run 1301/1500     0.515 s
POINT 1301 0.514511 1521.735
  run 1302/1500     0.514 s
POINT 1302 0.513729 1522.706
  run 1303/1500     0.514 s
POINT 1303 0.513545 1523.677
  run 1304/1500     0.514 s
POINT 1304 0.514472 1524.648
  run 1305/1500     0.514 s
POINT 1305 0.513538 1525.619
  run 1306/1500     0.514 s
POINT 1306 0.513835 1526.590
  run 1307/1500     0.514 s
POINT 1307 0.513627 1527.561
  run 1308/1500     0.514 s
POINT 1308 0.513576 1528.532
  run 1309/1500     0.514 s
POINT 1309 0.513658 1529.503
  run 1310/1500     0.514 s
POINT 1310 0.513810 1530.474
  run 1311/1500     0.515 s
POINT 1311 0.514895 1531.446
  run 1312/1500     0.514 s
POINT 1312 0.513756 1532.417
  run 1313/1500     0.514 s
POINT 1313 0.513676 1533.388
  run 1314/1500     0.514 s
POINT 1314 0.514017 1534.360
  run 1315/1500     0.514 s
POINT 1315 0.513648 1535.331
  run 1316/1500     0.514 s
POINT 1316 0.513583 1536.302
  run 1317/1500     0.514 s
POINT 1317 0.513712 1537.273
  run 1318/1500     0.514 s
POINT 1318 0.514486 1538.244
  run 1319/1500     0.514 s
POINT 1319 0.513791 1539.216
  run 1320/1500     0.514 s
POINT 1320 0.513798 1540.187
  run 1321/1500     0.515 s
POINT 1321 0.514902 1541.159
  run 1322/1500     0.514 s
POINT 1322 0.513743 1542.130
  run 1323/1500     0.514 s
POINT 1323 0.513687 1543.101
  run 1324/1500     0.514 s
POINT 1324 0.513581 1544.072
  run 1325/1500     0.514 s
POINT 1325 0.513815 1545.043
  run 1326/1500     0.514 s
POINT 1326 0.513567 1546.014
  run 1327/1500     0.514 s
POINT 1327 0.513832 1546.985
  run 1328/1500     0.515 s
POINT 1328 0.514549 1547.956
  run 1329/1500     0.514 s
POINT 1329 0.513817 1548.927
  run 1330/1500     0.514 s
POINT 1330 0.513715 1549.898
  run 1331/1500     0.515 s
POINT 1331 0.514926 1550.870
  run 1332/1500     0.514 s
POINT 1332 0.513717 1551.841
  run 1333/1500     0.514 s
POINT 1333 0.513895 1552.812
  run 1334/1500     0.514 s
POINT 1334 0.513654 1553.783
  run 1335/1500     0.514 s
POINT 1335 0.513822 1554.755
  run 1336/1500     0.514 s
POINT 1336 0.513572 1555.725
  run 1337/1500     0.514 s
POINT 1337 0.513771 1556.696
  run 1338/1500     0.515 s
POINT 1338 0.514832 1557.669
  run 1339/1500     0.514 s
POINT 1339 0.513866 1558.640
  run 1340/1500     0.514 s
POINT 1340 0.513595 1559.611
  run 1341/1500     0.514 s
POINT 1341 0.513957 1560.582
  run 1342/1500     0.514 s
POINT 1342 0.513532 1561.553
  run 1343/1500     0.514 s
POINT 1343 0.513762 1562.524
  run 1344/1500     0.514 s
POINT 1344 0.513549 1563.495
  run 1345/1500     0.514 s
POINT 1345 0.514062 1564.467
  run 1346/1500     0.514 s
POINT 1346 0.513666 1565.438
  run 1347/1500     0.514 s
POINT 1347 0.513823 1566.409
  run 1348/1500     0.515 s
POINT 1348 0.514869 1567.381
  run 1349/1500     0.514 s
POINT 1349 0.513697 1568.351
  run 1350/1500     0.514 s
POINT 1350 0.513683 1569.322
  run 1351/1500     0.514 s
POINT 1351 0.513999 1570.294
  run 1352/1500     0.514 s
POINT 1352 0.513824 1571.265
  run 1353/1500     0.514 s
POINT 1353 0.513708 1572.236
  run 1354/1500     0.514 s
POINT 1354 0.513691 1573.207
  run 1355/1500     0.515 s
POINT 1355 0.514766 1574.179
  run 1356/1500     0.514 s
POINT 1356 0.513726 1575.150
  run 1357/1500     0.514 s
POINT 1357 0.513716 1576.121
  run 1358/1500     0.515 s
POINT 1358 0.514931 1577.093
  run 1359/1500     0.514 s
POINT 1359 0.513668 1578.064
  run 1360/1500     0.514 s
POINT 1360 0.513950 1579.036
  run 1361/1500     0.514 s
POINT 1361 0.513611 1580.006
  run 1362/1500     0.514 s
POINT 1362 0.513671 1580.978
  run 1363/1500     0.514 s
POINT 1363 0.513725 1581.949
  run 1364/1500     0.514 s
POINT 1364 0.513786 1582.920
  run 1365/1500     0.515 s
POINT 1365 0.514801 1583.892
  run 1366/1500     0.514 s
POINT 1366 0.513916 1584.863
  run 1367/1500     0.514 s
POINT 1367 0.513645 1585.834
  run 1368/1500     0.514 s
POINT 1368 0.514057 1586.805
  run 1369/1500     0.514 s
POINT 1369 0.513716 1587.777
  run 1370/1500     0.514 s
POINT 1370 0.513895 1588.748
  run 1371/1500     0.514 s
POINT 1371 0.513734 1589.719
  run 1372/1500     0.514 s
POINT 1372 0.513910 1590.691
  run 1373/1500     0.514 s
POINT 1373 0.513680 1591.661
  run 1374/1500     0.514 s
POINT 1374 0.513863 1592.633
  run 1375/1500     0.515 s
POINT 1375 0.514740 1593.605
  run 1376/1500     0.514 s
POINT 1376 0.513807 1594.576
  run 1377/1500     0.514 s
POINT 1377 0.513611 1595.547
  run 1378/1500     0.514 s
POINT 1378 0.513995 1596.518
  run 1379/1500     0.514 s
POINT 1379 0.513690 1597.489
  run 1380/1500     0.514 s
POINT 1380 0.513850 1598.461
  run 1381/1500     0.514 s
POINT 1381 0.513688 1599.432
  run 1382/1500     0.515 s
POINT 1382 0.514870 1600.404
  run 1383/1500     0.514 s
POINT 1383 0.513614 1601.375
  run 1384/1500     0.514 s
POINT 1384 0.513784 1602.346
  run 1385/1500     0.515 s
POINT 1385 0.514950 1603.318
  run 1386/1500     0.514 s
POINT 1386 0.513635 1604.289
  run 1387/1500     0.514 s
POINT 1387 0.513697 1605.260
  run 1388/1500     0.514 s
POINT 1388 0.513791 1606.231
  run 1389/1500     0.514 s
POINT 1389 0.513733 1607.202
  run 1390/1500     0.514 s
POINT 1390 0.513793 1608.173
  run 1391/1500     0.514 s
POINT 1391 0.513846 1609.144
  run 1392/1500     0.514 s
POINT 1392 0.514474 1610.116
  run 1393/1500     0.514 s
POINT 1393 0.513840 1611.087
  run 1394/1500     0.514 s
POINT 1394 0.513698 1612.058
  run 1395/1500     0.514 s
POINT 1395 0.514214 1613.030
  run 1396/1500     0.514 s
POINT 1396 0.513622 1614.001
  run 1397/1500     0.514 s
POINT 1397 0.513822 1614.972
  run 1398/1500     0.514 s
POINT 1398 0.513638 1615.943
  run 1399/1500     0.514 s
POINT 1399 0.513576 1616.914
  run 1400/1500     0.514 s
POINT 1400 0.513509 1617.885
  run 1401/1500     0.514 s
POINT 1401 0.513751 1618.856
  run 1402/1500     0.515 s
POINT 1402 0.514724 1619.828
  run 1403/1500     0.514 s
POINT 1403 0.513770 1620.799
  run 1404/1500     0.514 s
POINT 1404 0.513707 1621.770
  run 1405/1500     0.514 s
POINT 1405 0.514106 1622.741
  run 1406/1500     0.514 s
POINT 1406 0.513549 1623.712
  run 1407/1500     0.514 s
POINT 1407 0.513732 1624.683
  run 1408/1500     0.514 s
POINT 1408 0.513666 1625.654
  run 1409/1500     0.515 s
POINT 1409 0.514794 1626.626
  run 1410/1500     0.514 s
POINT 1410 0.513723 1627.597
  run 1411/1500     0.514 s
POINT 1411 0.513697 1628.568
  run 1412/1500     0.515 s
POINT 1412 0.515008 1629.540
  run 1413/1500     0.514 s
POINT 1413 0.513947 1630.511
  run 1414/1500     0.514 s
POINT 1414 0.513539 1631.482
  run 1415/1500     0.514 s
POINT 1415 0.513634 1632.453
  run 1416/1500     0.514 s
POINT 1416 0.513649 1633.424
  run 1417/1500     0.514 s
POINT 1417 0.513732 1634.395
  run 1418/1500     0.514 s
POINT 1418 0.513529 1635.366
  run 1419/1500     0.515 s
POINT 1419 0.514518 1636.338
  run 1420/1500     0.514 s
POINT 1420 0.513589 1637.309
  run 1421/1500     0.514 s
POINT 1421 0.513694 1638.280
  run 1422/1500     0.515 s
POINT 1422 0.514510 1639.252
  run 1423/1500     0.514 s
POINT 1423 0.513637 1640.223
  run 1424/1500     0.514 s
POINT 1424 0.513667 1641.194
  run 1425/1500     0.514 s
POINT 1425 0.513731 1642.164
  run 1426/1500     0.514 s
POINT 1426 0.513714 1643.136
  run 1427/1500     0.514 s
POINT 1427 0.513713 1644.107
  run 1428/1500     0.514 s
POINT 1428 0.513791 1645.078
  run 1429/1500     0.515 s
POINT 1429 0.514842 1646.050
  run 1430/1500     0.514 s
POINT 1430 0.513790 1647.021
  run 1431/1500     0.514 s
POINT 1431 0.513694 1647.992
  run 1432/1500     0.514 s
POINT 1432 0.514021 1648.963
  run 1433/1500     0.514 s
POINT 1433 0.513601 1649.934
  run 1434/1500     0.514 s
POINT 1434 0.513753 1650.905
  run 1435/1500     0.514 s
POINT 1435 0.513618 1651.876
  run 1436/1500     0.514 s
POINT 1436 0.514249 1652.848
  run 1437/1500     0.514 s
POINT 1437 0.513544 1653.818
  run 1438/1500     0.514 s
POINT 1438 0.513797 1654.790
  run 1439/1500     0.515 s
POINT 1439 0.514886 1655.762
  run 1440/1500     0.514 s
POINT 1440 0.513683 1656.732
  run 1441/1500     0.514 s
POINT 1441 0.513509 1657.703
  run 1442/1500     0.514 s
POINT 1442 0.514054 1658.675
  run 1443/1500     0.514 s
POINT 1443 0.513669 1659.646
  run 1444/1500     0.514 s
POINT 1444 0.513756 1660.617
  run 1445/1500     0.514 s
POINT 1445 0.513751 1661.588
  run 1446/1500     0.515 s
POINT 1446 0.514753 1662.560
  run 1447/1500     0.514 s
POINT 1447 0.513686 1663.531
  run 1448/1500     0.514 s
POINT 1448 0.513683 1664.502
  run 1449/1500     0.515 s
POINT 1449 0.514784 1665.474
  run 1450/1500     0.514 s
POINT 1450 0.513935 1666.445
  run 1451/1500     0.514 s
POINT 1451 0.513635 1667.416
  run 1452/1500     0.514 s
POINT 1452 0.513613 1668.387
  run 1453/1500     0.514 s
POINT 1453 0.513602 1669.358
  run 1454/1500     0.514 s
POINT 1454 0.513728 1670.329
  run 1455/1500     0.514 s
POINT 1455 0.513651 1671.300
  run 1456/1500     0.515 s
POINT 1456 0.514901 1672.272
  run 1457/1500     0.514 s
POINT 1457 0.513556 1673.243
  run 1458/1500     0.514 s
POINT 1458 0.513767 1674.214
  run 1459/1500     0.514 s
POINT 1459 0.514121 1675.186
  run 1460/1500     0.514 s
POINT 1460 0.513602 1676.157
  run 1461/1500     0.514 s
POINT 1461 0.513789 1677.128
  run 1462/1500     0.514 s
POINT 1462 0.513755 1678.099
  run 1463/1500     0.514 s
POINT 1463 0.513773 1679.070
  run 1464/1500     0.514 s
POINT 1464 0.513734 1680.041
  run 1465/1500     0.514 s
POINT 1465 0.513727 1681.012
  run 1466/1500     0.515 s
POINT 1466 0.514922 1681.984
  run 1467/1500     0.514 s
POINT 1467 0.513800 1682.955
  run 1468/1500     0.514 s
POINT 1468 0.513709 1683.926
  run 1469/1500     0.514 s
POINT 1469 0.514044 1684.897
  run 1470/1500     0.514 s
POINT 1470 0.513708 1685.868
  run 1471/1500     0.514 s
POINT 1471 0.513874 1686.840
  run 1472/1500     0.514 s
POINT 1472 0.513661 1687.811
  run 1473/1500     0.515 s
POINT 1473 0.514782 1688.783
  run 1474/1500     0.514 s
POINT 1474 0.513558 1689.753
  run 1475/1500     0.514 s
POINT 1475 0.513747 1690.725
  run 1476/1500     0.515 s
POINT 1476 0.514881 1691.697
  run 1477/1500     0.514 s
POINT 1477 0.513694 1692.667
  run 1478/1500     0.514 s
POINT 1478 0.513560 1693.638
  run 1479/1500     0.514 s
POINT 1479 0.513831 1694.609
  run 1480/1500     0.514 s
POINT 1480 0.513642 1695.581
  run 1481/1500     0.514 s
POINT 1481 0.513710 1696.552
  run 1482/1500     0.514 s
POINT 1482 0.513687 1697.523
  run 1483/1500     0.515 s
POINT 1483 0.514720 1698.495
  run 1484/1500     0.514 s
POINT 1484 0.513729 1699.466
  run 1485/1500     0.514 s
POINT 1485 0.513761 1700.437
  run 1486/1500     0.514 s
POINT 1486 0.514020 1701.408
  run 1487/1500     0.514 s
POINT 1487 0.513851 1702.380
  run 1488/1500     0.514 s
POINT 1488 0.513765 1703.351
  run 1489/1500     0.514 s
POINT 1489 0.513728 1704.322
  run 1490/1500     0.513 s
POINT 1490 0.513486 1705.293
  run 1491/1500     0.514 s
POINT 1491 0.513762 1706.264
  run 1492/1500     0.514 s
POINT 1492 0.513671 1707.235
  run 1493/1500     0.515 s
POINT 1493 0.514776 1708.207
  run 1494/1500     0.514 s
POINT 1494 0.513738 1709.178
  run 1495/1500     0.514 s
POINT 1495 0.513688 1710.149
  run 1496/1500     0.514 s
POINT 1496 0.514069 1711.120
  run 1497/1500     0.514 s
POINT 1497 0.513664 1712.092
  run 1498/1500     0.514 s
POINT 1498 0.513789 1713.063
  run 1499/1500     0.514 s
POINT 1499 0.513613 1714.034
  run 1500/1500     0.515 s
POINT 1500 0.514686 1715.006
RESULT mean 0.445 s   sd 0.458 s   (103.09%)
DIGEST b1b51e524df78620caf52dd3832fedd2e74c43a1c598a876dbaf30eb92633d4f
GATE FAIL: variance > 2% -- too noisy to validate a later regression
