===== 08:42:57 attempt 1 =====
mux_client_request_session: read from master failed: Broken pipe
kex_exchange_identification: Connection closed by remote host
Connection closed by UNKNOWN port 65535
rc=255
===== 08:46:04 attempt 2 =====
kex_exchange_identification: Connection closed by remote host
Connection closed by UNKNOWN port 65535
rc=255
===== 08:48:04 attempt 3 =====
kex_exchange_identification: Connection closed by remote host
Connection closed by UNKNOWN port 65535
rc=255
===== 08:50:05 attempt 4 =====
kex_exchange_identification: Connection closed by remote host
Connection closed by UNKNOWN port 65535
rc=255
===== 08:52:06 attempt 5 =====
kex_exchange_identification: Connection closed by remote host
Connection closed by UNKNOWN port 65535
rc=255
===== 08:54:06 attempt 6 =====
kex_exchange_identification: Connection closed by remote host
Connection closed by UNKNOWN port 65535
rc=255
===== 08:56:07 attempt 7 =====
kex_exchange_identification: Connection closed by remote host
Connection closed by UNKNOWN port 65535
rc=255
===== 08:58:08 attempt 8 =====
kex_exchange_identification: Connection closed by remote host
Connection closed by UNKNOWN port 65535
rc=255
===== 09:00:08 attempt 9 =====
kex_exchange_identification: Connection closed by remote host
Connection closed by UNKNOWN port 65535
rc=255
===== 09:02:08 attempt 10 =====
kex_exchange_identification: Connection closed by remote host
Connection closed by UNKNOWN port 65535
rc=255
===== 09:04:09 attempt 11 =====
kex_exchange_identification: Connection closed by remote host
Connection closed by UNKNOWN port 65535
rc=255
===== 09:06:10 attempt 12 =====
kex_exchange_identification: Connection closed by remote host
Connection closed by UNKNOWN port 65535
rc=255
===== 09:08:10 attempt 13 =====
kex_exchange_identification: Connection closed by remote host
Connection closed by UNKNOWN port 65535
rc=255
===== 09:10:11 attempt 14 =====
kex_exchange_identification: Connection closed by remote host
Connection closed by UNKNOWN port 65535
rc=255
===== 09:12:12 attempt 15 =====
kex_exchange_identification: Connection closed by remote host
Connection closed by UNKNOWN port 65535
rc=255
===== 09:14:12 attempt 16 =====
kex_exchange_identification: Connection closed by remote host
Connection closed by UNKNOWN port 65535
rc=255
===== 09:16:13 attempt 17 =====
kex_exchange_identification: Connection closed by remote host
Connection closed by UNKNOWN port 65535
rc=255
===== 09:18:13 attempt 18 =====
kex_exchange_identification: Connection closed by remote host
Connection closed by UNKNOWN port 65535
rc=255
===== 09:20:14 attempt 19 =====
kex_exchange_identification: Connection closed by remote host
Connection closed by UNKNOWN port 65535
rc=255
===== 09:22:14 attempt 20 =====
kex_exchange_identification: Connection closed by remote host
Connection closed by UNKNOWN port 65535
rc=255
===== 09:24:15 attempt 21 =====
kex_exchange_identification: Connection closed by remote host
Connection closed by UNKNOWN port 65535
rc=255
===== 09:26:16 attempt 22 =====
kex_exchange_identification: Connection closed by remote host
Connection closed by UNKNOWN port 65535
rc=255
===== 09:28:16 attempt 23 =====
kex_exchange_identification: Connection closed by remote host
Connection closed by UNKNOWN port 65535
rc=255
===== 09:30:17 attempt 24 =====
kex_exchange_identification: Connection closed by remote host
Connection closed by UNKNOWN port 65535
rc=255
===== 09:32:17 attempt 25 =====
kex_exchange_identification: Connection closed by remote host
Connection closed by UNKNOWN port 65535
rc=255
===== 09:34:18 attempt 26 =====
kex_exchange_identification: Connection closed by remote host
Connection closed by UNKNOWN port 65535
rc=255
===== 09:36:19 attempt 27 =====
kex_exchange_identification: Connection closed by remote host
Connection closed by UNKNOWN port 65535
rc=255
===== 09:38:20 attempt 28 =====
kex_exchange_identification: Connection closed by remote host
Connection closed by UNKNOWN port 65535
rc=255
===== 09:40:20 attempt 29 =====
kex_exchange_identification: Connection closed by remote host
Connection closed by UNKNOWN port 65535
rc=255
===== 09:42:21 attempt 30 =====
kex_exchange_identification: Connection closed by remote host
Connection closed by UNKNOWN port 65535
rc=255
===== 09:44:21 attempt 31 =====
kex_exchange_identification: Connection closed by remote host
Connection closed by UNKNOWN port 65535
rc=255
===== 09:46:22 attempt 32 =====
kex_exchange_identification: Connection closed by remote host
Connection closed by UNKNOWN port 65535
rc=255
===== 09:48:22 attempt 33 =====
kex_exchange_identification: Connection closed by remote host
Connection closed by UNKNOWN port 65535
rc=255
===== 09:50:23 attempt 34 =====
kex_exchange_identification: Connection closed by remote host
Connection closed by UNKNOWN port 65535
rc=255
===== 09:52:23 attempt 35 =====
kex_exchange_identification: Connection closed by remote host
Connection closed by UNKNOWN port 65535
rc=255
===== 09:54:24 attempt 36 =====
kex_exchange_identification: Connection closed by remote host
Connection closed by UNKNOWN port 65535
rc=255
===== 09:56:24 attempt 37 =====
kex_exchange_identification: Connection closed by remote host
Connection closed by UNKNOWN port 65535
rc=255
===== 09:58:25 attempt 38 =====
kex_exchange_identification: Connection closed by remote host
Connection closed by UNKNOWN port 65535
rc=255
===== 10:00:25 attempt 39 =====
kex_exchange_identification: Connection closed by remote host
Connection closed by UNKNOWN port 65535
rc=255
===== 10:02:26 attempt 40 =====
kex_exchange_identification: Connection closed by remote host
Connection closed by UNKNOWN port 65535
rc=255
===== 10:04:26 attempt 41 =====
kex_exchange_identification: Connection closed by remote host
Connection closed by UNKNOWN port 65535
rc=255
===== 10:06:28 attempt 42 =====
kex_exchange_identification: Connection closed by remote host
Connection closed by UNKNOWN port 65535
rc=255
===== 10:08:29 attempt 43 =====
kex_exchange_identification: Connection closed by remote host
Connection closed by UNKNOWN port 65535
rc=255
===== 10:10:30 attempt 44 =====
kex_exchange_identification: Connection closed by remote host
Connection closed by UNKNOWN port 65535
rc=255
===== 10:12:31 attempt 45 =====
kex_exchange_identification: Connection closed by remote host
Connection closed by UNKNOWN port 65535
rc=255
===== 10:14:32 attempt 46 =====
kex_exchange_identification: Connection closed by remote host
Connection closed by UNKNOWN port 65535
rc=255
===== 10:16:33 attempt 47 =====
kex_exchange_identification: Connection closed by remote host
Connection closed by UNKNOWN port 65535
rc=255
===== 10:18:34 attempt 48 =====
kex_exchange_identification: Connection closed by remote host
Connection closed by UNKNOWN port 65535
rc=255
===== 10:20:34 attempt 49 =====
kex_exchange_identification: Connection closed by remote host
Connection closed by UNKNOWN port 65535
rc=255
===== 10:22:35 attempt 50 =====
kex_exchange_identification: Connection closed by remote host
Connection closed by UNKNOWN port 65535
rc=255
===== 10:24:36 attempt 51 =====
kex_exchange_identification: Connection closed by remote host
Connection closed by UNKNOWN port 65535
rc=255
===== 10:26:37 attempt 52 =====
kex_exchange_identification: Connection closed by remote host
Connection closed by UNKNOWN port 65535
rc=255
===== 10:28:37 attempt 53 =====
kex_exchange_identification: Connection closed by remote host
Connection closed by UNKNOWN port 65535
rc=255
===== 10:30:38 attempt 54 =====
kex_exchange_identification: Connection closed by remote host
Connection closed by UNKNOWN port 65535
rc=255
===== 10:32:39 attempt 55 =====
kex_exchange_identification: Connection closed by remote host
Connection closed by UNKNOWN port 65535
rc=255
===== 10:34:39 attempt 56 =====
kex_exchange_identification: Connection closed by remote host
Connection closed by UNKNOWN port 65535
rc=255
===== 10:36:40 attempt 57 =====
kex_exchange_identification: Connection closed by remote host
Connection closed by UNKNOWN port 65535
rc=255
===== 10:38:41 attempt 58 =====
kex_exchange_identification: Connection closed by remote host
Connection closed by UNKNOWN port 65535
rc=255
===== 10:40:42 attempt 59 =====
kex_exchange_identification: Connection closed by remote host
Connection closed by UNKNOWN port 65535
rc=255
===== 10:42:43 attempt 60 =====
kex_exchange_identification: Connection closed by remote host
Connection closed by UNKNOWN port 65535
rc=255
===== 10:44:43 attempt 61 =====
kex_exchange_identification: Connection closed by remote host
Connection closed by UNKNOWN port 65535
rc=255
===== 10:46:44 attempt 62 =====
kex_exchange_identification: Connection closed by remote host
Connection closed by UNKNOWN port 65535
rc=255
===== 10:48:45 attempt 63 =====
kex_exchange_identification: Connection closed by remote host
Connection closed by UNKNOWN port 65535
rc=255
===== 10:50:45 attempt 64 =====
kex_exchange_identification: Connection closed by remote host
Connection closed by UNKNOWN port 65535
rc=255
===== 10:52:46 attempt 65 =====
kex_exchange_identification: Connection closed by remote host
Connection closed by UNKNOWN port 65535
rc=255
===== 10:54:48 attempt 66 =====
kex_exchange_identification: Connection closed by remote host
Connection closed by UNKNOWN port 65535
rc=255
===== 10:56:48 attempt 67 =====
kex_exchange_identification: Connection closed by remote host
Connection closed by UNKNOWN port 65535
rc=255
===== 10:58:49 attempt 68 =====
kex_exchange_identification: Connection closed by remote host
Connection closed by UNKNOWN port 65535
rc=255
===== 11:00:50 attempt 69 =====
kex_exchange_identification: Connection closed by remote host
Connection closed by UNKNOWN port 65535
rc=255
===== 11:02:50 attempt 70 =====
kex_exchange_identification: Connection closed by remote host
Connection closed by UNKNOWN port 65535
rc=255
===== 11:04:51 attempt 71 =====
kex_exchange_identification: Connection closed by remote host
Connection closed by UNKNOWN port 65535
rc=255
===== 11:06:51 attempt 72 =====
kex_exchange_identification: Connection closed by remote host
Connection closed by UNKNOWN port 65535
rc=255
===== 11:08:52 attempt 73 =====
kex_exchange_identification: Connection closed by remote host
Connection closed by UNKNOWN port 65535
rc=255
===== 11:10:52 attempt 74 =====
kex_exchange_identification: Connection closed by remote host
Connection closed by UNKNOWN port 65535
rc=255
===== 11:12:53 attempt 75 =====
kex_exchange_identification: Connection closed by remote host
Connection closed by UNKNOWN port 65535
rc=255
===== 11:14:54 attempt 76 =====
kex_exchange_identification: Connection closed by remote host
Connection closed by UNKNOWN port 65535
rc=255
===== 11:16:54 attempt 77 =====
kex_exchange_identification: Connection closed by remote host
Connection closed by UNKNOWN port 65535
rc=255
===== 11:18:55 attempt 78 =====
kex_exchange_identification: Connection closed by remote host
Connection closed by UNKNOWN port 65535
rc=255
===== 11:20:55 attempt 79 =====
kex_exchange_identification: Connection closed by remote host
Connection closed by UNKNOWN port 65535
rc=255
===== 11:22:56 attempt 80 =====
kex_exchange_identification: Connection closed by remote host
Connection closed by UNKNOWN port 65535
rc=255
===== 11:24:57 attempt 81 =====
kex_exchange_identification: Connection closed by remote host
Connection closed by UNKNOWN port 65535
rc=255
===== 11:26:58 attempt 82 =====
kex_exchange_identification: Connection closed by remote host
Connection closed by UNKNOWN port 65535
rc=255
===== 11:28:59 attempt 83 =====
kex_exchange_identification: Connection closed by remote host
Connection closed by UNKNOWN port 65535
rc=255
===== 11:30:59 attempt 84 =====
kex_exchange_identification: Connection closed by remote host
Connection closed by UNKNOWN port 65535
rc=255
===== 11:33:00 attempt 85 =====
kex_exchange_identification: Connection closed by remote host
Connection closed by UNKNOWN port 65535
rc=255
===== 11:35:00 attempt 86 =====
kex_exchange_identification: Connection closed by remote host
Connection closed by UNKNOWN port 65535
rc=255
===== 11:37:01 attempt 87 =====
kex_exchange_identification: Connection closed by remote host
Connection closed by UNKNOWN port 65535
rc=255
===== 11:39:02 attempt 88 =====
kex_exchange_identification: Connection closed by remote host
Connection closed by UNKNOWN port 65535
rc=255
===== 11:41:03 attempt 89 =====
kex_exchange_identification: Connection closed by remote host
Connection closed by UNKNOWN port 65535
rc=255
===== 11:43:04 attempt 90 =====
kex_exchange_identification: Connection closed by remote host
Connection closed by UNKNOWN port 65535
rc=255
===== 11:45:04 attempt 91 =====
kex_exchange_identification: Connection closed by remote host
Connection closed by UNKNOWN port 65535
rc=255
===== 11:47:05 attempt 92 =====
kex_exchange_identification: Connection closed by remote host
Connection closed by UNKNOWN port 65535
rc=255
===== 11:49:06 attempt 93 =====
kex_exchange_identification: Connection closed by remote host
Connection closed by UNKNOWN port 65535
rc=255
===== 11:51:07 attempt 94 =====
kex_exchange_identification: Connection closed by remote host
Connection closed by UNKNOWN port 65535
rc=255
===== 11:53:07 attempt 95 =====
kex_exchange_identification: Connection closed by remote host
Connection closed by UNKNOWN port 65535
rc=255
===== 11:55:08 attempt 96 =====
kex_exchange_identification: Connection closed by remote host
Connection closed by UNKNOWN port 65535
rc=255
===== 11:57:09 attempt 97 =====
kex_exchange_identification: Connection closed by remote host
Connection closed by UNKNOWN port 65535
rc=255
===== 11:59:10 attempt 98 =====
kex_exchange_identification: Connection closed by remote host
Connection closed by UNKNOWN port 65535
rc=255
===== 12:01:10 attempt 99 =====
kex_exchange_identification: Connection closed by remote host
Connection closed by UNKNOWN port 65535
rc=255
===== 12:03:11 attempt 100 =====
kex_exchange_identification: Connection closed by remote host
Connection closed by UNKNOWN port 65535
rc=255
===== 12:05:12 attempt 101 =====
kex_exchange_identification: Connection closed by remote host
Connection closed by UNKNOWN port 65535
rc=255
===== 12:07:13 attempt 102 =====
kex_exchange_identification: Connection closed by remote host
Connection closed by UNKNOWN port 65535
rc=255
===== 12:09:13 attempt 103 =====
kex_exchange_identification: Connection closed by remote host
Connection closed by UNKNOWN port 65535
rc=255
===== 12:11:14 attempt 104 =====
kex_exchange_identification: Connection closed by remote host
Connection closed by UNKNOWN port 65535
rc=255
===== 12:13:15 attempt 105 =====
kex_exchange_identification: Connection closed by remote host
Connection closed by UNKNOWN port 65535
rc=255
===== 12:15:15 attempt 106 =====
kex_exchange_identification: Connection closed by remote host
Connection closed by UNKNOWN port 65535
rc=255
===== 12:17:16 attempt 107 =====
kex_exchange_identification: Connection closed by remote host
Connection closed by UNKNOWN port 65535
rc=255
===== 12:19:17 attempt 108 =====
kex_exchange_identification: Connection closed by remote host
Connection closed by UNKNOWN port 65535
rc=255
===== 12:21:17 attempt 109 =====
kex_exchange_identification: Connection closed by remote host
Connection closed by UNKNOWN port 65535
rc=255
===== 12:23:18 attempt 110 =====
kex_exchange_identification: Connection closed by remote host
Connection closed by UNKNOWN port 65535
rc=255
===== 12:25:19 attempt 111 =====
kex_exchange_identification: Connection closed by remote host
Connection closed by UNKNOWN port 65535
rc=255
===== 12:27:19 attempt 112 =====
kex_exchange_identification: Connection closed by remote host
Connection closed by UNKNOWN port 65535
rc=255
===== 12:29:20 attempt 113 =====
kex_exchange_identification: Connection closed by remote host
Connection closed by UNKNOWN port 65535
rc=255
===== 12:31:21 attempt 114 =====
kex_exchange_identification: Connection closed by remote host
Connection closed by UNKNOWN port 65535
rc=255
===== 12:33:21 attempt 115 =====
kex_exchange_identification: Connection closed by remote host
Connection closed by UNKNOWN port 65535
rc=255
===== 12:35:22 attempt 116 =====
kex_exchange_identification: Connection closed by remote host
Connection closed by UNKNOWN port 65535
rc=255
===== 12:37:23 attempt 117 =====
kex_exchange_identification: Connection closed by remote host
Connection closed by UNKNOWN port 65535
rc=255
===== 12:39:23 attempt 118 =====
kex_exchange_identification: Connection closed by remote host
Connection closed by UNKNOWN port 65535
rc=255
===== 12:41:24 attempt 119 =====
kex_exchange_identification: Connection closed by remote host
Connection closed by UNKNOWN port 65535
rc=255
===== 12:43:24 attempt 120 =====
kex_exchange_identification: Connection closed by remote host
Connection closed by UNKNOWN port 65535
rc=255
===== 12:45:25 attempt 121 =====
kex_exchange_identification: Connection closed by remote host
Connection closed by UNKNOWN port 65535
rc=255
===== 12:47:26 attempt 122 =====
kex_exchange_identification: Connection closed by remote host
Connection closed by UNKNOWN port 65535
rc=255
===== 12:49:26 attempt 123 =====
kex_exchange_identification: Connection closed by remote host
Connection closed by UNKNOWN port 65535
rc=255
===== 12:51:27 attempt 124 =====
kex_exchange_identification: Connection closed by remote host
Connection closed by UNKNOWN port 65535
rc=255
===== 12:53:28 attempt 125 =====
kex_exchange_identification: Connection closed by remote host
Connection closed by UNKNOWN port 65535
rc=255
===== 12:55:28 attempt 126 =====
kex_exchange_identification: Connection closed by remote host
Connection closed by UNKNOWN port 65535
rc=255
===== 12:57:29 attempt 127 =====
kex_exchange_identification: Connection closed by remote host
Connection closed by UNKNOWN port 65535
rc=255
===== 12:59:30 attempt 128 =====
kex_exchange_identification: Connection closed by remote host
Connection closed by UNKNOWN port 65535
rc=255
===== 13:01:31 attempt 129 =====
kex_exchange_identification: Connection closed by remote host
Connection closed by UNKNOWN port 65535
rc=255
===== 13:03:31 attempt 130 =====
kex_exchange_identification: Connection closed by remote host
Connection closed by UNKNOWN port 65535
rc=255
===== 13:05:32 attempt 131 =====
kex_exchange_identification: Connection closed by remote host
Connection closed by UNKNOWN port 65535
rc=255
===== 13:07:33 attempt 132 =====
kex_exchange_identification: Connection closed by remote host
Connection closed by UNKNOWN port 65535
rc=255
===== 13:09:33 attempt 133 =====
kex_exchange_identification: Connection closed by remote host
Connection closed by UNKNOWN port 65535
rc=255
===== 13:11:34 attempt 134 =====
kex_exchange_identification: Connection closed by remote host
Connection closed by UNKNOWN port 65535
rc=255
===== 13:13:35 attempt 135 =====
kex_exchange_identification: Connection closed by remote host
Connection closed by UNKNOWN port 65535
rc=255
===== 13:15:35 attempt 136 =====
kex_exchange_identification: Connection closed by remote host
Connection closed by UNKNOWN port 65535
rc=255
===== 13:17:36 attempt 137 =====
kex_exchange_identification: Connection closed by remote host
Connection closed by UNKNOWN port 65535
rc=255
===== 13:19:37 attempt 138 =====
kex_exchange_identification: Connection closed by remote host
Connection closed by UNKNOWN port 65535
rc=255
===== 13:21:37 attempt 139 =====
kex_exchange_identification: Connection closed by remote host
Connection closed by UNKNOWN port 65535
rc=255
===== 13:23:38 attempt 140 =====
kex_exchange_identification: Connection closed by remote host
Connection closed by UNKNOWN port 65535
rc=255
===== 13:25:39 attempt 141 =====
kex_exchange_identification: Connection closed by remote host
Connection closed by UNKNOWN port 65535
rc=255
===== 13:27:40 attempt 142 =====
kex_exchange_identification: Connection closed by remote host
Connection closed by UNKNOWN port 65535
rc=255
===== 13:29:40 attempt 143 =====
kex_exchange_identification: Connection closed by remote host
Connection closed by UNKNOWN port 65535
rc=255
===== 13:31:41 attempt 144 =====
kex_exchange_identification: Connection closed by remote host
Connection closed by UNKNOWN port 65535
rc=255
===== 13:33:42 attempt 145 =====
kex_exchange_identification: Connection closed by remote host
Connection closed by UNKNOWN port 65535
rc=255
===== 13:35:42 attempt 146 =====
kex_exchange_identification: Connection closed by remote host
Connection closed by UNKNOWN port 65535
rc=255
===== 13:37:43 attempt 147 =====
kex_exchange_identification: Connection closed by remote host
Connection closed by UNKNOWN port 65535
rc=255
===== 13:39:43 attempt 148 =====
kex_exchange_identification: Connection closed by remote host
Connection closed by UNKNOWN port 65535
rc=255
===== 13:41:44 attempt 149 =====
kex_exchange_identification: Connection closed by remote host
Connection closed by UNKNOWN port 65535
rc=255
===== 13:43:45 attempt 150 =====
kex_exchange_identification: Connection closed by remote host
Connection closed by UNKNOWN port 65535
rc=255
===== 13:45:45 attempt 151 =====
kex_exchange_identification: Connection closed by remote host
Connection closed by UNKNOWN port 65535
rc=255
===== 13:47:46 attempt 152 =====
kex_exchange_identification: Connection closed by remote host
Connection closed by UNKNOWN port 65535
rc=255
===== 13:49:46 attempt 153 =====
kex_exchange_identification: Connection closed by remote host
Connection closed by UNKNOWN port 65535
rc=255
===== 13:51:47 attempt 154 =====
kex_exchange_identification: Connection closed by remote host
Connection closed by UNKNOWN port 65535
rc=255
===== 13:53:47 attempt 155 =====
kex_exchange_identification: Connection closed by remote host
Connection closed by UNKNOWN port 65535
rc=255
===== 13:55:48 attempt 156 =====
kex_exchange_identification: Connection closed by remote host
Connection closed by UNKNOWN port 65535
rc=255
===== 13:57:49 attempt 157 =====
kex_exchange_identification: Connection closed by remote host
Connection closed by UNKNOWN port 65535
rc=255
===== 13:59:49 attempt 158 =====
kex_exchange_identification: Connection closed by remote host
Connection closed by UNKNOWN port 65535
rc=255
===== 14:01:50 attempt 159 =====
kex_exchange_identification: Connection closed by remote host
Connection closed by UNKNOWN port 65535
rc=255
===== 14:03:51 attempt 160 =====
kex_exchange_identification: Connection closed by remote host
Connection closed by UNKNOWN port 65535
rc=255
===== 14:05:51 attempt 161 =====
kex_exchange_identification: Connection closed by remote host
Connection closed by UNKNOWN port 65535
rc=255
===== 14:07:52 attempt 162 =====
kex_exchange_identification: Connection closed by remote host
Connection closed by UNKNOWN port 65535
rc=255
===== 14:09:53 attempt 163 =====
kex_exchange_identification: Connection closed by remote host
Connection closed by UNKNOWN port 65535
rc=255
===== 14:11:53 attempt 164 =====
kex_exchange_identification: Connection closed by remote host
Connection closed by UNKNOWN port 65535
rc=255
===== 14:13:54 attempt 165 =====
kex_exchange_identification: Connection closed by remote host
Connection closed by UNKNOWN port 65535
rc=255
===== 14:15:55 attempt 166 =====
kex_exchange_identification: Connection closed by remote host
Connection closed by UNKNOWN port 65535
rc=255
===== 14:17:55 attempt 167 =====
kex_exchange_identification: Connection closed by remote host
Connection closed by UNKNOWN port 65535
rc=255
===== 14:19:57 attempt 168 =====
kex_exchange_identification: Connection closed by remote host
Connection closed by UNKNOWN port 65535
rc=255
===== 14:21:58 attempt 169 =====
kex_exchange_identification: Connection closed by remote host
Connection closed by UNKNOWN port 65535
rc=255
===== 14:23:59 attempt 170 =====
kex_exchange_identification: Connection closed by remote host
Connection closed by UNKNOWN port 65535
rc=255
===== 14:26:00 attempt 171 =====
kex_exchange_identification: Connection closed by remote host
Connection closed by UNKNOWN port 65535
rc=255
===== 14:28:00 attempt 172 =====
kex_exchange_identification: Connection closed by remote host
Connection closed by UNKNOWN port 65535
rc=255
===== 14:30:01 attempt 173 =====
kex_exchange_identification: Connection closed by remote host
Connection closed by UNKNOWN port 65535
rc=255
===== 14:32:02 attempt 174 =====
kex_exchange_identification: Connection closed by remote host
Connection closed by UNKNOWN port 65535
rc=255
===== 14:34:02 attempt 175 =====
kex_exchange_identification: Connection closed by remote host
Connection closed by UNKNOWN port 65535
rc=255
===== 14:36:03 attempt 176 =====
kex_exchange_identification: Connection closed by remote host
Connection closed by UNKNOWN port 65535
rc=255
===== 14:38:04 attempt 177 =====
kex_exchange_identification: Connection closed by remote host
Connection closed by UNKNOWN port 65535
rc=255
===== 14:40:05 attempt 178 =====
kex_exchange_identification: Connection closed by remote host
Connection closed by UNKNOWN port 65535
rc=255
===== 14:42:05 attempt 179 =====
kex_exchange_identification: Connection closed by remote host
Connection closed by UNKNOWN port 65535
rc=255
===== 14:44:06 attempt 180 =====
kex_exchange_identification: Connection closed by remote host
Connection closed by UNKNOWN port 65535
rc=255
===== 14:46:07 attempt 181 =====
kex_exchange_identification: Connection closed by remote host
Connection closed by UNKNOWN port 65535
rc=255
===== 14:48:07 attempt 182 =====
kex_exchange_identification: Connection closed by remote host
Connection closed by UNKNOWN port 65535
rc=255
===== 14:50:08 attempt 183 =====
kex_exchange_identification: Connection closed by remote host
Connection closed by UNKNOWN port 65535
rc=255
===== 14:52:08 attempt 184 =====
kex_exchange_identification: Connection closed by remote host
Connection closed by UNKNOWN port 65535
rc=255
===== 14:54:09 attempt 185 =====
kex_exchange_identification: Connection closed by remote host
Connection closed by UNKNOWN port 65535
rc=255
===== 14:56:10 attempt 186 =====
kex_exchange_identification: Connection closed by remote host
Connection closed by UNKNOWN port 65535
rc=255
===== 14:58:10 attempt 187 =====
kex_exchange_identification: Connection closed by remote host
Connection closed by UNKNOWN port 65535
rc=255
===== 15:00:11 attempt 188 =====
kex_exchange_identification: Connection closed by remote host
Connection closed by UNKNOWN port 65535
rc=255
===== 15:02:11 attempt 189 =====
kex_exchange_identification: Connection closed by remote host
Connection closed by UNKNOWN port 65535
rc=255
===== 15:04:12 attempt 190 =====
kex_exchange_identification: Connection closed by remote host
Connection closed by UNKNOWN port 65535
rc=255
===== 15:06:13 attempt 191 =====
kex_exchange_identification: Connection closed by remote host
Connection closed by UNKNOWN port 65535
rc=255
===== 15:08:13 attempt 192 =====
kex_exchange_identification: Connection closed by remote host
Connection closed by UNKNOWN port 65535
rc=255
===== 15:10:13 attempt 193 =====
kex_exchange_identification: Connection closed by remote host
Connection closed by UNKNOWN port 65535
rc=255
===== 15:12:14 attempt 194 =====
kex_exchange_identification: Connection closed by remote host
Connection closed by UNKNOWN port 65535
rc=255
===== 15:14:15 attempt 195 =====
kex_exchange_identification: Connection closed by remote host
Connection closed by UNKNOWN port 65535
rc=255
===== 15:16:15 attempt 196 =====
kex_exchange_identification: Connection closed by remote host
Connection closed by UNKNOWN port 65535
rc=255
===== 15:18:16 attempt 197 =====
kex_exchange_identification: Connection closed by remote host
Connection closed by UNKNOWN port 65535
rc=255
===== 15:20:17 attempt 198 =====
kex_exchange_identification: Connection closed by remote host
Connection closed by UNKNOWN port 65535
rc=255
===== 15:22:17 attempt 199 =====
kex_exchange_identification: Connection closed by remote host
Connection closed by UNKNOWN port 65535
rc=255
===== 15:24:18 attempt 200 =====
kex_exchange_identification: Connection closed by remote host
Connection closed by UNKNOWN port 65535
rc=255
===== 15:26:19 attempt 201 =====
kex_exchange_identification: Connection closed by remote host
Connection closed by UNKNOWN port 65535
rc=255
===== 15:28:19 attempt 202 =====
kex_exchange_identification: Connection closed by remote host
Connection closed by UNKNOWN port 65535
rc=255
===== 15:30:20 attempt 203 =====
kex_exchange_identification: Connection closed by remote host
Connection closed by UNKNOWN port 65535
rc=255
===== 15:32:20 attempt 204 =====
kex_exchange_identification: Connection closed by remote host
Connection closed by UNKNOWN port 65535
rc=255
===== 15:34:21 attempt 205 =====
kex_exchange_identification: Connection closed by remote host
Connection closed by UNKNOWN port 65535
rc=255
===== 15:36:22 attempt 206 =====
kex_exchange_identification: Connection closed by remote host
Connection closed by UNKNOWN port 65535
rc=255
===== 15:38:22 attempt 207 =====
kex_exchange_identification: Connection closed by remote host
Connection closed by UNKNOWN port 65535
rc=255
===== 15:40:23 attempt 208 =====
kex_exchange_identification: Connection closed by remote host
Connection closed by UNKNOWN port 65535
rc=255
===== 15:42:23 attempt 209 =====
kex_exchange_identification: Connection closed by remote host
Connection closed by UNKNOWN port 65535
rc=255
===== 15:44:24 attempt 210 =====
kex_exchange_identification: Connection closed by remote host
Connection closed by UNKNOWN port 65535
rc=255
===== 15:46:24 attempt 211 =====
kex_exchange_identification: Connection closed by remote host
Connection closed by UNKNOWN port 65535
rc=255
===== 15:48:25 attempt 212 =====
kex_exchange_identification: Connection closed by remote host
Connection closed by UNKNOWN port 65535
rc=255
===== 15:50:25 attempt 213 =====
kex_exchange_identification: Connection closed by remote host
Connection closed by UNKNOWN port 65535
rc=255
===== 15:52:26 attempt 214 =====
kex_exchange_identification: Connection closed by remote host
Connection closed by UNKNOWN port 65535
rc=255
===== 15:54:27 attempt 215 =====
kex_exchange_identification: Connection closed by remote host
Connection closed by UNKNOWN port 65535
rc=255
===== 15:56:27 attempt 216 =====
kex_exchange_identification: Connection closed by remote host
Connection closed by UNKNOWN port 65535
rc=255
===== 15:58:27 attempt 217 =====
kex_exchange_identification: Connection closed by remote host
Connection closed by UNKNOWN port 65535
rc=255
===== 16:00:28 attempt 218 =====
kex_exchange_identification: Connection closed by remote host
Connection closed by UNKNOWN port 65535
rc=255
===== 16:02:29 attempt 219 =====
kex_exchange_identification: Connection closed by remote host
Connection closed by UNKNOWN port 65535
rc=255
===== 16:04:29 attempt 220 =====
kex_exchange_identification: Connection closed by remote host
Connection closed by UNKNOWN port 65535
rc=255
===== 16:06:30 attempt 221 =====
kex_exchange_identification: Connection closed by remote host
Connection closed by UNKNOWN port 65535
rc=255
===== 16:08:31 attempt 222 =====
kex_exchange_identification: Connection closed by remote host
Connection closed by UNKNOWN port 65535
rc=255
===== 16:10:31 attempt 223 =====
kex_exchange_identification: Connection closed by remote host
Connection closed by UNKNOWN port 65535
rc=255
===== 16:12:32 attempt 224 =====
kex_exchange_identification: Connection closed by remote host
Connection closed by UNKNOWN port 65535
rc=255
===== 16:14:32 attempt 225 =====
kex_exchange_identification: Connection closed by remote host
Connection closed by UNKNOWN port 65535
rc=255
===== 16:16:33 attempt 226 =====
kex_exchange_identification: Connection closed by remote host
Connection closed by UNKNOWN port 65535
rc=255
===== 16:18:33 attempt 227 =====
kex_exchange_identification: Connection closed by remote host
Connection closed by UNKNOWN port 65535
rc=255
===== 16:20:34 attempt 228 =====
kex_exchange_identification: Connection closed by remote host
Connection closed by UNKNOWN port 65535
rc=255
===== 16:22:34 attempt 229 =====
kex_exchange_identification: Connection closed by remote host
Connection closed by UNKNOWN port 65535
rc=255
===== 16:24:35 attempt 230 =====
kex_exchange_identification: Connection closed by remote host
Connection closed by UNKNOWN port 65535
rc=255
===== 16:26:38 attempt 231 =====
kex_exchange_identification: Connection closed by remote host
Connection closed by UNKNOWN port 65535
rc=255
===== 16:28:41 attempt 232 =====
kex_exchange_identification: Connection closed by remote host
Connection closed by UNKNOWN port 65535
rc=255
===== 16:30:45 attempt 233 =====
kex_exchange_identification: Connection closed by remote host
Connection closed by UNKNOWN port 65535
rc=255
===== 16:32:48 attempt 234 =====
Connection timed out during banner exchange
Connection to UNKNOWN port 65535 timed out
rc=255
===== 16:35:18 attempt 235 =====
kex_exchange_identification: Connection closed by remote host
Connection closed by UNKNOWN port 65535
rc=255
===== 16:37:21 attempt 236 =====
kex_exchange_identification: Connection closed by remote host
Connection closed by UNKNOWN port 65535
rc=255
===== 16:39:24 attempt 237 =====
kex_exchange_identification: Connection closed by remote host
Connection closed by UNKNOWN port 65535
rc=255
===== 16:41:28 attempt 238 =====
kex_exchange_identification: Connection closed by remote host
Connection closed by UNKNOWN port 65535
rc=255
===== 16:43:31 attempt 239 =====
kex_exchange_identification: Connection closed by remote host
Connection closed by UNKNOWN port 65535
rc=255
===== 16:45:34 attempt 240 =====
kex_exchange_identification: Connection closed by remote host
Connection closed by UNKNOWN port 65535
rc=255
===== 16:47:37 attempt 241 =====
kex_exchange_identification: Connection closed by remote host
Connection closed by UNKNOWN port 65535
rc=255
===== 16:49:41 attempt 242 =====
kex_exchange_identification: Connection closed by remote host
Connection closed by UNKNOWN port 65535
rc=255
===== 16:51:44 attempt 243 =====
kex_exchange_identification: Connection closed by remote host
Connection closed by UNKNOWN port 65535
rc=255
