matmul  N=4096  iters=60  runs=3  seed=20260818
  weights      64.0 MiB  mprotect PROT_READ ok
  result       16.0 KiB
RANGES pid=1779
RANGE weights 0xedca37200000 0xedca3b200000 67108864
RANGE result  0xedca3b62f000 0xedca3b633000 16384
PHYS window  ltram pfn 0x14000000 .. 0x14010000  (65536 pages, 256 MiB)
PHYS start  weights  pages    16384  present    16384  first pfn 0x0007fe2f5  phys 0x0007fe2f5000  LtRAM 0 (0.0%)  huge 0/32  pfnsum 0xe24e2385a028740f  [base]
PHYS start  input    pages        4  present        4  first pfn 0x0001344db  phys 0x0001344db000  LtRAM 0 (0.0%)  pfnsum 0x1df11cc17c7babea  [base]
PHYS start  result   pages        4  present        4  first pfn 0x0001344df  phys 0x0001344df000  LtRAM 0 (0.0%)  pfnsum 0x40a4a4c190273a0a  [base]
  run  1/3     6.445 s
PHYS run1   weights  pages    16384  present    16384  first pfn 0x0007fe2f5  phys 0x0007fe2f5000  LtRAM 0 (0.0%)  huge 0/32  pfnsum 0xe24e2385a028740f  [same]
PHYS run1   input    pages        4  present        4  first pfn 0x0001344db  phys 0x0001344db000  LtRAM 0 (0.0%)  pfnsum 0x1df11cc17c7babea  [same]
PHYS run1   result   pages        4  present        4  first pfn 0x0001344df  phys 0x0001344df000  LtRAM 0 (0.0%)  pfnsum 0x40a4a4c190273a0a  [same]
  run  2/3     6.445 s
PHYS run2   weights  pages    16384  present    16384  first pfn 0x0007fe2f5  phys 0x0007fe2f5000  LtRAM 0 (0.0%)  huge 0/32  pfnsum 0xe24e2385a028740f  [same]
PHYS run2   input    pages        4  present        4  first pfn 0x0001344db  phys 0x0001344db000  LtRAM 0 (0.0%)  pfnsum 0x1df11cc17c7babea  [same]
PHYS run2   result   pages        4  present        4  first pfn 0x0001344df  phys 0x0001344df000  LtRAM 0 (0.0%)  pfnsum 0x40a4a4c190273a0a  [same]
  run  3/3     6.445 s
PHYS run3   weights  pages    16384  present    16384  first pfn 0x0007fe2f5  phys 0x0007fe2f5000  LtRAM 0 (0.0%)  huge 0/32  pfnsum 0xe24e2385a028740f  [same]
PHYS run3   input    pages        4  present        4  first pfn 0x0001344db  phys 0x0001344db000  LtRAM 0 (0.0%)  pfnsum 0x1df11cc17c7babea  [same]
PHYS run3   result   pages        4  present        4  first pfn 0x0001344df  phys 0x0001344df000  LtRAM 0 (0.0%)  pfnsum 0x40a4a4c190273a0a  [same]
RESULT mean 6.445 s   sd 0.000 s   (0.01%)
DIGEST 8873ba56c40ff27a3bc077dd36c2fce7aedb72c7c06a30ec15cd22488dc23302
PHYS end    weights  pages    16384  present    16384  first pfn 0x0007fe2f5  phys 0x0007fe2f5000  LtRAM 0 (0.0%)  huge 0/32  pfnsum 0xe24e2385a028740f  [same]
PHYS end    input    pages        4  present        4  first pfn 0x0001344db  phys 0x0001344db000  LtRAM 0 (0.0%)  pfnsum 0x1df11cc17c7babea  [same]
PHYS end    result   pages        4  present        4  first pfn 0x0001344df  phys 0x0001344df000  LtRAM 0 (0.0%)  pfnsum 0x40a4a4c190273a0a  [same]
PHYS verdict weights  pfnsum constant across 5 reports -- no page of this region moved
PHYS verdict input    pfnsum constant across 5 reports -- no page of this region moved
PHYS verdict result   pfnsum constant across 5 reports -- no page of this region moved
PHYS overhead 0.662 s over 5 reports -- EXCLUDED from every run time and from RESULT
GATE PASS: variance <= 2% -- usable as a control
