matmul  N=4096  iters=60  runs=15  seed=20260818
  weights      64.0 MiB  mprotect PROT_READ ok
  result       16.0 KiB
RANGES pid=1818
RANGE weights 0xe69c24200000 0xe69c28200000 67108864
RANGE result  0xe69c28618000 0xe69c2861c000 16384
PHYS window  ltram pfn 0x14000000 .. 0x14010000  (65536 pages, 256 MiB)
PHYS start  weights  pages    16384  present    16384  first pfn 0x0001344a5  phys 0x0001344a5000  LtRAM 0 (0.0%)  huge 0/32  pfnsum 0x92353f983a92a930  [base]
PHYS start  input    pages        4  present        4  first pfn 0x000131d7a  phys 0x000131d7a000  LtRAM 0 (0.0%)  pfnsum 0x7e0179ffd6d1bd62  [base]
PHYS start  result   pages        4  present        4  first pfn 0x000131d7e  phys 0x000131d7e000  LtRAM 0 (0.0%)  pfnsum 0xa0b501ffea7d4b82  [base]
  run  1/15     7.995 s
PHYS run1   weights  pages    16384  present    16384  first pfn 0x01400001e  phys 0x01400001e000  LtRAM 59 (0.4%)  huge 0/32  pfnsum 0x9b09ae6c45e87513  [MOVED was 0x92353f983a92a930]
PHYS  moved weights  59 of 16384 pages changed physical address
PHYS        weights  DRAM->LtRAM 59   LtRAM->DRAM 0   DRAM->DRAM 0   LtRAM->LtRAM 0   appeared 0   vanished 0
PHYS        weights  page        0  pfn 0x0001344a5 -> 0x01400001e   phys 0x0001344a5000 -> 0x01400001e000   DRAM -> LtRAM
PHYS        weights  page        1  pfn 0x0001344a4 -> 0x01400001d   phys 0x0001344a4000 -> 0x01400001d000   DRAM -> LtRAM
PHYS        weights  page        2  pfn 0x000800c66 -> 0x01400001c   phys 0x000800c66000 -> 0x01400001c000   DRAM -> LtRAM
PHYS        weights  page        3  pfn 0x000124023 -> 0x01400001b   phys 0x000124023000 -> 0x01400001b000   DRAM -> LtRAM
PHYS        weights  page        4  pfn 0x0001178f7 -> 0x01400001a   phys 0x0001178f7000 -> 0x01400001a000   DRAM -> LtRAM
PHYS        weights  page        5  pfn 0x0001229fb -> 0x014000019   phys 0x0001229fb000 -> 0x014000019000   DRAM -> LtRAM
PHYS        weights  page        6  pfn 0x0007fdcb6 -> 0x014000018   phys 0x0007fdcb6000 -> 0x014000018000   DRAM -> LtRAM
PHYS        weights  page        7  pfn 0x000117810 -> 0x014000017   phys 0x000117810000 -> 0x014000017000   DRAM -> LtRAM
PHYS        weights  ... 51 further move(s) not listed
PHYS run1   input    pages        4  present        4  first pfn 0x000131d7a  phys 0x000131d7a000  LtRAM 0 (0.0%)  pfnsum 0x7e0179ffd6d1bd62  [same]
PHYS run1   result   pages        4  present        4  first pfn 0x000131d7e  phys 0x000131d7e000  LtRAM 0 (0.0%)  pfnsum 0xa0b501ffea7d4b82  [same]
  run  2/15    11.336 s
PHYS run2   weights  pages    16384  present    16384  first pfn 0x01400001e  phys 0x01400001e000  LtRAM 251 (1.5%)  huge 0/32  pfnsum 0x2676142bb177f056  [MOVED was 0x9b09ae6c45e87513]
PHYS  moved weights  192 of 16384 pages changed physical address
PHYS        weights  DRAM->LtRAM 192   LtRAM->DRAM 0   DRAM->DRAM 0   LtRAM->LtRAM 0   appeared 0   vanished 0
PHYS        weights  page       59  pfn 0x000134508 -> 0x01400005f   phys 0x000134508000 -> 0x01400005f000   DRAM -> LtRAM
PHYS        weights  page       60  pfn 0x000134509 -> 0x01400005e   phys 0x000134509000 -> 0x01400005e000   DRAM -> LtRAM
PHYS        weights  page       61  pfn 0x00013450a -> 0x01400005d   phys 0x00013450a000 -> 0x01400005d000   DRAM -> LtRAM
PHYS        weights  page       62  pfn 0x00013450b -> 0x01400005c   phys 0x00013450b000 -> 0x01400005c000   DRAM -> LtRAM
PHYS        weights  page       63  pfn 0x00013450c -> 0x01400005b   phys 0x00013450c000 -> 0x01400005b000   DRAM -> LtRAM
PHYS        weights  page       64  pfn 0x00013450d -> 0x01400005a   phys 0x00013450d000 -> 0x01400005a000   DRAM -> LtRAM
PHYS        weights  page       65  pfn 0x00013450e -> 0x014000059   phys 0x00013450e000 -> 0x014000059000   DRAM -> LtRAM
PHYS        weights  page       66  pfn 0x00013450f -> 0x014000058   phys 0x00013450f000 -> 0x014000058000   DRAM -> LtRAM
PHYS        weights  ... 184 further move(s) not listed
PHYS run2   input    pages        4  present        4  first pfn 0x000131d7a  phys 0x000131d7a000  LtRAM 0 (0.0%)  pfnsum 0x7e0179ffd6d1bd62  [same]
PHYS run2   result   pages        4  present        4  first pfn 0x000131d7e  phys 0x000131d7e000  LtRAM 0 (0.0%)  pfnsum 0xa0b501ffea7d4b82  [same]
  run  3/15    11.977 s
PHYS run3   weights  pages    16384  present    16384  first pfn 0x01400001e  phys 0x01400001e000  LtRAM 475 (2.9%)  huge 0/32  pfnsum 0xbe9f5316069f22f6  [MOVED was 0x2676142bb177f056]
PHYS  moved weights  224 of 16384 pages changed physical address
PHYS        weights  DRAM->LtRAM 224   LtRAM->DRAM 0   DRAM->DRAM 0   LtRAM->LtRAM 0   appeared 0   vanished 0
PHYS        weights  page      251  pfn 0x000134317 -> 0x01400011c   phys 0x000134317000 -> 0x01400011c000   DRAM -> LtRAM
PHYS        weights  page      252  pfn 0x000134318 -> 0x01400011b   phys 0x000134318000 -> 0x01400011b000   DRAM -> LtRAM
PHYS        weights  page      253  pfn 0x000134319 -> 0x01400011a   phys 0x000134319000 -> 0x01400011a000   DRAM -> LtRAM
PHYS        weights  page      254  pfn 0x00013431a -> 0x014000119   phys 0x00013431a000 -> 0x014000119000   DRAM -> LtRAM
PHYS        weights  page      255  pfn 0x00013431b -> 0x014000118   phys 0x00013431b000 -> 0x014000118000   DRAM -> LtRAM
PHYS        weights  page      256  pfn 0x00013431c -> 0x014000117   phys 0x00013431c000 -> 0x014000117000   DRAM -> LtRAM
PHYS        weights  page      257  pfn 0x00013431d -> 0x014000116   phys 0x00013431d000 -> 0x014000116000   DRAM -> LtRAM
PHYS        weights  page      258  pfn 0x00013431e -> 0x014000115   phys 0x00013431e000 -> 0x014000115000   DRAM -> LtRAM
PHYS        weights  ... 216 further move(s) not listed
PHYS run3   input    pages        4  present        4  first pfn 0x000131d7a  phys 0x000131d7a000  LtRAM 0 (0.0%)  pfnsum 0x7e0179ffd6d1bd62  [same]
PHYS run3   result   pages        4  present        4  first pfn 0x000131d7e  phys 0x000131d7e000  LtRAM 0 (0.0%)  pfnsum 0xa0b501ffea7d4b82  [same]
  run  4/15    11.306 s
PHYS run4   weights  pages    16384  present    16384  first pfn 0x01400001e  phys 0x01400001e000  LtRAM 699 (4.3%)  huge 0/32  pfnsum 0xffe664214b5acd6a  [MOVED was 0xbe9f5316069f22f6]
PHYS  moved weights  224 of 16384 pages changed physical address
PHYS        weights  DRAM->LtRAM 224   LtRAM->DRAM 0   DRAM->DRAM 0   LtRAM->LtRAM 0   appeared 0   vanished 0
PHYS        weights  page      475  pfn 0x0001343f7 -> 0x0140001fc   phys 0x0001343f7000 -> 0x0140001fc000   DRAM -> LtRAM
PHYS        weights  page      476  pfn 0x0001343f8 -> 0x0140001fb   phys 0x0001343f8000 -> 0x0140001fb000   DRAM -> LtRAM
PHYS        weights  page      477  pfn 0x0001343f9 -> 0x0140001fa   phys 0x0001343f9000 -> 0x0140001fa000   DRAM -> LtRAM
PHYS        weights  page      478  pfn 0x0001343fa -> 0x0140001f9   phys 0x0001343fa000 -> 0x0140001f9000   DRAM -> LtRAM
PHYS        weights  page      479  pfn 0x0001343fb -> 0x0140001f8   phys 0x0001343fb000 -> 0x0140001f8000   DRAM -> LtRAM
PHYS        weights  page      480  pfn 0x0001343fc -> 0x0140001f7   phys 0x0001343fc000 -> 0x0140001f7000   DRAM -> LtRAM
PHYS        weights  page      481  pfn 0x0001343fd -> 0x0140001f6   phys 0x0001343fd000 -> 0x0140001f6000   DRAM -> LtRAM
PHYS        weights  page      482  pfn 0x0001343fe -> 0x0140001f5   phys 0x0001343fe000 -> 0x0140001f5000   DRAM -> LtRAM
PHYS        weights  ... 216 further move(s) not listed
PHYS run4   input    pages        4  present        4  first pfn 0x000131d7a  phys 0x000131d7a000  LtRAM 0 (0.0%)  pfnsum 0x7e0179ffd6d1bd62  [same]
PHYS run4   result   pages        4  present        4  first pfn 0x000131d7e  phys 0x000131d7e000  LtRAM 0 (0.0%)  pfnsum 0xa0b501ffea7d4b82  [same]
  run  5/15    10.735 s
PHYS run5   weights  pages    16384  present    16384  first pfn 0x01400001e  phys 0x01400001e000  LtRAM 891 (5.4%)  huge 0/32  pfnsum 0xeacb4e73c98c5daa  [MOVED was 0xffe664214b5acd6a]
PHYS  moved weights  192 of 16384 pages changed physical address
PHYS        weights  DRAM->LtRAM 192   LtRAM->DRAM 0   DRAM->DRAM 0   LtRAM->LtRAM 0   appeared 0   vanished 0
PHYS        weights  page      699  pfn 0x0001340db -> 0x0140002dc   phys 0x0001340db000 -> 0x0140002dc000   DRAM -> LtRAM
PHYS        weights  page      700  pfn 0x0001340dc -> 0x0140002db   phys 0x0001340dc000 -> 0x0140002db000   DRAM -> LtRAM
PHYS        weights  page      701  pfn 0x0001340dd -> 0x0140002da   phys 0x0001340dd000 -> 0x0140002da000   DRAM -> LtRAM
PHYS        weights  page      702  pfn 0x0001340de -> 0x0140002d9   phys 0x0001340de000 -> 0x0140002d9000   DRAM -> LtRAM
PHYS        weights  page      703  pfn 0x0001340df -> 0x0140002d8   phys 0x0001340df000 -> 0x0140002d8000   DRAM -> LtRAM
PHYS        weights  page      704  pfn 0x0001340e0 -> 0x0140002d7   phys 0x0001340e0000 -> 0x0140002d7000   DRAM -> LtRAM
PHYS        weights  page      705  pfn 0x0001340e1 -> 0x0140002d6   phys 0x0001340e1000 -> 0x0140002d6000   DRAM -> LtRAM
PHYS        weights  page      706  pfn 0x0001340e2 -> 0x0140002d5   phys 0x0001340e2000 -> 0x0140002d5000   DRAM -> LtRAM
PHYS        weights  ... 184 further move(s) not listed
PHYS run5   input    pages        4  present        4  first pfn 0x000131d7a  phys 0x000131d7a000  LtRAM 0 (0.0%)  pfnsum 0x7e0179ffd6d1bd62  [same]
PHYS run5   result   pages        4  present        4  first pfn 0x000131d7e  phys 0x000131d7e000  LtRAM 0 (0.0%)  pfnsum 0xa0b501ffea7d4b82  [same]
  run  6/15    12.753 s
PHYS run6   weights  pages    16384  present    16384  first pfn 0x01400001e  phys 0x01400001e000  LtRAM 1147 (7.0%)  huge 0/32  pfnsum 0xbfeb635a72cd48aa  [MOVED was 0xeacb4e73c98c5daa]
PHYS  moved weights  256 of 16384 pages changed physical address
PHYS        weights  DRAM->LtRAM 256   LtRAM->DRAM 0   DRAM->DRAM 0   LtRAM->LtRAM 0   appeared 0   vanished 0
PHYS        weights  page      891  pfn 0x00013419b -> 0x01400039c   phys 0x00013419b000 -> 0x01400039c000   DRAM -> LtRAM
PHYS        weights  page      892  pfn 0x00013419c -> 0x01400039b   phys 0x00013419c000 -> 0x01400039b000   DRAM -> LtRAM
PHYS        weights  page      893  pfn 0x00013419d -> 0x01400039a   phys 0x00013419d000 -> 0x01400039a000   DRAM -> LtRAM
PHYS        weights  page      894  pfn 0x00013419e -> 0x014000399   phys 0x00013419e000 -> 0x014000399000   DRAM -> LtRAM
PHYS        weights  page      895  pfn 0x00013419f -> 0x014000398   phys 0x00013419f000 -> 0x014000398000   DRAM -> LtRAM
PHYS        weights  page      896  pfn 0x0001341a0 -> 0x014000397   phys 0x0001341a0000 -> 0x014000397000   DRAM -> LtRAM
PHYS        weights  page      897  pfn 0x0001341a1 -> 0x014000396   phys 0x0001341a1000 -> 0x014000396000   DRAM -> LtRAM
PHYS        weights  page      898  pfn 0x0001341a2 -> 0x014000395   phys 0x0001341a2000 -> 0x014000395000   DRAM -> LtRAM
PHYS        weights  ... 248 further move(s) not listed
PHYS run6   input    pages        4  present        4  first pfn 0x000131d7a  phys 0x000131d7a000  LtRAM 0 (0.0%)  pfnsum 0x7e0179ffd6d1bd62  [same]
PHYS run6   result   pages        4  present        4  first pfn 0x000131d7e  phys 0x000131d7e000  LtRAM 0 (0.0%)  pfnsum 0xa0b501ffea7d4b82  [same]
  run  7/15    12.244 s
PHYS run7   weights  pages    16384  present    16356  first pfn 0x01400001e  phys 0x01400001e000  LtRAM 1375 (8.4%)  huge 0/32  pfnsum 0x673866bd968ea858  [MOVED was 0xbfeb635a72cd48aa]
PHYS  moved weights  256 of 16384 pages changed physical address
PHYS        weights  DRAM->LtRAM 228   LtRAM->DRAM 0   DRAM->DRAM 0   LtRAM->LtRAM 0   appeared 0   vanished 28
PHYS        weights  page     1147  pfn 0x00013429b -> 0x01400049c   phys 0x00013429b000 -> 0x01400049c000   DRAM -> LtRAM
PHYS        weights  page     1148  pfn 0x00013429c -> 0x01400049b   phys 0x00013429c000 -> 0x01400049b000   DRAM -> LtRAM
PHYS        weights  page     1149  pfn 0x00013429d -> 0x01400049a   phys 0x00013429d000 -> 0x01400049a000   DRAM -> LtRAM
PHYS        weights  page     1150  pfn 0x00013429e -> 0x014000499   phys 0x00013429e000 -> 0x014000499000   DRAM -> LtRAM
PHYS        weights  page     1151  pfn 0x00013429f -> 0x014000498   phys 0x00013429f000 -> 0x014000498000   DRAM -> LtRAM
PHYS        weights  page     1152  pfn 0x0001342a0 -> 0x014000497   phys 0x0001342a0000 -> 0x014000497000   DRAM -> LtRAM
PHYS        weights  page     1153  pfn 0x0001342a1 -> 0x014000496   phys 0x0001342a1000 -> 0x014000496000   DRAM -> LtRAM
PHYS        weights  page     1154  pfn 0x0001342a2 -> 0x014000495   phys 0x0001342a2000 -> 0x014000495000   DRAM -> LtRAM
PHYS        weights  ... 248 further move(s) not listed
PHYS run7   input    pages        4  present        4  first pfn 0x000131d7a  phys 0x000131d7a000  LtRAM 0 (0.0%)  pfnsum 0x7e0179ffd6d1bd62  [same]
PHYS run7   result   pages        4  present        4  first pfn 0x000131d7e  phys 0x000131d7e000  LtRAM 0 (0.0%)  pfnsum 0xa0b501ffea7d4b82  [same]
  run  8/15    12.865 s
PHYS run8   weights  pages    16384  present    16384  first pfn 0x01400001e  phys 0x01400001e000  LtRAM 1627 (9.9%)  huge 0/32  pfnsum 0xe80dbe71ead89056  [MOVED was 0x673866bd968ea858]
PHYS  moved weights  252 of 16384 pages changed physical address
PHYS        weights  DRAM->LtRAM 224   LtRAM->DRAM 0   DRAM->DRAM 0   LtRAM->LtRAM 0   appeared 28   vanished 0
PHYS        weights  page     1371  pfn 0x000000000 -> 0x01400057c   phys 0x000000000000 -> 0x01400057c000   absent -> LtRAM
PHYS        weights  page     1372  pfn 0x000000000 -> 0x01400057b   phys 0x000000000000 -> 0x01400057b000   absent -> LtRAM
PHYS        weights  page     1373  pfn 0x000000000 -> 0x01400057a   phys 0x000000000000 -> 0x01400057a000   absent -> LtRAM
PHYS        weights  page     1374  pfn 0x000000000 -> 0x014000579   phys 0x000000000000 -> 0x014000579000   absent -> LtRAM
PHYS        weights  page     1375  pfn 0x000000000 -> 0x014000578   phys 0x000000000000 -> 0x014000578000   absent -> LtRAM
PHYS        weights  page     1376  pfn 0x000000000 -> 0x014000577   phys 0x000000000000 -> 0x014000577000   absent -> LtRAM
PHYS        weights  page     1377  pfn 0x000000000 -> 0x014000576   phys 0x000000000000 -> 0x014000576000   absent -> LtRAM
PHYS        weights  page     1378  pfn 0x000000000 -> 0x014000575   phys 0x000000000000 -> 0x014000575000   absent -> LtRAM
PHYS        weights  ... 244 further move(s) not listed
PHYS run8   input    pages        4  present        4  first pfn 0x000131d7a  phys 0x000131d7a000  LtRAM 0 (0.0%)  pfnsum 0x7e0179ffd6d1bd62  [same]
PHYS run8   result   pages        4  present        4  first pfn 0x000131d7e  phys 0x000131d7e000  LtRAM 0 (0.0%)  pfnsum 0xa0b501ffea7d4b82  [same]
  run  9/15    14.269 s
PHYS run9   weights  pages    16384  present    16384  first pfn 0x01400001e  phys 0x01400001e000  LtRAM 1915 (11.7%)  huge 0/32  pfnsum 0xfe1bbd564e92a0a6  [MOVED was 0xe80dbe71ead89056]
PHYS  moved weights  288 of 16384 pages changed physical address
PHYS        weights  DRAM->LtRAM 288   LtRAM->DRAM 0   DRAM->DRAM 0   LtRAM->LtRAM 0   appeared 0   vanished 0
PHYS        weights  page     1627  pfn 0x00012fd7a -> 0x01400067c   phys 0x00012fd7a000 -> 0x01400067c000   DRAM -> LtRAM
PHYS        weights  page     1628  pfn 0x000128e6d -> 0x01400067b   phys 0x000128e6d000 -> 0x01400067b000   DRAM -> LtRAM
PHYS        weights  page     1629  pfn 0x000129982 -> 0x01400067a   phys 0x000129982000 -> 0x01400067a000   DRAM -> LtRAM
PHYS        weights  page     1630  pfn 0x000132934 -> 0x014000679   phys 0x000132934000 -> 0x014000679000   DRAM -> LtRAM
PHYS        weights  page     1631  pfn 0x000130d27 -> 0x014000678   phys 0x000130d27000 -> 0x014000678000   DRAM -> LtRAM
PHYS        weights  page     1632  pfn 0x0007fdf06 -> 0x014000677   phys 0x0007fdf06000 -> 0x014000677000   DRAM -> LtRAM
PHYS        weights  page     1633  pfn 0x0001315cd -> 0x014000676   phys 0x0001315cd000 -> 0x014000676000   DRAM -> LtRAM
PHYS        weights  page     1634  pfn 0x0001324cf -> 0x014000675   phys 0x0001324cf000 -> 0x014000675000   DRAM -> LtRAM
PHYS        weights  ... 280 further move(s) not listed
PHYS run9   input    pages        4  present        4  first pfn 0x000131d7a  phys 0x000131d7a000  LtRAM 0 (0.0%)  pfnsum 0x7e0179ffd6d1bd62  [same]
PHYS run9   result   pages        4  present        4  first pfn 0x000131d7e  phys 0x000131d7e000  LtRAM 0 (0.0%)  pfnsum 0xa0b501ffea7d4b82  [same]
  run 10/15    14.026 s
PHYS run10  weights  pages    16384  present    16384  first pfn 0x01400001e  phys 0x01400001e000  LtRAM 2171 (13.3%)  huge 0/32  pfnsum 0xce3f1c795773e7b6  [MOVED was 0xfe1bbd564e92a0a6]
PHYS  moved weights  256 of 16384 pages changed physical address
PHYS        weights  DRAM->LtRAM 256   LtRAM->DRAM 0   DRAM->DRAM 0   LtRAM->LtRAM 0   appeared 0   vanished 0
PHYS        weights  page     1915  pfn 0x00012d69d -> 0x01400079c   phys 0x00012d69d000 -> 0x01400079c000   DRAM -> LtRAM
PHYS        weights  page     1916  pfn 0x0001321ce -> 0x01400079b   phys 0x0001321ce000 -> 0x01400079b000   DRAM -> LtRAM
PHYS        weights  page     1917  pfn 0x0001321cf -> 0x01400079a   phys 0x0001321cf000 -> 0x01400079a000   DRAM -> LtRAM
PHYS        weights  page     1918  pfn 0x0007fddf0 -> 0x014000799   phys 0x0007fddf0000 -> 0x014000799000   DRAM -> LtRAM
PHYS        weights  page     1919  pfn 0x0007fddf1 -> 0x014000798   phys 0x0007fddf1000 -> 0x014000798000   DRAM -> LtRAM
PHYS        weights  page     1920  pfn 0x00080095c -> 0x014000797   phys 0x00080095c000 -> 0x014000797000   DRAM -> LtRAM
PHYS        weights  page     1921  pfn 0x00080095d -> 0x014000796   phys 0x00080095d000 -> 0x014000796000   DRAM -> LtRAM
PHYS        weights  page     1922  pfn 0x00011b500 -> 0x014000795   phys 0x00011b500000 -> 0x014000795000   DRAM -> LtRAM
PHYS        weights  ... 248 further move(s) not listed
PHYS run10  input    pages        4  present        4  first pfn 0x000131d7a  phys 0x000131d7a000  LtRAM 0 (0.0%)  pfnsum 0x7e0179ffd6d1bd62  [same]
PHYS run10  result   pages        4  present        4  first pfn 0x000131d7e  phys 0x000131d7e000  LtRAM 0 (0.0%)  pfnsum 0xa0b501ffea7d4b82  [same]
  run 11/15    14.817 s
PHYS run11  weights  pages    16384  present    16384  first pfn 0x01400001e  phys 0x01400001e000  LtRAM 2456 (15.0%)  huge 0/32  pfnsum 0xfaa8f0cad3a8d008  [MOVED was 0xce3f1c795773e7b6]
PHYS  moved weights  285 of 16384 pages changed physical address
PHYS        weights  DRAM->LtRAM 285   LtRAM->DRAM 0   DRAM->DRAM 0   LtRAM->LtRAM 0   appeared 0   vanished 0
PHYS        weights  page     2171  pfn 0x000125ed5 -> 0x01400089c   phys 0x000125ed5000 -> 0x01400089c000   DRAM -> LtRAM
PHYS        weights  page     2172  pfn 0x000125ed6 -> 0x01400089b   phys 0x000125ed6000 -> 0x01400089b000   DRAM -> LtRAM
PHYS        weights  page     2173  pfn 0x000125ed7 -> 0x01400089a   phys 0x000125ed7000 -> 0x01400089a000   DRAM -> LtRAM
PHYS        weights  page     2174  pfn 0x000125edc -> 0x014000899   phys 0x000125edc000 -> 0x014000899000   DRAM -> LtRAM
PHYS        weights  page     2175  pfn 0x000125edd -> 0x014000898   phys 0x000125edd000 -> 0x014000898000   DRAM -> LtRAM
PHYS        weights  page     2176  pfn 0x000125ede -> 0x014000897   phys 0x000125ede000 -> 0x014000897000   DRAM -> LtRAM
PHYS        weights  page     2177  pfn 0x000125edf -> 0x014000896   phys 0x000125edf000 -> 0x014000896000   DRAM -> LtRAM
PHYS        weights  page     2178  pfn 0x0001340a0 -> 0x014000895   phys 0x0001340a0000 -> 0x014000895000   DRAM -> LtRAM
PHYS        weights  ... 277 further move(s) not listed
PHYS run11  input    pages        4  present        4  first pfn 0x000131d7a  phys 0x000131d7a000  LtRAM 0 (0.0%)  pfnsum 0x7e0179ffd6d1bd62  [same]
PHYS run11  result   pages        4  present        4  first pfn 0x000131d7e  phys 0x000131d7e000  LtRAM 0 (0.0%)  pfnsum 0xa0b501ffea7d4b82  [same]
FATAL: digest changed between runs
  run1 8873ba56c40ff27a3bc077dd36c2fce7aedb72c7c06a30ec15cd22488dc23302
  run12 8d57ab9cafc64a8109040cb6f50f3a87fc127177ea5fd0da67c5516acb24eba5
