matmul  N=4096  iters=60  runs=3  seed=20260818
  weights      64.0 MiB  mprotect PROT_READ ok
  result       16.0 KiB
RANGES pid=2080
RANGE weights 0xe1e13b200000 0xe1e13f200000 67108864
RANGE result  0xe1e13f656000 0xe1e13f65a000 16384
PHYS window  ltram pfn 0x14000000 .. 0x14010000  (65536 pages, 256 MiB)
PHYS start  weights  pages    16384  present    16384  first pfn 0x000127dc1  phys 0x000127dc1000  LtRAM 0 (0.0%)  huge 0/32  pfnsum 0xd1cc09da31a704c2  [base]
PHYS start  input    pages        4  present        4  first pfn 0x00013342c  phys 0x00013342c000  LtRAM 0 (0.0%)  pfnsum 0x61a29e6f71b1a1f2  [base]
PHYS start  result   pages        4  present        4  first pfn 0x000133430  phys 0x000133430000  LtRAM 0 (0.0%)  pfnsum 0x8456266f855d3012  [base]
  run  1/3     6.431 s
PHYS run1   weights  pages    16384  present    16384  first pfn 0x000127dc1  phys 0x000127dc1000  LtRAM 0 (0.0%)  huge 0/32  pfnsum 0xd1cc09da31a704c2  [same]
PHYS run1   input    pages        4  present        4  first pfn 0x00013342c  phys 0x00013342c000  LtRAM 0 (0.0%)  pfnsum 0x61a29e6f71b1a1f2  [same]
PHYS run1   result   pages        4  present        4  first pfn 0x000133430  phys 0x000133430000  LtRAM 0 (0.0%)  pfnsum 0x8456266f855d3012  [same]
  run  2/3     6.432 s
PHYS run2   weights  pages    16384  present    16384  first pfn 0x000127dc1  phys 0x000127dc1000  LtRAM 0 (0.0%)  huge 0/32  pfnsum 0xd1cc09da31a704c2  [same]
PHYS run2   input    pages        4  present        4  first pfn 0x00013342c  phys 0x00013342c000  LtRAM 0 (0.0%)  pfnsum 0x61a29e6f71b1a1f2  [same]
PHYS run2   result   pages        4  present        4  first pfn 0x000133430  phys 0x000133430000  LtRAM 0 (0.0%)  pfnsum 0x8456266f855d3012  [same]
  run  3/3     6.432 s
PHYS run3   weights  pages    16384  present    16384  first pfn 0x000127dc1  phys 0x000127dc1000  LtRAM 0 (0.0%)  huge 0/32  pfnsum 0xd1cc09da31a704c2  [same]
PHYS run3   input    pages        4  present        4  first pfn 0x00013342c  phys 0x00013342c000  LtRAM 0 (0.0%)  pfnsum 0x61a29e6f71b1a1f2  [same]
PHYS run3   result   pages        4  present        4  first pfn 0x000133430  phys 0x000133430000  LtRAM 0 (0.0%)  pfnsum 0x8456266f855d3012  [same]
RESULT mean 6.432 s   sd 0.001 s   (0.01%)
DIGEST 8873ba56c40ff27a3bc077dd36c2fce7aedb72c7c06a30ec15cd22488dc23302
PHYS end    weights  pages    16384  present    16384  first pfn 0x000127dc1  phys 0x000127dc1000  LtRAM 0 (0.0%)  huge 0/32  pfnsum 0xd1cc09da31a704c2  [same]
PHYS end    input    pages        4  present        4  first pfn 0x00013342c  phys 0x00013342c000  LtRAM 0 (0.0%)  pfnsum 0x61a29e6f71b1a1f2  [same]
PHYS end    result   pages        4  present        4  first pfn 0x000133430  phys 0x000133430000  LtRAM 0 (0.0%)  pfnsum 0x8456266f855d3012  [same]
PHYS verdict weights  pfnsum constant across 5 reports -- no page of this region moved
PHYS verdict input    pfnsum constant across 5 reports -- no page of this region moved
PHYS verdict result   pfnsum constant across 5 reports -- no page of this region moved
PHYS overhead 0.655 s over 5 reports -- EXCLUDED from every run time and from RESULT
GATE PASS: variance <= 2% -- usable as a control
