matmul  N=4096  iters=60  runs=15  seed=20260818
  weights      64.0 MiB  mprotect PROT_READ ok
  result       16.0 KiB
RANGES pid=2125
RANGE weights 0xe36314000000 0xe36318000000 67108864
RANGE result  0xe36318453000 0xe36318457000 16384
PHYS window  ltram pfn 0x14000000 .. 0x14010000  (65536 pages, 256 MiB)
PHYS start  weights  pages    16384  present    16384  first pfn 0x00013032d  phys 0x00013032d000  LtRAM 0 (0.0%)  huge 0/32  pfnsum 0xe1f949bcbd02411f  [base]
PHYS start  input    pages        4  present        4  first pfn 0x00013bbc6  phys 0x00013bbc6000  LtRAM 0 (0.0%)  pfnsum 0xc4d0950a44fb39c2  [base]
PHYS start  result   pages        4  present        4  first pfn 0x00013bbca  phys 0x00013bbca000  LtRAM 0 (0.0%)  pfnsum 0xe7841d0a58a6c7e2  [base]
  run  1/15    29.333 s
PHYS run1   weights  pages    16384  present    16131  first pfn 0x0140002ff  phys 0x0140002ff000  LtRAM 1018 (6.2%)  huge 0/32  pfnsum 0xcd3e3cffe34f8c6e  [MOVED was 0xe1f949bcbd02411f]
PHYS  moved weights  1271 of 16384 pages changed physical address
PHYS        weights  DRAM->LtRAM 1018   LtRAM->DRAM 0   DRAM->DRAM 0   LtRAM->LtRAM 0   appeared 0   vanished 253
PHYS        weights  page        0  pfn 0x00013032d -> 0x0140002ff   phys 0x00013032d000 -> 0x0140002ff000   DRAM -> LtRAM
PHYS        weights  page        1  pfn 0x001f0ddb1 -> 0x0140000fa   phys 0x001f0ddb1000 -> 0x0140000fa000   DRAM -> LtRAM
PHYS        weights  page        2  pfn 0x00013b8c1 -> 0x0140000f9   phys 0x00013b8c1000 -> 0x0140000f9000   DRAM -> LtRAM
PHYS        weights  page        3  pfn 0x0007fef46 -> 0x0140000f8   phys 0x0007fef46000 -> 0x0140000f8000   DRAM -> LtRAM
PHYS        weights  page        4  pfn 0x000119c53 -> 0x0140002fe   phys 0x000119c53000 -> 0x0140002fe000   DRAM -> LtRAM
PHYS        weights  page        5  pfn 0x000131c7a -> 0x0140000f7   phys 0x000131c7a000 -> 0x0140000f7000   DRAM -> LtRAM
PHYS        weights  page        6  pfn 0x00012660e -> 0x0140000f6   phys 0x00012660e000 -> 0x0140000f6000   DRAM -> LtRAM
PHYS        weights  page        7  pfn 0x000123af0 -> 0x0140002fd   phys 0x000123af0000 -> 0x0140002fd000   DRAM -> LtRAM
PHYS        weights  ... 1263 further move(s) not listed
PHYS run1   input    pages        4  present        4  first pfn 0x00013bbc6  phys 0x00013bbc6000  LtRAM 0 (0.0%)  pfnsum 0xc4d0950a44fb39c2  [same]
PHYS run1   result   pages        4  present        4  first pfn 0x00013bbca  phys 0x00013bbca000  LtRAM 0 (0.0%)  pfnsum 0xe7841d0a58a6c7e2  [same]
  run  2/15    54.394 s
PHYS run2   weights  pages    16384  present    16129  first pfn 0x0140002ff  phys 0x0140002ff000  LtRAM 3320 (20.3%)  huge 0/32  pfnsum 0xc409554c9dff4169  [MOVED was 0xcd3e3cffe34f8c6e]
PHYS  moved weights  2557 of 16384 pages changed physical address
PHYS        weights  DRAM->LtRAM 2049   LtRAM->DRAM 0   DRAM->DRAM 0   LtRAM->LtRAM 0   appeared 253   vanished 255
PHYS        weights  page      618  pfn 0x000000000 -> 0x0140004ff   phys 0x000000000000 -> 0x0140004ff000   absent -> LtRAM
PHYS        weights  page      620  pfn 0x000000000 -> 0x0140004fe   phys 0x000000000000 -> 0x0140004fe000   absent -> LtRAM
PHYS        weights  page      621  pfn 0x000000000 -> 0x0140004fd   phys 0x000000000000 -> 0x0140004fd000   absent -> LtRAM
PHYS        weights  page      622  pfn 0x000000000 -> 0x0140004fc   phys 0x000000000000 -> 0x0140004fc000   absent -> LtRAM
PHYS        weights  page      624  pfn 0x000000000 -> 0x0140004fb   phys 0x000000000000 -> 0x0140004fb000   absent -> LtRAM
PHYS        weights  page      625  pfn 0x000000000 -> 0x0140004fa   phys 0x000000000000 -> 0x0140004fa000   absent -> LtRAM
PHYS        weights  page      630  pfn 0x000000000 -> 0x0140004f9   phys 0x000000000000 -> 0x0140004f9000   absent -> LtRAM
PHYS        weights  page      632  pfn 0x000000000 -> 0x0140004f8   phys 0x000000000000 -> 0x0140004f8000   absent -> LtRAM
PHYS        weights  ... 2549 further move(s) not listed
PHYS run2   input    pages        4  present        4  first pfn 0x00013bbc6  phys 0x00013bbc6000  LtRAM 0 (0.0%)  pfnsum 0xc4d0950a44fb39c2  [same]
PHYS run2   result   pages        4  present        4  first pfn 0x00013bbca  phys 0x00013bbca000  LtRAM 0 (0.0%)  pfnsum 0xe7841d0a58a6c7e2  [same]
  run  3/15    76.803 s
PHYS run3   weights  pages    16384  present    16384  first pfn 0x0140002ff  phys 0x0140002ff000  LtRAM 6644 (40.6%)  huge 0/32  pfnsum 0x4603a4599f80621a  [MOVED was 0xc409554c9dff4169]
PHYS  moved weights  3324 of 16384 pages changed physical address
PHYS        weights  DRAM->LtRAM 3069   LtRAM->DRAM 0   DRAM->DRAM 0   LtRAM->LtRAM 0   appeared 255   vanished 0
PHYS        weights  page     3010  pfn 0x000000000 -> 0x014000dfc   phys 0x000000000000 -> 0x014000dfc000   absent -> LtRAM
PHYS        weights  page     3011  pfn 0x000000000 -> 0x014000dfb   phys 0x000000000000 -> 0x014000dfb000   absent -> LtRAM
PHYS        weights  page     3012  pfn 0x000000000 -> 0x014000dfa   phys 0x000000000000 -> 0x014000dfa000   absent -> LtRAM
PHYS        weights  page     3013  pfn 0x000000000 -> 0x014000df9   phys 0x000000000000 -> 0x014000df9000   absent -> LtRAM
PHYS        weights  page     3014  pfn 0x000000000 -> 0x014000df8   phys 0x000000000000 -> 0x014000df8000   absent -> LtRAM
PHYS        weights  page     3015  pfn 0x000000000 -> 0x014000df7   phys 0x000000000000 -> 0x014000df7000   absent -> LtRAM
PHYS        weights  page     3016  pfn 0x000000000 -> 0x014000df6   phys 0x000000000000 -> 0x014000df6000   absent -> LtRAM
PHYS        weights  page     3017  pfn 0x000000000 -> 0x014000df5   phys 0x000000000000 -> 0x014000df5000   absent -> LtRAM
PHYS        weights  ... 3316 further move(s) not listed
PHYS run3   input    pages        4  present        4  first pfn 0x00013bbc6  phys 0x00013bbc6000  LtRAM 0 (0.0%)  pfnsum 0xc4d0950a44fb39c2  [same]
PHYS run3   result   pages        4  present        4  first pfn 0x00013bbca  phys 0x00013bbca000  LtRAM 0 (0.0%)  pfnsum 0xe7841d0a58a6c7e2  [same]
  run  4/15    96.499 s
PHYS run4   weights  pages    16384  present    16384  first pfn 0x0140002ff  phys 0x0140002ff000  LtRAM 10737 (65.5%)  huge 0/32  pfnsum 0x1a1a5e163dc50c12  [MOVED was 0x4603a4599f80621a]
PHYS  moved weights  4093 of 16384 pages changed physical address
PHYS        weights  DRAM->LtRAM 4093   LtRAM->DRAM 0   DRAM->DRAM 0   LtRAM->LtRAM 0   appeared 0   vanished 0
PHYS        weights  page     6644  pfn 0x00012b762 -> 0x014001af9   phys 0x00012b762000 -> 0x014001af9000   DRAM -> LtRAM
PHYS        weights  page     6645  pfn 0x00012b763 -> 0x014001af8   phys 0x00012b763000 -> 0x014001af8000   DRAM -> LtRAM
PHYS        weights  page     6646  pfn 0x00012b764 -> 0x014001af7   phys 0x00012b764000 -> 0x014001af7000   DRAM -> LtRAM
PHYS        weights  page     6647  pfn 0x00012b765 -> 0x014001af6   phys 0x00012b765000 -> 0x014001af6000   DRAM -> LtRAM
PHYS        weights  page     6648  pfn 0x00012b766 -> 0x014001af5   phys 0x00012b766000 -> 0x014001af5000   DRAM -> LtRAM
PHYS        weights  page     6649  pfn 0x00012b767 -> 0x014001af4   phys 0x00012b767000 -> 0x014001af4000   DRAM -> LtRAM
PHYS        weights  page     6650  pfn 0x00012b768 -> 0x014001af3   phys 0x00012b768000 -> 0x014001af3000   DRAM -> LtRAM
PHYS        weights  page     6651  pfn 0x00012b769 -> 0x014001af2   phys 0x00012b769000 -> 0x014001af2000   DRAM -> LtRAM
PHYS        weights  ... 4085 further move(s) not listed
PHYS run4   input    pages        4  present        4  first pfn 0x00013bbc6  phys 0x00013bbc6000  LtRAM 0 (0.0%)  pfnsum 0xc4d0950a44fb39c2  [same]
PHYS run4   result   pages        4  present        4  first pfn 0x00013bbca  phys 0x00013bbca000  LtRAM 0 (0.0%)  pfnsum 0xe7841d0a58a6c7e2  [same]
  run  5/15   130.782 s
PHYS run5   weights  pages    16384  present    16384  first pfn 0x0140002ff  phys 0x0140002ff000  LtRAM 16369 (99.9%)  huge 0/32  pfnsum 0x65ffdcbbf5bd0852  [MOVED was 0x1a1a5e163dc50c12]
PHYS  moved weights  5632 of 16384 pages changed physical address
PHYS        weights  DRAM->LtRAM 5632   LtRAM->DRAM 0   DRAM->DRAM 0   LtRAM->LtRAM 0   appeared 0   vanished 0
PHYS        weights  page    10737  pfn 0x00013af5f -> 0x014002af6   phys 0x00013af5f000 -> 0x014002af6000   DRAM -> LtRAM
PHYS        weights  page    10738  pfn 0x00013af60 -> 0x014002af5   phys 0x00013af60000 -> 0x014002af5000   DRAM -> LtRAM
PHYS        weights  page    10739  pfn 0x00013af61 -> 0x014002af4   phys 0x00013af61000 -> 0x014002af4000   DRAM -> LtRAM
PHYS        weights  page    10740  pfn 0x00013af62 -> 0x014002af3   phys 0x00013af62000 -> 0x014002af3000   DRAM -> LtRAM
PHYS        weights  page    10741  pfn 0x00013af63 -> 0x014002af2   phys 0x00013af63000 -> 0x014002af2000   DRAM -> LtRAM
PHYS        weights  page    10742  pfn 0x00013af64 -> 0x014002af1   phys 0x00013af64000 -> 0x014002af1000   DRAM -> LtRAM
PHYS        weights  page    10743  pfn 0x00013af65 -> 0x014002af0   phys 0x00013af65000 -> 0x014002af0000   DRAM -> LtRAM
PHYS        weights  page    10744  pfn 0x00013af66 -> 0x014002aef   phys 0x00013af66000 -> 0x014002aef000   DRAM -> LtRAM
PHYS        weights  ... 5624 further move(s) not listed
PHYS run5   input    pages        4  present        4  first pfn 0x00013bbc6  phys 0x00013bbc6000  LtRAM 0 (0.0%)  pfnsum 0xc4d0950a44fb39c2  [same]
PHYS run5   result   pages        4  present        4  first pfn 0x00013bbca  phys 0x00013bbca000  LtRAM 0 (0.0%)  pfnsum 0xe7841d0a58a6c7e2  [same]
  run  6/15    39.735 s
PHYS run6   weights  pages    16384  present    16384  first pfn 0x0140002ff  phys 0x0140002ff000  LtRAM 16384 (100.0%)  huge 0/32  pfnsum 0xb23eede94f319fe7  [MOVED was 0x65ffdcbbf5bd0852]
PHYS  moved weights  15 of 16384 pages changed physical address
PHYS        weights  DRAM->LtRAM 15   LtRAM->DRAM 0   DRAM->DRAM 0   LtRAM->LtRAM 0   appeared 0   vanished 0
PHYS        weights  page    16369  pfn 0x00013bbb7 -> 0x0140040f6   phys 0x00013bbb7000 -> 0x0140040f6000   DRAM -> LtRAM
PHYS        weights  page    16370  pfn 0x00013bbb8 -> 0x0140040f5   phys 0x00013bbb8000 -> 0x0140040f5000   DRAM -> LtRAM
PHYS        weights  page    16371  pfn 0x00013bbb9 -> 0x0140040f4   phys 0x00013bbb9000 -> 0x0140040f4000   DRAM -> LtRAM
PHYS        weights  page    16372  pfn 0x00013bbba -> 0x0140040f3   phys 0x00013bbba000 -> 0x0140040f3000   DRAM -> LtRAM
PHYS        weights  page    16373  pfn 0x00013bbbb -> 0x0140040f2   phys 0x00013bbbb000 -> 0x0140040f2000   DRAM -> LtRAM
PHYS        weights  page    16374  pfn 0x00013bbbc -> 0x0140040f1   phys 0x00013bbbc000 -> 0x0140040f1000   DRAM -> LtRAM
PHYS        weights  page    16375  pfn 0x00013bbbd -> 0x0140040f0   phys 0x00013bbbd000 -> 0x0140040f0000   DRAM -> LtRAM
PHYS        weights  page    16376  pfn 0x00013bbbe -> 0x0140040ef   phys 0x00013bbbe000 -> 0x0140040ef000   DRAM -> LtRAM
PHYS        weights  ... 7 further move(s) not listed
PHYS run6   input    pages        4  present        4  first pfn 0x0140041cf  phys 0x0140041cf000  LtRAM 4 (100.0%)  pfnsum 0xe98bb10a3db09c66  [MOVED was 0xc4d0950a44fb39c2]
PHYS  moved input    4 of 4 pages changed physical address
PHYS        input    DRAM->LtRAM 4   LtRAM->DRAM 0   DRAM->DRAM 0   LtRAM->LtRAM 0   appeared 0   vanished 0
PHYS        input    page        0  pfn 0x00013bbc6 -> 0x0140041cf   phys 0x00013bbc6000 -> 0x0140041cf000   DRAM -> LtRAM
PHYS        input    page        1  pfn 0x00013bbc7 -> 0x0140041ce   phys 0x00013bbc7000 -> 0x0140041ce000   DRAM -> LtRAM
PHYS        input    page        2  pfn 0x00013bbc8 -> 0x0140041cd   phys 0x00013bbc8000 -> 0x0140041cd000   DRAM -> LtRAM
PHYS        input    page        3  pfn 0x00013bbc9 -> 0x0140041cc   phys 0x00013bbc9000 -> 0x0140041cc000   DRAM -> LtRAM
PHYS run6   result   pages        4  present        4  first pfn 0x00013bbca  phys 0x00013bbca000  LtRAM 0 (0.0%)  pfnsum 0xe7841d0a58a6c7e2  [same]
  run  7/15    31.995 s
PHYS run7   weights  pages    16384  present    16384  first pfn 0x0140002ff  phys 0x0140002ff000  LtRAM 16384 (100.0%)  huge 0/32  pfnsum 0xb23eede94f319fe7  [same]
PHYS run7   input    pages        4  present        4  first pfn 0x0140041cf  phys 0x0140041cf000  LtRAM 4 (100.0%)  pfnsum 0xe98bb10a3db09c66  [same]
PHYS run7   result   pages        4  present        4  first pfn 0x00013bbca  phys 0x00013bbca000  LtRAM 0 (0.0%)  pfnsum 0xe7841d0a58a6c7e2  [same]
  run  8/15    31.538 s
PHYS run8   weights  pages    16384  present    16384  first pfn 0x0140002ff  phys 0x0140002ff000  LtRAM 16384 (100.0%)  huge 0/32  pfnsum 0xb23eede94f319fe7  [same]
PHYS run8   input    pages        4  present        4  first pfn 0x0140041cf  phys 0x0140041cf000  LtRAM 4 (100.0%)  pfnsum 0xe98bb10a3db09c66  [same]
PHYS run8   result   pages        4  present        4  first pfn 0x00013bbca  phys 0x00013bbca000  LtRAM 0 (0.0%)  pfnsum 0xe7841d0a58a6c7e2  [same]
  run  9/15    31.286 s
PHYS run9   weights  pages    16384  present    16384  first pfn 0x0140002ff  phys 0x0140002ff000  LtRAM 16384 (100.0%)  huge 0/32  pfnsum 0xb23eede94f319fe7  [same]
PHYS run9   input    pages        4  present        4  first pfn 0x0140041cf  phys 0x0140041cf000  LtRAM 4 (100.0%)  pfnsum 0xe98bb10a3db09c66  [same]
PHYS run9   result   pages        4  present        4  first pfn 0x00013bbca  phys 0x00013bbca000  LtRAM 0 (0.0%)  pfnsum 0xe7841d0a58a6c7e2  [same]
  run 10/15    31.279 s
PHYS run10  weights  pages    16384  present    16384  first pfn 0x0140002ff  phys 0x0140002ff000  LtRAM 16384 (100.0%)  huge 0/32  pfnsum 0xb23eede94f319fe7  [same]
PHYS run10  input    pages        4  present        4  first pfn 0x0140041cf  phys 0x0140041cf000  LtRAM 4 (100.0%)  pfnsum 0xe98bb10a3db09c66  [same]
PHYS run10  result   pages        4  present        4  first pfn 0x00013bbca  phys 0x00013bbca000  LtRAM 0 (0.0%)  pfnsum 0xe7841d0a58a6c7e2  [same]
  run 11/15    31.285 s
PHYS run11  weights  pages    16384  present    16384  first pfn 0x0140002ff  phys 0x0140002ff000  LtRAM 16384 (100.0%)  huge 0/32  pfnsum 0xb23eede94f319fe7  [same]
PHYS run11  input    pages        4  present        4  first pfn 0x0140041cf  phys 0x0140041cf000  LtRAM 4 (100.0%)  pfnsum 0xe98bb10a3db09c66  [same]
PHYS run11  result   pages        4  present        4  first pfn 0x00013bbca  phys 0x00013bbca000  LtRAM 0 (0.0%)  pfnsum 0xe7841d0a58a6c7e2  [same]
  run 12/15    31.326 s
PHYS run12  weights  pages    16384  present    16384  first pfn 0x0140002ff  phys 0x0140002ff000  LtRAM 16384 (100.0%)  huge 0/32  pfnsum 0xb23eede94f319fe7  [same]
PHYS run12  input    pages        4  present        4  first pfn 0x0140041cf  phys 0x0140041cf000  LtRAM 4 (100.0%)  pfnsum 0xe98bb10a3db09c66  [same]
PHYS run12  result   pages        4  present        4  first pfn 0x00013bbca  phys 0x00013bbca000  LtRAM 0 (0.0%)  pfnsum 0xe7841d0a58a6c7e2  [same]
  run 13/15    31.345 s
PHYS run13  weights  pages    16384  present    16384  first pfn 0x0140002ff  phys 0x0140002ff000  LtRAM 16384 (100.0%)  huge 0/32  pfnsum 0xb23eede94f319fe7  [same]
PHYS run13  input    pages        4  present        4  first pfn 0x0140041cf  phys 0x0140041cf000  LtRAM 4 (100.0%)  pfnsum 0xe98bb10a3db09c66  [same]
PHYS run13  result   pages        4  present        4  first pfn 0x00013bbca  phys 0x00013bbca000  LtRAM 0 (0.0%)  pfnsum 0xe7841d0a58a6c7e2  [same]
  run 14/15    31.288 s
PHYS run14  weights  pages    16384  present    16384  first pfn 0x0140002ff  phys 0x0140002ff000  LtRAM 16384 (100.0%)  huge 0/32  pfnsum 0xb23eede94f319fe7  [same]
PHYS run14  input    pages        4  present        4  first pfn 0x0140041cf  phys 0x0140041cf000  LtRAM 4 (100.0%)  pfnsum 0xe98bb10a3db09c66  [same]
PHYS run14  result   pages        4  present        4  first pfn 0x00013bbca  phys 0x00013bbca000  LtRAM 0 (0.0%)  pfnsum 0xe7841d0a58a6c7e2  [same]
  run 15/15    31.283 s
PHYS run15  weights  pages    16384  present    16384  first pfn 0x0140002ff  phys 0x0140002ff000  LtRAM 16384 (100.0%)  huge 0/32  pfnsum 0xb23eede94f319fe7  [same]
PHYS run15  input    pages        4  present        4  first pfn 0x0140041cf  phys 0x0140041cf000  LtRAM 4 (100.0%)  pfnsum 0xe98bb10a3db09c66  [same]
PHYS run15  result   pages        4  present        4  first pfn 0x00013bbca  phys 0x00013bbca000  LtRAM 0 (0.0%)  pfnsum 0xe7841d0a58a6c7e2  [same]
RESULT mean 47.345 s   sd 30.432 s   (64.28%)
DIGEST 8873ba56c40ff27a3bc077dd36c2fce7aedb72c7c06a30ec15cd22488dc23302
PHYS end    weights  pages    16384  present    16384  first pfn 0x0140002ff  phys 0x0140002ff000  LtRAM 16384 (100.0%)  huge 0/32  pfnsum 0xb23eede94f319fe7  [same]
PHYS end    input    pages        4  present        4  first pfn 0x0140041cf  phys 0x0140041cf000  LtRAM 4 (100.0%)  pfnsum 0xe98bb10a3db09c66  [same]
PHYS end    result   pages        4  present        4  first pfn 0x00013bbca  phys 0x00013bbca000  LtRAM 0 (0.0%)  pfnsum 0xe7841d0a58a6c7e2  [same]
PHYS verdict weights  pfnsum changed at 6 of 17 reports (first 2, last 7) -- cumulative DRAM->LtRAM 15876, LtRAM->DRAM 0
PHYS verdict input    pfnsum changed at 1 of 17 reports (first 7, last 7) -- cumulative DRAM->LtRAM 4, LtRAM->DRAM 0
PHYS verdict result   pfnsum constant across 17 reports -- no page of this region moved
PHYS overhead 2.249 s over 17 reports -- EXCLUDED from every run time and from RESULT
GATE FAIL: variance > 2% -- too noisy to validate a later regression
holding 150 s (pid 2125) for targeting
